Archive member included to satisfy reference by file (symbol)

c:/st/stm32cubeide_1.12.0/stm32cubeide/plugins/com.st.stm32cube.ide.mcu.externaltools.gnu-tools-for-stm32.10.3-2021.10.win32_1.0.200.202301161003/tools/bin/../lib/gcc/arm-none-eabi/10.3.1/../../../../arm-none-eabi/lib/thumb/v7e-m+dp/hard\libc_nano.a(lib_a-errno.o)
                              ./Core/Src/syscalls.o (__errno)
c:/st/stm32cubeide_1.12.0/stm32cubeide/plugins/com.st.stm32cube.ide.mcu.externaltools.gnu-tools-for-stm32.10.3-2021.10.win32_1.0.200.202301161003/tools/bin/../lib/gcc/arm-none-eabi/10.3.1/../../../../arm-none-eabi/lib/thumb/v7e-m+dp/hard\libc_nano.a(lib_a-exit.o)
                              c:/st/stm32cubeide_1.12.0/stm32cubeide/plugins/com.st.stm32cube.ide.mcu.externaltools.gnu-tools-for-stm32.10.3-2021.10.win32_1.0.200.202301161003/tools/bin/../lib/gcc/arm-none-eabi/10.3.1/../../../../arm-none-eabi/lib/thumb/v7e-m+dp/hard/crt0.o (exit)
c:/st/stm32cubeide_1.12.0/stm32cubeide/plugins/com.st.stm32cube.ide.mcu.externaltools.gnu-tools-for-stm32.10.3-2021.10.win32_1.0.200.202301161003/tools/bin/../lib/gcc/arm-none-eabi/10.3.1/../../../../arm-none-eabi/lib/thumb/v7e-m+dp/hard\libc_nano.a(lib_a-impure.o)
                              c:/st/stm32cubeide_1.12.0/stm32cubeide/plugins/com.st.stm32cube.ide.mcu.externaltools.gnu-tools-for-stm32.10.3-2021.10.win32_1.0.200.202301161003/tools/bin/../lib/gcc/arm-none-eabi/10.3.1/../../../../arm-none-eabi/lib/thumb/v7e-m+dp/hard\libc_nano.a(lib_a-exit.o) (_global_impure_ptr)
c:/st/stm32cubeide_1.12.0/stm32cubeide/plugins/com.st.stm32cube.ide.mcu.externaltools.gnu-tools-for-stm32.10.3-2021.10.win32_1.0.200.202301161003/tools/bin/../lib/gcc/arm-none-eabi/10.3.1/../../../../arm-none-eabi/lib/thumb/v7e-m+dp/hard\libc_nano.a(lib_a-init.o)
                              c:/st/stm32cubeide_1.12.0/stm32cubeide/plugins/com.st.stm32cube.ide.mcu.externaltools.gnu-tools-for-stm32.10.3-2021.10.win32_1.0.200.202301161003/tools/bin/../lib/gcc/arm-none-eabi/10.3.1/../../../../arm-none-eabi/lib/thumb/v7e-m+dp/hard/crt0.o (__libc_init_array)
c:/st/stm32cubeide_1.12.0/stm32cubeide/plugins/com.st.stm32cube.ide.mcu.externaltools.gnu-tools-for-stm32.10.3-2021.10.win32_1.0.200.202301161003/tools/bin/../lib/gcc/arm-none-eabi/10.3.1/../../../../arm-none-eabi/lib/thumb/v7e-m+dp/hard\libc_nano.a(lib_a-memcpy-stub.o)
                              ./Core/Src/main.o (memcpy)
c:/st/stm32cubeide_1.12.0/stm32cubeide/plugins/com.st.stm32cube.ide.mcu.externaltools.gnu-tools-for-stm32.10.3-2021.10.win32_1.0.200.202301161003/tools/bin/../lib/gcc/arm-none-eabi/10.3.1/../../../../arm-none-eabi/lib/thumb/v7e-m+dp/hard\libc_nano.a(lib_a-memset.o)
                              c:/st/stm32cubeide_1.12.0/stm32cubeide/plugins/com.st.stm32cube.ide.mcu.externaltools.gnu-tools-for-stm32.10.3-2021.10.win32_1.0.200.202301161003/tools/bin/../lib/gcc/arm-none-eabi/10.3.1/../../../../arm-none-eabi/lib/thumb/v7e-m+dp/hard/crt0.o (memset)
c:/st/stm32cubeide_1.12.0/stm32cubeide/plugins/com.st.stm32cube.ide.mcu.externaltools.gnu-tools-for-stm32.10.3-2021.10.win32_1.0.200.202301161003/tools/bin/../lib/gcc/arm-none-eabi/10.3.1/../../../../arm-none-eabi/lib/thumb/v7e-m+dp/hard\libc_nano.a(lib_a-nano-vfprintf_float.o)
                              (_printf_float)
c:/st/stm32cubeide_1.12.0/stm32cubeide/plugins/com.st.stm32cube.ide.mcu.externaltools.gnu-tools-for-stm32.10.3-2021.10.win32_1.0.200.202301161003/tools/bin/../lib/gcc/arm-none-eabi/10.3.1/../../../../arm-none-eabi/lib/thumb/v7e-m+dp/hard\libc_nano.a(lib_a-nano-vfprintf_i.o)
                              c:/st/stm32cubeide_1.12.0/stm32cubeide/plugins/com.st.stm32cube.ide.mcu.externaltools.gnu-tools-for-stm32.10.3-2021.10.win32_1.0.200.202301161003/tools/bin/../lib/gcc/arm-none-eabi/10.3.1/../../../../arm-none-eabi/lib/thumb/v7e-m+dp/hard\libc_nano.a(lib_a-nano-vfprintf_float.o) (_printf_common)
c:/st/stm32cubeide_1.12.0/stm32cubeide/plugins/com.st.stm32cube.ide.mcu.externaltools.gnu-tools-for-stm32.10.3-2021.10.win32_1.0.200.202301161003/tools/bin/../lib/gcc/arm-none-eabi/10.3.1/../../../../arm-none-eabi/lib/thumb/v7e-m+dp/hard\libc_nano.a(lib_a-printf.o)
                              ./Core/Src/main.o (printf)
c:/st/stm32cubeide_1.12.0/stm32cubeide/plugins/com.st.stm32cube.ide.mcu.externaltools.gnu-tools-for-stm32.10.3-2021.10.win32_1.0.200.202301161003/tools/bin/../lib/gcc/arm-none-eabi/10.3.1/../../../../arm-none-eabi/lib/thumb/v7e-m+dp/hard\libc_nano.a(lib_a-puts.o)
                              ./Core/Src/main.o (puts)
c:/st/stm32cubeide_1.12.0/stm32cubeide/plugins/com.st.stm32cube.ide.mcu.externaltools.gnu-tools-for-stm32.10.3-2021.10.win32_1.0.200.202301161003/tools/bin/../lib/gcc/arm-none-eabi/10.3.1/../../../../arm-none-eabi/lib/thumb/v7e-m+dp/hard\libc_nano.a(lib_a-strlen.o)
[...]
Memory Configuration

Name             Origin             Length             Attributes
BANK1_FLASH      0x0000000008000000 0x0000000000100000 xr
BANK2_FLASH      0x0000000008100000 0x0000000000100000 xr
DTCMRAM          0x0000000020000000 0x0000000000020000 xrw
RAM_D1           0x0000000024000000 0x0000000000080000 xrw
RAM_D2           0x0000000030000000 0x0000000000048000 xrw
RAM_D3           0x0000000038000000 0x0000000000010000 xrw
ITCMRAM          0x0000000000000000 0x0000000000010000 xrw
*default*        0x0000000000000000 0xffffffffffffffff

Linker script and memory map

LOAD c:/st/stm32cubeide_1.12.0/stm32cubeide/plugins/com.st.stm32cube.ide.mcu.externaltools.gnu-tools-for-stm32.10.3-2021.10.win32_1.0.200.202301161003/tools/bin/../lib/gcc/arm-none-eabi/10.3.1/thumb/v7e-m+dp/hard/crti.o
LOAD c:/st/stm32cubeide_1.12.0/stm32cubeide/plugins/com.st.stm32cube.ide.mcu.externaltools.gnu-tools-for-stm32.10.3-2021.10.win32_1.0.200.202301161003/tools/bin/../lib/gcc/arm-none-eabi/10.3.1/thumb/v7e-m+dp/hard/crtbegin.o
LOAD c:/st/stm32cubeide_1.12.0/stm32cubeide/plugins/com.st.stm32cube.ide.mcu.externaltools.gnu-tools-for-stm32.10.3-2021.10.win32_1.0.200.202301161003/tools/bin/../lib/gcc/arm-none-eabi/10.3.1/../../../../arm-none-eabi/lib/thumb/v7e-m+dp/hard/crt0.o
LOAD ./Core/Src/adc.o
LOAD ./Core/Src/main.o
LOAD ./Core/Src/mw_gen.o
LOAD ./Core/Src/stm32h7xx_hal_msp.o
LOAD ./Core/Src/stm32h7xx_it.o
LOAD ./Core/Src/syscalls.o
LOAD ./Core/Src/sysmem.o
LOAD ./Core/Src/system_stm32h7xx.o
LOAD ./Core/Startup/startup_stm32h743zitx.o
LOAD ./Drivers/STM32H7xx_HAL_Driver/Src/stm32h7xx_hal.o
LOAD ./Drivers/STM32H7xx_HAL_Driver/Src/stm32h7xx_hal_adc.o
LOAD ./Drivers/STM32H7xx_HAL_Driver/Src/stm32h7xx_hal_adc_ex.o
LOAD ./Drivers/STM32H7xx_HAL_Driver/Src/stm32h7xx_hal_cortex.o
LOAD ./Drivers/STM32H7xx_HAL_Driver/Src/stm32h7xx_hal_dac.o
LOAD ./Drivers/STM32H7xx_HAL_Driver/Src/stm32h7xx_hal_dac_ex.o
LOAD ./Drivers/STM32H7xx_HAL_Driver/Src/stm32h7xx_hal_dma.o
LOAD ./Drivers/STM32H7xx_HAL_Driver/Src/stm32h7xx_hal_dma_ex.o
LOAD ./Drivers/STM32H7xx_HAL_Driver/Src/stm32h7xx_hal_exti.o
LOAD ./Drivers/STM32H7xx_HAL_Driver/Src/stm32h7xx_hal_flash.o
LOAD ./Drivers/STM32H7xx_HAL_Driver/Src/stm32h7xx_hal_flash_ex.o
LOAD ./Drivers/STM32H7xx_HAL_Driver/Src/stm32h7xx_hal_gpio.o
LOAD ./Drivers/STM32H7xx_HAL_Driver/Src/stm32h7xx_hal_hrtim.o
LOAD ./Drivers/STM32H7xx_HAL_Driver/Src/stm32h7xx_hal_hsem.o
LOAD ./Drivers/STM32H7xx_HAL_Driver/Src/stm32h7xx_hal_i2c.o
LOAD ./Drivers/STM32H7xx_HAL_Driver/Src/stm32h7xx_hal_i2c_ex.o
LOAD ./Drivers/STM32H7xx_HAL_Driver/Src/stm32h7xx_hal_lptim.o
LOAD ./Drivers/STM32H7xx_HAL_Driver/Src/stm32h7xx_hal_mdma.o
LOAD ./Drivers/STM32H7xx_HAL_Driver/Src/stm32h7xx_hal_pwr.o
LOAD ./Drivers/STM32H7xx_HAL_Driver/Src/stm32h7xx_hal_pwr_ex.o
LOAD ./Drivers/STM32H7xx_HAL_Driver/Src/stm32h7xx_hal_rcc.o
LOAD ./Drivers/STM32H7xx_HAL_Driver/Src/stm32h7xx_hal_rcc_ex.o
LOAD ./Drivers/STM32H7xx_HAL_Driver/Src/stm32h7xx_hal_tim.o
LOAD ./Drivers/STM32H7xx_HAL_Driver/Src/stm32h7xx_hal_tim_ex.o
LOAD ./Drivers/STM32H7xx_HAL_Driver/Src/stm32h7xx_hal_uart.o
LOAD ./Drivers/STM32H7xx_HAL_Driver/Src/stm32h7xx_hal_uart_ex.o
START GROUP
LOAD c:/st/stm32cubeide_1.12.0/stm32cubeide/plugins/com.st.stm32cube.ide.mcu.externaltools.gnu-tools-for-stm32.10.3-2021.10.win32_1.0.200.202301161003/tools/bin/../lib/gcc/arm-none-eabi/10.3.1/../../../../arm-none-eabi/lib/thumb/v7e-m+dp/hard\libc_nano.a
LOAD c:/st/stm32cubeide_1.12.0/stm32cubeide/plugins/com.st.stm32cube.ide.mcu.externaltools.gnu-tools-for-stm32.10.3-2021.10.win32_1.0.200.202301161003/tools/bin/../lib/gcc/arm-none-eabi/10.3.1/../../../../arm-none-eabi/lib/thumb/v7e-m+dp/hard\libm.a
END GROUP
START GROUP
LOAD c:/st/stm32cubeide_1.12.0/stm32cubeide/plugins/com.st.stm32cube.ide.mcu.externaltools.gnu-tools-for-stm32.10.3-2021.10.win32_1.0.200.202301161003/tools/bin/../lib/gcc/arm-none-eabi/10.3.1/thumb/v7e-m+dp/hard\libgcc.a
LOAD c:/st/stm32cubeide_1.12.0/stm32cubeide/plugins/com.st.stm32cube.ide.mcu.externaltools.gnu-tools-for-stm32.10.3-2021.10.win32_1.0.200.202301161003/tools/bin/../lib/gcc/arm-none-eabi/10.3.1/../../../../arm-none-eabi/lib/thumb/v7e-m+dp/hard\libc_nano.a
END GROUP
START GROUP
LOAD c:/st/stm32cubeide_1.12.0/stm32cubeide/plugins/com.st.stm32cube.ide.mcu.externaltools.gnu-tools-for-stm32.10.3-2021.10.win32_1.0.200.202301161003/tools/bin/../lib/gcc/arm-none-eabi/10.3.1/thumb/v7e-m+dp/hard\libgcc.a
LOAD c:/st/stm32cubeide_1.12.0/stm32cubeide/plugins/com.st.stm32cube.ide.mcu.externaltools.gnu-tools-for-stm32.10.3-2021.10.win32_1.0.200.202301161003/tools/bin/../lib/gcc/arm-none-eabi/10.3.1/../../../../arm-none-eabi/lib/thumb/v7e-m+dp/hard\libc_nano.a
LOAD c:/st/stm32cubeide_1.12.0/stm32cubeide/plugins/com.st.stm32cube.ide.mcu.externaltools.gnu-tools-for-stm32.10.3-2021.10.win32_1.0.200.202301161003/tools/bin/../lib/gcc/arm-none-eabi/10.3.1/../../../../arm-none-eabi/lib/thumb/v7e-m+dp/hard\libnosys.a
END GROUP
START GROUP
LOAD c:/st/stm32cubeide_1.12.0/stm32cubeide/plugins/com.st.stm32cube.ide.mcu.externaltools.gnu-tools-for-stm32.10.3-2021.10.win32_1.0.200.202301161003/tools/bin/../lib/gcc/arm-none-eabi/10.3.1/thumb/v7e-m+dp/hard\libgcc.a
LOAD c:/st/stm32cubeide_1.12.0/stm32cubeide/plugins/com.st.stm32cube.ide.mcu.externaltools.gnu-tools-for-stm32.10.3-2021.10.win32_1.0.200.202301161003/tools/bin/../lib/gcc/arm-none-eabi/10.3.1/../../../../arm-none-eabi/lib/thumb/v7e-m+dp/hard\libc_nano.a
LOAD c:/st/stm32cubeide_1.12.0/stm32cubeide/plugins/com.st.stm32cube.ide.mcu.externaltools.gnu-tools-for-stm32.10.3-2021.10.win32_1.0.200.202301161003/tools/bin/../lib/gcc/arm-none-eabi/10.3.1/../../../../arm-none-eabi/lib/thumb/v7e-m+dp/hard\libnosys.a
END GROUP
LOAD c:/st/stm32cubeide_1.12.0/stm32cubeide/plugins/com.st.stm32cube.ide.mcu.externaltools.gnu-tools-for-stm32.10.3-2021.10.win32_1.0.200.202301161003/tools/bin/../lib/gcc/arm-none-eabi/10.3.1/thumb/v7e-m+dp/hard/crtend.o
LOAD c:/st/stm32cubeide_1.12.0/stm32cubeide/plugins/com.st.stm32cube.ide.mcu.externaltools.gnu-tools-for-stm32.10.3-2021.10.win32_1.0.200.202301161003/tools/bin/../lib/gcc/arm-none-eabi/10.3.1/thumb/v7e-m+dp/hard/crtn.o
                0x0000000020020000                _estack = (ORIGIN (DTCMRAM) + LENGTH (DTCMRAM))
                0x0000000000000200                _Min_Heap_Size = 0x200
                0x0000000000000400                _Min_Stack_Size = 0x400

.isr_vector     0x0000000008000000      0x298
                0x0000000008000000                . = ALIGN (0x4)
 *(.isr_vector)
 .isr_vector    0x0000000008000000      0x298 ./Core/Startup/startup_stm32h743zitx.o
                0x0000000008000000                g_pfnVectors
                0x0000000008000298                . = ALIGN (0x4)
                0x0000000008000298                _siitcm = LOADADDR (.itcm)

.itcm           0x0000000000000000      0x948 load address 0x0000000008000298
                0x0000000000000000                . = ALIGN (0x4)
                0x0000000000000000                _sitcm = .
 *(.itcm)
 .itcm          0x0000000000000000      0x280 ./Core/Src/main.o
                0x0000000000000000                start_timer
                0x000000000000003c                stop_timer
                0x0000000000000060                timer_delay
 .itcm          0x0000000000000280      0x66c ./Core/Src/mw_gen.o
                0x00000000000003a2                set_MW_power
                0x000000000000040c                init_synthesiser
                0x000000000000076c                set_frequency_hz
                0x0000000000000830                run_sweep
 *fill*         0x00000000000008ec        0x4 
 .itcm.__stub   0x00000000000008f0       0x58 linker stubs
 *(.itcm*)
                0x0000000000000948                . = ALIGN (0x4)
                0x0000000000000948                _eitcm = .

.text           0x0000000008000be0     0xe238
                0x0000000008000be0                . = ALIGN (0x4)
 *(.text)
 .text          0x0000000008000be0       0x40 c:/st/stm32cubeide_1.12.0/stm32cubeide/plugins/com.st.stm32cube.ide.mcu.externaltools.gnu-tools-for-stm32.10.3-2021.10.win32_1.0.200.202301161003/tools/bin/../lib/gcc/arm-none-eabi/10.3.1/thumb/v7e-m+dp/hard/crtbegin.o
 .text          0x0000000008000c20       0x10 c:/st/stm32cubeide_1.12.0/stm32cubeide/plugins/com.st.stm32cube.ide.mcu.externaltools.gnu-tools-for-stm32.10.3-2021.10.win32_1.0.200.202301161003/tools/bin/../lib/gcc/arm-none-eabi/10.3.1/../../../../arm-none-eabi/lib/thumb/v7e-m+dp/hard\libc_nano.a(lib_a-strlen.o)
                0x0000000008000c20                strlen
 .text          0x0000000008000c30       0xa0 c:/st/stm32cubeide_1.12.0/stm32cubeide/plugins/com.st.stm32cube.ide.mcu.externaltools.gnu-tools-for-stm32.10.3-2021.10.win32_1.0.200.202301161003/tools/bin/../lib/gcc/arm-none-eabi/10.3.1/../../../../arm-none-eabi/lib/thumb/v7e-m+dp/hard\libc_nano.a(lib_a-memchr.o)
                0x0000000008000c30                memchr
 .text          0x0000000008000cd0       0x30 c:/st/stm32cubeide_1.12.0/stm32cubeide/plugins/com.st.stm32cube.ide.mcu.externaltools.gnu-tools-for-stm32.10.3-2021.10.win32_1.0.200.202301161003/tools/bin/../lib/gcc/arm-none-eabi/10.3.1/thumb/v7e-m+dp/hard\libgcc.a(_aeabi_uldivmod.o)
                0x0000000008000cd0                __aeabi_uldivmod
 .text          0x0000000008000d00      0x2d0 c:/st/stm32cubeide_1.12.0/stm32cubeide/plugins/com.st.stm32cube.ide.mcu.externaltools.gnu-tools-for-stm32.10.3-2021.10.win32_1.0.200.202301161003/tools/bin/../lib/gcc/arm-none-eabi/10.3.1/thumb/v7e-m+dp/hard\libgcc.a(_udivmoddi4.o)
                0x0000000008000d00                __udivmoddi4
 .text          0x0000000008000fd0        0x4 c:/st/stm32cubeide_1.12.0/stm32cubeide/plugins/com.st.stm32cube.ide.mcu.externaltools.gnu-tools-for-stm32.10.3-2021.10.win32_1.0.200.202301161003/tools/bin/../lib/gcc/arm-none-eabi/10.3.1/thumb/v7e-m+dp/hard\libgcc.a(_dvmd_tls.o)
                0x0000000008000fd0                __aeabi_idiv0
                0x0000000008000fd0                __aeabi_ldiv0
 *(.text*)
 .text.__io_putchar
                0x0000000008000fd4       0x24 ./Core/Src/main.o
                0x0000000008000fd4                __io_putchar
 .text.HAL_LPTIM_AutoReloadMatchCallback
                0x0000000008000ff8       0x1c ./Core/Src/main.o
                0x0000000008000ff8                HAL_LPTIM_AutoReloadMatchCallback
 .text.HAL_HRTIM_Compare2EventCallback
                0x0000000008001014       0x56 ./Core/Src/main.o
                0x0000000008001014                HAL_HRTIM_Compare2EventCallback
 *fill*         0x000000000800106a        0x2 
 .text.HAL_HRTIM_Compare3EventCallback
                0x000000000800106c      0x118 ./Core/Src/main.o
                0x000000000800106c                HAL_HRTIM_Compare3EventCallback
 .text.HAL_HRTIM_RepetitionEventCallback
                0x0000000008001184       0x16 ./Core/Src/main.o
                0x0000000008001184                HAL_HRTIM_RepetitionEventCallback
 *fill*         0x000000000800119a        0x2 
 .text.main     0x000000000800119c      0x2d8 ./Core/Src/main.o
                0x000000000800119c                main
 .text.SystemClock_Config
                0x0000000008001474      0x17c ./Core/Src/main.o
                0x0000000008001474                SystemClock_Config
 .text.MX_ADC3_Init
                0x00000000080015f0       0xc4 ./Core/Src/main.o
 .text.MX_DAC1_Init
                0x00000000080016b4       0x64 ./Core/Src/main.o
 .text.MX_HRTIM_Init
                0x0000000008001718      0x2a4 ./Core/Src/main.o
 .text.MX_LPTIM1_Init
                0x00000000080019bc       0x5c ./Core/Src/main.o
 .text.MX_TIM1_Init
                0x0000000008001a18       0xa8 ./Core/Src/main.o
 .text.MX_TIM3_Init
                0x0000000008001ac0       0x9c ./Core/Src/main.o
 .text.MX_USART3_UART_Init
                0x0000000008001b5c       0x9c ./Core/Src/main.o
 .text.MX_GPIO_Init
                0x0000000008001bf8      0x33c ./Core/Src/main.o
 .text.HAL_ADC_ConvCpltCallback
                0x0000000008001f34       0x44 ./Core/Src/main.o
                0x0000000008001f34                HAL_ADC_ConvCpltCallback
 .text.Error_Handler
                0x0000000008001f78       0x60 ./Core/Src/main.o
                0x0000000008001f78                Error_Handler
 .text.HAL_MspInit
                0x0000000008001fd8       0x34 ./Core/Src/stm32h7xx_hal_msp.o
                0x0000000008001fd8                HAL_MspInit
 .text.HAL_ADC_MspInit
                0x000000000800200c       0xd0 ./Core/Src/stm32h7xx_hal_msp.o
                0x000000000800200c                HAL_ADC_MspInit
 .text.HAL_DAC_MspInit
                0x00000000080020dc       0x8c ./Core/Src/stm32h7xx_hal_msp.o
                0x00000000080020dc                HAL_DAC_MspInit
 .text.HAL_HRTIM_MspInit
                0x0000000008002168       0x94 ./Core/Src/stm32h7xx_hal_msp.o
                0x0000000008002168                HAL_HRTIM_MspInit
 .text.HAL_HRTIM_MspPostInit
                0x00000000080021fc       0xb8 ./Core/Src/stm32h7xx_hal_msp.o
                0x00000000080021fc                HAL_HRTIM_MspPostInit
 .text.HAL_LPTIM_MspInit
                0x00000000080022b4       0x88 ./Core/Src/stm32h7xx_hal_msp.o
                0x00000000080022b4                HAL_LPTIM_MspInit
 .text.HAL_TIM_Base_MspInit
                0x000000000800233c       0x74 ./Core/Src/stm32h7xx_hal_msp.o
                0x000000000800233c                HAL_TIM_Base_MspInit
 .text.HAL_UART_MspInit
                0x00000000080023b0       0xd4 ./Core/Src/stm32h7xx_hal_msp.o
                0x00000000080023b0                HAL_UART_MspInit
 .text.NMI_Handler
                0x0000000008002484        0xe ./Core/Src/stm32h7xx_it.o
                0x0000000008002484                NMI_Handler
 .text.HardFault_Handler
                0x0000000008002492        0xa ./Core/Src/stm32h7xx_it.o
                0x0000000008002492                HardFault_Handler
 .text.MemManage_Handler
                0x000000000800249c        0xa ./Core/Src/stm32h7xx_it.o
                0x000000000800249c                MemManage_Handler
 .text.BusFault_Handler
                0x00000000080024a6        0xa ./Core/Src/stm32h7xx_it.o
                0x00000000080024a6                BusFault_Handler
 .text.UsageFault_Handler
                0x00000000080024b0        0xa ./Core/Src/stm32h7xx_it.o
                0x00000000080024b0                UsageFault_Handler
 .text.SVC_Handler
                0x00000000080024ba        0xe ./Core/Src/stm32h7xx_it.o
                0x00000000080024ba                SVC_Handler
 .text.DebugMon_Handler
                0x00000000080024c8        0xe ./Core/Src/stm32h7xx_it.o
                0x00000000080024c8                DebugMon_Handler
 .text.PendSV_Handler
                0x00000000080024d6        0xe ./Core/Src/stm32h7xx_it.o
                0x00000000080024d6                PendSV_Handler
 .text.SysTick_Handler
                0x00000000080024e4        0xc ./Core/Src/stm32h7xx_it.o
                0x00000000080024e4                SysTick_Handler
 .text.EXTI15_10_IRQHandler
                0x00000000080024f0       0x18 ./Core/Src/stm32h7xx_it.o
                0x00000000080024f0                EXTI15_10_IRQHandler
 .text.LPTIM1_IRQHandler
                0x0000000008002508       0x14 ./Core/Src/stm32h7xx_it.o
                0x0000000008002508                LPTIM1_IRQHandler
 .text.HRTIM1_TIMA_IRQHandler
                0x000000000800251c       0x14 ./Core/Src/stm32h7xx_it.o
                0x000000000800251c                HRTIM1_TIMA_IRQHandler
 .text.HRTIM1_TIME_IRQHandler
                0x0000000008002530       0x14 ./Core/Src/stm32h7xx_it.o
                0x0000000008002530                HRTIM1_TIME_IRQHandler
 .text.ADC3_IRQHandler
                0x0000000008002544       0x14 ./Core/Src/stm32h7xx_it.o
                0x0000000008002544                ADC3_IRQHandler
 .text._getpid  0x0000000008002558       0x10 ./Core/Src/syscalls.o
                0x0000000008002558                _getpid
 .text._kill    0x0000000008002568       0x20 ./Core/Src/syscalls.o
                0x0000000008002568                _kill
 .text._exit    0x0000000008002588       0x14 ./Core/Src/syscalls.o
                0x0000000008002588                _exit
 .text._read    0x000000000800259c       0x3a ./Core/Src/syscalls.o
                0x000000000800259c                _read
 .text._write   0x00000000080025d6       0x38 ./Core/Src/syscalls.o
                0x00000000080025d6                _write
 .text._close   0x000000000800260e       0x18 ./Core/Src/syscalls.o
                0x000000000800260e                _close
 .text._fstat   0x0000000008002626       0x20 ./Core/Src/syscalls.o
                0x0000000008002626                _fstat
 .text._isatty  0x0000000008002646       0x16 ./Core/Src/syscalls.o
                0x0000000008002646                _isatty
 .text._lseek   0x000000000800265c       0x1a ./Core/Src/syscalls.o
                0x000000000800265c                _lseek
 *fill*         0x0000000008002676        0x2 
 .text._sbrk    0x0000000008002678       0x6c ./Core/Src/sysmem.o
                0x0000000008002678                _sbrk
 .text.SystemInit
                0x00000000080026e4      0x110 ./Core/Src/system_stm32h7xx.o
                0x00000000080026e4                SystemInit
 .text.Reset_Handler
                0x00000000080027f4       0x50 ./Core/Startup/startup_stm32h743zitx.o
                0x00000000080027f4                Reset_Handler
 .text.Default_Handler
                0x0000000008002844        0x2 ./Core/Startup/startup_stm32h743zitx.o
                0x0000000008002844                RTC_Alarm_IRQHandler
                0x0000000008002844                EXTI2_IRQHandler
                0x0000000008002844                TIM8_CC_IRQHandler
                0x0000000008002844                HRTIM1_Master_IRQHandler
                0x0000000008002844                UART8_IRQHandler
                0x0000000008002844                SPI4_IRQHandler
                0x0000000008002844                TIM1_CC_IRQHandler
                0x0000000008002844                BDMA_Channel6_IRQHandler
                0x0000000008002844                DMA2_Stream5_IRQHandler
                0x0000000008002844                HRTIM1_FLT_IRQHandler
                0x0000000008002844                JPEG_IRQHandler
                0x0000000008002844                DMA1_Stream5_IRQHandler
                0x0000000008002844                BDMA_Channel1_IRQHandler
                0x0000000008002844                HRTIM1_TIMD_IRQHandler
                0x0000000008002844                TAMP_STAMP_IRQHandler
                0x0000000008002844                EXTI3_IRQHandler
                0x0000000008002844                LPTIM4_IRQHandler
                0x0000000008002844                TIM8_TRG_COM_TIM14_IRQHandler
                0x0000000008002844                LPTIM2_IRQHandler
                0x0000000008002844                DFSDM1_FLT1_IRQHandler
                0x0000000008002844                DMAMUX2_OVR_IRQHandler
                0x0000000008002844                TIM8_UP_TIM13_IRQHandler
                0x0000000008002844                I2C3_ER_IRQHandler
                0x0000000008002844                DFSDM1_FLT2_IRQHandler
                0x0000000008002844                MDMA_IRQHandler
                0x0000000008002844                LPTIM3_IRQHandler
                0x0000000008002844                HSEM1_IRQHandler
                0x0000000008002844                EXTI0_IRQHandler
                0x0000000008002844                I2C2_EV_IRQHandler
                0x0000000008002844                DMA1_Stream2_IRQHandler
                0x0000000008002844                FPU_IRQHandler
                0x0000000008002844                OTG_HS_WKUP_IRQHandler
                0x0000000008002844                FDCAN1_IT1_IRQHandler
                0x0000000008002844                LTDC_ER_IRQHandler
                0x0000000008002844                DMA2_Stream2_IRQHandler
                0x0000000008002844                SPI1_IRQHandler
                0x0000000008002844                TIM6_DAC_IRQHandler
                0x0000000008002844                DCMI_IRQHandler
                0x0000000008002844                HRTIM1_TIMC_IRQHandler
                0x0000000008002844                DMA2_Stream3_IRQHandler
                0x0000000008002844                SAI2_IRQHandler
                0x0000000008002844                DFSDM1_FLT3_IRQHandler
                0x0000000008002844                USART6_IRQHandler
                0x0000000008002844                TIM17_IRQHandler
                0x0000000008002844                USART3_IRQHandler
                0x0000000008002844                BDMA_Channel7_IRQHandler
                0x0000000008002844                LPTIM5_IRQHandler
                0x0000000008002844                UART5_IRQHandler
                0x0000000008002844                DMA2_Stream0_IRQHandler
                0x0000000008002844                TIM4_IRQHandler
                0x0000000008002844                BDMA_Channel2_IRQHandler
                0x0000000008002844                QUADSPI_IRQHandler
                0x0000000008002844                I2C1_EV_IRQHandler
                0x0000000008002844                DMA1_Stream6_IRQHandler
                0x0000000008002844                DMAMUX1_OVR_IRQHandler
                0x0000000008002844                DMA1_Stream1_IRQHandler
                0x0000000008002844                TIM16_IRQHandler
                0x0000000008002844                UART4_IRQHandler
                0x0000000008002844                BDMA_Channel5_IRQHandler
                0x0000000008002844                TIM3_IRQHandler
                0x0000000008002844                RCC_IRQHandler
                0x0000000008002844                TIM8_BRK_TIM12_IRQHandler
                0x0000000008002844                TIM1_TRG_COM_IRQHandler
                0x0000000008002844                Default_Handler
                0x0000000008002844                ECC_IRQHandler
                0x0000000008002844                CEC_IRQHandler
                0x0000000008002844                BDMA_Channel0_IRQHandler
                0x0000000008002844                ADC_IRQHandler
                0x0000000008002844                DMA1_Stream7_IRQHandler
                0x0000000008002844                SPI5_IRQHandler
                0x0000000008002844                TIM7_IRQHandler
                0x0000000008002844                SDMMC1_IRQHandler
                0x0000000008002844                TIM5_IRQHandler
                0x0000000008002844                DMA2_Stream7_IRQHandler
                0x0000000008002844                TIM15_IRQHandler
                0x0000000008002844                PVD_AVD_IRQHandler
                0x0000000008002844                I2C3_EV_IRQHandler
                0x0000000008002844                EXTI9_5_IRQHandler
                0x0000000008002844                RTC_WKUP_IRQHandler
                0x0000000008002844                LTDC_IRQHandler
                0x0000000008002844                SAI3_IRQHandler
                0x0000000008002844                ETH_WKUP_IRQHandler
                0x0000000008002844                SPDIF_RX_IRQHandler
                0x0000000008002844                SPI2_IRQHandler
                0x0000000008002844                OTG_HS_EP1_IN_IRQHandler
                0x0000000008002844                DMA1_Stream0_IRQHandler
                0x0000000008002844                CRS_IRQHandler
                0x0000000008002844                EXTI4_IRQHandler
                0x0000000008002844                RNG_IRQHandler
                0x0000000008002844                HRTIM1_TIMB_IRQHandler
                0x0000000008002844                FDCAN2_IT1_IRQHandler
                0x0000000008002844                ETH_IRQHandler
                0x0000000008002844                TIM1_UP_IRQHandler
                0x0000000008002844                BDMA_Channel4_IRQHandler
                0x0000000008002844                OTG_HS_EP1_OUT_IRQHandler
                0x0000000008002844                WWDG_IRQHandler
                0x0000000008002844                SPI6_IRQHandler
                0x0000000008002844                MDIOS_IRQHandler
                0x0000000008002844                I2C4_EV_IRQHandler
                0x0000000008002844                FDCAN2_IT0_IRQHandler
                0x0000000008002844                LPUART1_IRQHandler
                0x0000000008002844                FDCAN1_IT0_IRQHandler
                0x0000000008002844                TIM2_IRQHandler
                0x0000000008002844                OTG_FS_WKUP_IRQHandler
                0x0000000008002844                OTG_HS_IRQHandler
                0x0000000008002844                DMA2D_IRQHandler
                0x0000000008002844                TIM1_BRK_IRQHandler
                0x0000000008002844                EXTI1_IRQHandler
                0x0000000008002844                SDMMC2_IRQHandler
                0x0000000008002844                OTG_FS_EP1_OUT_IRQHandler
                0x0000000008002844                BDMA_Channel3_IRQHandler
                0x0000000008002844                UART7_IRQHandler
                0x0000000008002844                MDIOS_WKUP_IRQHandler
                0x0000000008002844                USART2_IRQHandler
                0x0000000008002844                DFSDM1_FLT0_IRQHandler
                0x0000000008002844                SAI4_IRQHandler
                0x0000000008002844                I2C2_ER_IRQHandler
                0x0000000008002844                DMA2_Stream1_IRQHandler
                0x0000000008002844                FLASH_IRQHandler
                0x0000000008002844                DMA2_Stream4_IRQHandler
                0x0000000008002844                USART1_IRQHandler
                0x0000000008002844                OTG_FS_IRQHandler
                0x0000000008002844                SPI3_IRQHandler
                0x0000000008002844                WAKEUP_PIN_IRQHandler
                0x0000000008002844                DMA1_Stream4_IRQHandler
                0x0000000008002844                OTG_FS_EP1_IN_IRQHandler
                0x0000000008002844                I2C1_ER_IRQHandler
                0x0000000008002844                FMC_IRQHandler
                0x0000000008002844                FDCAN_CAL_IRQHandler
                0x0000000008002844                SWPMI1_IRQHandler
                0x0000000008002844                COMP1_IRQHandler
                0x0000000008002844                I2C4_ER_IRQHandler
                0x0000000008002844                DMA2_Stream6_IRQHandler
                0x0000000008002844                SAI1_IRQHandler
                0x0000000008002844                DMA1_Stream3_IRQHandler
 *fill*         0x0000000008002846        0x2 
 .text.HAL_Init
                0x0000000008002848       0x78 ./Drivers/STM32H7xx_HAL_Driver/Src/stm32h7xx_hal.o
                0x0000000008002848                HAL_Init
 .text.HAL_InitTick
                0x00000000080028c0       0x6c ./Drivers/STM32H7xx_HAL_Driver/Src/stm32h7xx_hal.o
                0x00000000080028c0                HAL_InitTick
 .text.HAL_IncTick
                0x000000000800292c       0x28 ./Drivers/STM32H7xx_HAL_Driver/Src/stm32h7xx_hal.o
                0x000000000800292c                HAL_IncTick
 .text.HAL_GetTick
                0x0000000008002954       0x18 ./Drivers/STM32H7xx_HAL_Driver/Src/stm32h7xx_hal.o
                0x0000000008002954                HAL_GetTick
 .text.HAL_Delay
                0x000000000800296c       0x48 ./Drivers/STM32H7xx_HAL_Driver/Src/stm32h7xx_hal.o
                0x000000000800296c                HAL_Delay
 .text.HAL_GetREVID
                0x00000000080029b4       0x18 ./Drivers/STM32H7xx_HAL_Driver/Src/stm32h7xx_hal.o
                0x00000000080029b4                HAL_GetREVID
 .text.HAL_SYSCFG_AnalogSwitchConfig
                0x00000000080029cc       0x2c ./Drivers/STM32H7xx_HAL_Driver/Src/stm32h7xx_hal.o
                0x00000000080029cc                HAL_SYSCFG_AnalogSwitchConfig
 .text.LL_ADC_SetCommonClock
                0x00000000080029f8       0x26 ./Drivers/STM32H7xx_HAL_Driver/Src/stm32h7xx_hal_adc.o
 .text.LL_ADC_SetCommonPathInternalCh
                0x0000000008002a1e       0x26 ./Drivers/STM32H7xx_HAL_Driver/Src/stm32h7xx_hal_adc.o
 .text.LL_ADC_GetCommonPathInternalCh
                0x0000000008002a44       0x1c ./Drivers/STM32H7xx_HAL_Driver/Src/stm32h7xx_hal_adc.o
 .text.LL_ADC_SetOffset
                0x0000000008002a60       0x40 ./Drivers/STM32H7xx_HAL_Driver/Src/stm32h7xx_hal_adc.o
 .text.LL_ADC_SetDataRightShift
                0x0000000008002aa0       0x32 ./Drivers/STM32H7xx_HAL_Driver/Src/stm32h7xx_hal_adc.o
 .text.LL_ADC_SetOffsetSignedSaturation
                0x0000000008002ad2       0x36 ./Drivers/STM32H7xx_HAL_Driver/Src/stm32h7xx_hal_adc.o
 .text.LL_ADC_REG_IsTriggerSourceSWStart
                0x0000000008002b08       0x26 ./Drivers/STM32H7xx_HAL_Driver/Src/stm32h7xx_hal_adc.o
 .text.LL_ADC_REG_SetSequencerRanks
                0x0000000008002b2e       0x58 ./Drivers/STM32H7xx_HAL_Driver/Src/stm32h7xx_hal_adc.o
 .text.LL_ADC_INJ_IsTriggerSourceSWStart
                0x0000000008002b86       0x26 ./Drivers/STM32H7xx_HAL_Driver/Src/stm32h7xx_hal_adc.o
 .text.LL_ADC_SetChannelSamplingTime
                0x0000000008002bac       0x56 ./Drivers/STM32H7xx_HAL_Driver/Src/stm32h7xx_hal_adc.o
 *fill*         0x0000000008002c02        0x2 
 .text.LL_ADC_SetChannelSingleDiff
                0x0000000008002c04       0x48 ./Drivers/STM32H7xx_HAL_Driver/Src/stm32h7xx_hal_adc.o
 .text.LL_ADC_GetMultimode
                0x0000000008002c4c       0x1c ./Drivers/STM32H7xx_HAL_Driver/Src/stm32h7xx_hal_adc.o
 .text.LL_ADC_GetMultiDMATransfer
                0x0000000008002c68       0x1c ./Drivers/STM32H7xx_HAL_Driver/Src/stm32h7xx_hal_adc.o
 .text.LL_ADC_DisableDeepPowerDown
                0x0000000008002c84       0x24 ./Drivers/STM32H7xx_HAL_Driver/Src/stm32h7xx_hal_adc.o
 .text.LL_ADC_IsDeepPowerDownEnabled
                0x0000000008002ca8       0x28 ./Drivers/STM32H7xx_HAL_Driver/Src/stm32h7xx_hal_adc.o
 .text.LL_ADC_EnableInternalRegulator
                0x0000000008002cd0       0x28 ./Drivers/STM32H7xx_HAL_Driver/Src/stm32h7xx_hal_adc.o
 .text.LL_ADC_IsInternalRegulatorEnabled
                0x0000000008002cf8       0x28 ./Drivers/STM32H7xx_HAL_Driver/Src/stm32h7xx_hal_adc.o
 .text.LL_ADC_Enable
                0x0000000008002d20       0x28 ./Drivers/STM32H7xx_HAL_Driver/Src/stm32h7xx_hal_adc.o
 .text.LL_ADC_Disable
                0x0000000008002d48       0x28 ./Drivers/STM32H7xx_HAL_Driver/Src/stm32h7xx_hal_adc.o
 .text.LL_ADC_IsEnabled
                0x0000000008002d70       0x26 ./Drivers/STM32H7xx_HAL_Driver/Src/stm32h7xx_hal_adc.o
 .text.LL_ADC_IsDisableOngoing
                0x0000000008002d96       0x26 ./Drivers/STM32H7xx_HAL_Driver/Src/stm32h7xx_hal_adc.o
 .text.LL_ADC_REG_StartConversion
                0x0000000008002dbc       0x28 ./Drivers/STM32H7xx_HAL_Driver/Src/stm32h7xx_hal_adc.o
 .text.LL_ADC_REG_IsConversionOngoing
                0x0000000008002de4       0x26 ./Drivers/STM32H7xx_HAL_Driver/Src/stm32h7xx_hal_adc.o
 .text.LL_ADC_INJ_IsConversionOngoing
                0x0000000008002e0a       0x26 ./Drivers/STM32H7xx_HAL_Driver/Src/stm32h7xx_hal_adc.o
 .text.HAL_ADC_Init
                0x0000000008002e30      0x344 ./Drivers/STM32H7xx_HAL_Driver/Src/stm32h7xx_hal_adc.o
                0x0000000008002e30                HAL_ADC_Init
 .text.HAL_ADC_Start_IT
                0x0000000008003174      0x280 ./Drivers/STM32H7xx_HAL_Driver/Src/stm32h7xx_hal_adc.o
                0x0000000008003174                HAL_ADC_Start_IT
 .text.HAL_ADC_GetValue
                0x00000000080033f4       0x1a ./Drivers/STM32H7xx_HAL_Driver/Src/stm32h7xx_hal_adc.o
                0x00000000080033f4                HAL_ADC_GetValue
 *fill*         0x000000000800340e        0x2 
 .text.HAL_ADC_IRQHandler
                0x0000000008003410      0x474 ./Drivers/STM32H7xx_HAL_Driver/Src/stm32h7xx_hal_adc.o
                0x0000000008003410                HAL_ADC_IRQHandler
 .text.HAL_ADC_LevelOutOfWindowCallback
                0x0000000008003884       0x14 ./Drivers/STM32H7xx_HAL_Driver/Src/stm32h7xx_hal_adc.o
                0x0000000008003884                HAL_ADC_LevelOutOfWindowCallback
 .text.HAL_ADC_ErrorCallback
                0x0000000008003898       0x14 ./Drivers/STM32H7xx_HAL_Driver/Src/stm32h7xx_hal_adc.o
                0x0000000008003898                HAL_ADC_ErrorCallback
 .text.HAL_ADC_ConfigChannel
                0x00000000080038ac      0x6a0 ./Drivers/STM32H7xx_HAL_Driver/Src/stm32h7xx_hal_adc.o
                0x00000000080038ac                HAL_ADC_ConfigChannel
 .text.ADC_Enable
                0x0000000008003f4c      0x114 ./Drivers/STM32H7xx_HAL_Driver/Src/stm32h7xx_hal_adc.o
                0x0000000008003f4c                ADC_Enable
 .text.ADC_Disable
                0x0000000008004060       0xbe ./Drivers/STM32H7xx_HAL_Driver/Src/stm32h7xx_hal_adc.o
                0x0000000008004060                ADC_Disable
 *fill*         0x000000000800411e        0x2 
 .text.ADC_ConfigureBoostMode
                0x0000000008004120      0x218 ./Drivers/STM32H7xx_HAL_Driver/Src/stm32h7xx_hal_adc.o
                0x0000000008004120                ADC_ConfigureBoostMode
 .text.LL_ADC_StartCalibration
                0x0000000008004338       0x3c ./Drivers/STM32H7xx_HAL_Driver/Src/stm32h7xx_hal_adc_ex.o
 .text.LL_ADC_IsCalibrationOnGoing
                0x0000000008004374       0x28 ./Drivers/STM32H7xx_HAL_Driver/Src/stm32h7xx_hal_adc_ex.o
 .text.HAL_ADCEx_Calibration_Start
                0x000000000800439c       0xc8 ./Drivers/STM32H7xx_HAL_Driver/Src/stm32h7xx_hal_adc_ex.o
                0x000000000800439c                HAL_ADCEx_Calibration_Start
 .text.HAL_ADCEx_InjectedConvCpltCallback
                0x0000000008004464       0x14 ./Drivers/STM32H7xx_HAL_Driver/Src/stm32h7xx_hal_adc_ex.o
                0x0000000008004464                HAL_ADCEx_InjectedConvCpltCallback
 .text.HAL_ADCEx_InjectedQueueOverflowCallback
                0x0000000008004478       0x14 ./Drivers/STM32H7xx_HAL_Driver/Src/stm32h7xx_hal_adc_ex.o
                0x0000000008004478                HAL_ADCEx_InjectedQueueOverflowCallback
 .text.HAL_ADCEx_LevelOutOfWindow2Callback
                0x000000000800448c       0x14 ./Drivers/STM32H7xx_HAL_Driver/Src/stm32h7xx_hal_adc_ex.o
                0x000000000800448c                HAL_ADCEx_LevelOutOfWindow2Callback
 .text.HAL_ADCEx_LevelOutOfWindow3Callback
                0x00000000080044a0       0x14 ./Drivers/STM32H7xx_HAL_Driver/Src/stm32h7xx_hal_adc_ex.o
                0x00000000080044a0                HAL_ADCEx_LevelOutOfWindow3Callback
 .text.HAL_ADCEx_EndOfSamplingCallback
                0x00000000080044b4       0x14 ./Drivers/STM32H7xx_HAL_Driver/Src/stm32h7xx_hal_adc_ex.o
                0x00000000080044b4                HAL_ADCEx_EndOfSamplingCallback
 .text.__NVIC_SetPriorityGrouping
                0x00000000080044c8       0x48 ./Drivers/STM32H7xx_HAL_Driver/Src/stm32h7xx_hal_cortex.o
 .text.__NVIC_GetPriorityGrouping
                0x0000000008004510       0x1c ./Drivers/STM32H7xx_HAL_Driver/Src/stm32h7xx_hal_cortex.o
 .text.__NVIC_EnableIRQ
                0x000000000800452c       0x3c ./Drivers/STM32H7xx_HAL_Driver/Src/stm32h7xx_hal_cortex.o
 .text.__NVIC_SetPriority
                0x0000000008004568       0x54 ./Drivers/STM32H7xx_HAL_Driver/Src/stm32h7xx_hal_cortex.o
 .text.NVIC_EncodePriority
                0x00000000080045bc       0x66 ./Drivers/STM32H7xx_HAL_Driver/Src/stm32h7xx_hal_cortex.o
 *fill*         0x0000000008004622        0x2 
 .text.SysTick_Config
                0x0000000008004624       0x44 ./Drivers/STM32H7xx_HAL_Driver/Src/stm32h7xx_hal_cortex.o
 .text.HAL_NVIC_SetPriorityGrouping
                0x0000000008004668       0x16 ./Drivers/STM32H7xx_HAL_Driver/Src/stm32h7xx_hal_cortex.o
                0x0000000008004668                HAL_NVIC_SetPriorityGrouping
 .text.HAL_NVIC_SetPriority
                0x000000000800467e       0x34 ./Drivers/STM32H7xx_HAL_Driver/Src/stm32h7xx_hal_cortex.o
                0x000000000800467e                HAL_NVIC_SetPriority
 .text.HAL_NVIC_EnableIRQ
                0x00000000080046b2       0x1c ./Drivers/STM32H7xx_HAL_Driver/Src/stm32h7xx_hal_cortex.o
                0x00000000080046b2                HAL_NVIC_EnableIRQ
 .text.HAL_SYSTICK_Config
                0x00000000080046ce       0x18 ./Drivers/STM32H7xx_HAL_Driver/Src/stm32h7xx_hal_cortex.o
                0x00000000080046ce                HAL_SYSTICK_Config
 .text.HAL_DAC_Init
                0x00000000080046e6       0x44 ./Drivers/STM32H7xx_HAL_Driver/Src/stm32h7xx_hal_dac.o
                0x00000000080046e6                HAL_DAC_Init
 .text.HAL_DAC_Start
                0x000000000800472a       0xa4 ./Drivers/STM32H7xx_HAL_Driver/Src/stm32h7xx_hal_dac.o
                0x000000000800472a                HAL_DAC_Start
 .text.HAL_DAC_SetValue
                0x00000000080047ce       0x4a ./Drivers/STM32H7xx_HAL_Driver/Src/stm32h7xx_hal_dac.o
                0x00000000080047ce                HAL_DAC_SetValue
 .text.HAL_DAC_ConfigChannel
                0x0000000008004818      0x27c ./Drivers/STM32H7xx_HAL_Driver/Src/stm32h7xx_hal_dac.o
                0x0000000008004818                HAL_DAC_ConfigChannel
 .text.HAL_GPIO_Init
                0x0000000008004a94      0x360 ./Drivers/STM32H7xx_HAL_Driver/Src/stm32h7xx_hal_gpio.o
                0x0000000008004a94                HAL_GPIO_Init
 .text.HAL_GPIO_ReadPin
                0x0000000008004df4       0x30 ./Drivers/STM32H7xx_HAL_Driver/Src/stm32h7xx_hal_gpio.o
                0x0000000008004df4                HAL_GPIO_ReadPin
 .text.HAL_GPIO_WritePin
                0x0000000008004e24       0x32 ./Drivers/STM32H7xx_HAL_Driver/Src/stm32h7xx_hal_gpio.o
                0x0000000008004e24                HAL_GPIO_WritePin
 .text.HAL_GPIO_TogglePin
                0x0000000008004e56       0x34 ./Drivers/STM32H7xx_HAL_Driver/Src/stm32h7xx_hal_gpio.o
                0x0000000008004e56                HAL_GPIO_TogglePin
 .text.HAL_GPIO_EXTI_IRQHandler
                0x0000000008004e8a       0x34 ./Drivers/STM32H7xx_HAL_Driver/Src/stm32h7xx_hal_gpio.o
                0x0000000008004e8a                HAL_GPIO_EXTI_IRQHandler
 .text.HAL_GPIO_EXTI_Callback
                0x0000000008004ebe       0x16 ./Drivers/STM32H7xx_HAL_Driver/Src/stm32h7xx_hal_gpio.o
                0x0000000008004ebe                HAL_GPIO_EXTI_Callback
 .text.HAL_HRTIM_Init
                0x0000000008004ed4      0x1a0 ./Drivers/STM32H7xx_HAL_Driver/Src/stm32h7xx_hal_hrtim.o
                0x0000000008004ed4                HAL_HRTIM_Init
 .text.HAL_HRTIM_TimeBaseConfig
                0x0000000008005074       0x50 ./Drivers/STM32H7xx_HAL_Driver/Src/stm32h7xx_hal_hrtim.o
                0x0000000008005074                HAL_HRTIM_TimeBaseConfig
 .text.HAL_HRTIM_WaveformTimerConfig
                0x00000000080050c4       0xe4 ./Drivers/STM32H7xx_HAL_Driver/Src/stm32h7xx_hal_hrtim.o
                0x00000000080050c4                HAL_HRTIM_WaveformTimerConfig
 .text.HAL_HRTIM_WaveformCompareConfig
                0x00000000080051a8      0x2dc ./Drivers/STM32H7xx_HAL_Driver/Src/stm32h7xx_hal_hrtim.o
                0x00000000080051a8                HAL_HRTIM_WaveformCompareConfig
 .text.HAL_HRTIM_WaveformOutputConfig
                0x0000000008005484       0x62 ./Drivers/STM32H7xx_HAL_Driver/Src/stm32h7xx_hal_hrtim.o
                0x0000000008005484                HAL_HRTIM_WaveformOutputConfig
 *fill*         0x00000000080054e6        0x2 
 .text.HAL_HRTIM_WaveformSetOutputLevel
                0x00000000080054e8      0x1ec ./Drivers/STM32H7xx_HAL_Driver/Src/stm32h7xx_hal_hrtim.o
                0x00000000080054e8                HAL_HRTIM_WaveformSetOutputLevel
 .text.HAL_HRTIM_WaveformOutputStart
                0x00000000080056d4       0x5a ./Drivers/STM32H7xx_HAL_Driver/Src/stm32h7xx_hal_hrtim.o
                0x00000000080056d4                HAL_HRTIM_WaveformOutputStart
 .text.HAL_HRTIM_WaveformOutputStop
                0x000000000800572e       0x5a ./Drivers/STM32H7xx_HAL_Driver/Src/stm32h7xx_hal_hrtim.o
                0x000000000800572e                HAL_HRTIM_WaveformOutputStop
 .text.HAL_HRTIM_WaveformCountStart_IT
                0x0000000008005788       0xe0 ./Drivers/STM32H7xx_HAL_Driver/Src/stm32h7xx_hal_hrtim.o
                0x0000000008005788                HAL_HRTIM_WaveformCountStart_IT
 .text.HAL_HRTIM_WaveformCountStop_IT
                0x0000000008005868       0xfc ./Drivers/STM32H7xx_HAL_Driver/Src/stm32h7xx_hal_hrtim.o
                0x0000000008005868                HAL_HRTIM_WaveformCountStop_IT
 .text.HAL_HRTIM_IRQHandler
                0x0000000008005964       0x36 ./Drivers/STM32H7xx_HAL_Driver/Src/stm32h7xx_hal_hrtim.o
                0x0000000008005964                HAL_HRTIM_IRQHandler
 .text.HAL_HRTIM_Fault1Callback
                0x000000000800599a       0x14 ./Drivers/STM32H7xx_HAL_Driver/Src/stm32h7xx_hal_hrtim.o
                0x000000000800599a                HAL_HRTIM_Fault1Callback
 .text.HAL_HRTIM_Fault2Callback
                0x00000000080059ae       0x14 ./Drivers/STM32H7xx_HAL_Driver/Src/stm32h7xx_hal_hrtim.o
                0x00000000080059ae                HAL_HRTIM_Fault2Callback
 .text.HAL_HRTIM_Fault3Callback
                0x00000000080059c2       0x14 ./Drivers/STM32H7xx_HAL_Driver/Src/stm32h7xx_hal_hrtim.o
                0x00000000080059c2                HAL_HRTIM_Fault3Callback
 .text.HAL_HRTIM_Fault4Callback
                0x00000000080059d6       0x14 ./Drivers/STM32H7xx_HAL_Driver/Src/stm32h7xx_hal_hrtim.o
                0x00000000080059d6                HAL_HRTIM_Fault4Callback
 .text.HAL_HRTIM_Fault5Callback
                0x00000000080059ea       0x14 ./Drivers/STM32H7xx_HAL_Driver/Src/stm32h7xx_hal_hrtim.o
                0x00000000080059ea                HAL_HRTIM_Fault5Callback
 .text.HAL_HRTIM_SystemFaultCallback
                0x00000000080059fe       0x14 ./Drivers/STM32H7xx_HAL_Driver/Src/stm32h7xx_hal_hrtim.o
                0x00000000080059fe                HAL_HRTIM_SystemFaultCallback
 .text.HAL_HRTIM_BurstModePeriodCallback
                0x0000000008005a12       0x14 ./Drivers/STM32H7xx_HAL_Driver/Src/stm32h7xx_hal_hrtim.o
                0x0000000008005a12                HAL_HRTIM_BurstModePeriodCallback
 .text.HAL_HRTIM_SynchronizationEventCallback
                0x0000000008005a26       0x14 ./Drivers/STM32H7xx_HAL_Driver/Src/stm32h7xx_hal_hrtim.o
                0x0000000008005a26                HAL_HRTIM_SynchronizationEventCallback
 .text.HAL_HRTIM_RegistersUpdateCallback
                0x0000000008005a3a       0x16 ./Drivers/STM32H7xx_HAL_Driver/Src/stm32h7xx_hal_hrtim.o
                0x0000000008005a3a                HAL_HRTIM_RegistersUpdateCallback
 .text.HAL_HRTIM_Compare1EventCallback
                0x0000000008005a50       0x16 ./Drivers/STM32H7xx_HAL_Driver/Src/stm32h7xx_hal_hrtim.o
                0x0000000008005a50                HAL_HRTIM_Compare1EventCallback
 .text.HAL_HRTIM_Compare4EventCallback
                0x0000000008005a66       0x16 ./Drivers/STM32H7xx_HAL_Driver/Src/stm32h7xx_hal_hrtim.o
                0x0000000008005a66                HAL_HRTIM_Compare4EventCallback
 .text.HAL_HRTIM_Capture1EventCallback
                0x0000000008005a7c       0x16 ./Drivers/STM32H7xx_HAL_Driver/Src/stm32h7xx_hal_hrtim.o
                0x0000000008005a7c                HAL_HRTIM_Capture1EventCallback
 .text.HAL_HRTIM_Capture2EventCallback
                0x0000000008005a92       0x16 ./Drivers/STM32H7xx_HAL_Driver/Src/stm32h7xx_hal_hrtim.o
                0x0000000008005a92                HAL_HRTIM_Capture2EventCallback
 .text.HAL_HRTIM_DelayedProtectionCallback
                0x0000000008005aa8       0x16 ./Drivers/STM32H7xx_HAL_Driver/Src/stm32h7xx_hal_hrtim.o
                0x0000000008005aa8                HAL_HRTIM_DelayedProtectionCallback
 .text.HAL_HRTIM_CounterResetCallback
                0x0000000008005abe       0x16 ./Drivers/STM32H7xx_HAL_Driver/Src/stm32h7xx_hal_hrtim.o
                0x0000000008005abe                HAL_HRTIM_CounterResetCallback
 .text.HAL_HRTIM_Output1SetCallback
                0x0000000008005ad4       0x16 ./Drivers/STM32H7xx_HAL_Driver/Src/stm32h7xx_hal_hrtim.o
                0x0000000008005ad4                HAL_HRTIM_Output1SetCallback
 .text.HAL_HRTIM_Output1ResetCallback
                0x0000000008005aea       0x16 ./Drivers/STM32H7xx_HAL_Driver/Src/stm32h7xx_hal_hrtim.o
                0x0000000008005aea                HAL_HRTIM_Output1ResetCallback
 .text.HAL_HRTIM_Output2SetCallback
                0x0000000008005b00       0x16 ./Drivers/STM32H7xx_HAL_Driver/Src/stm32h7xx_hal_hrtim.o
                0x0000000008005b00                HAL_HRTIM_Output2SetCallback
 .text.HAL_HRTIM_Output2ResetCallback
                0x0000000008005b16       0x16 ./Drivers/STM32H7xx_HAL_Driver/Src/stm32h7xx_hal_hrtim.o
                0x0000000008005b16                HAL_HRTIM_Output2ResetCallback
 .text.HRTIM_MasterBase_Config
                0x0000000008005b2c       0x5e ./Drivers/STM32H7xx_HAL_Driver/Src/stm32h7xx_hal_hrtim.o
 .text.HRTIM_TimingUnitBase_Config
                0x0000000008005b8a       0x80 ./Drivers/STM32H7xx_HAL_Driver/Src/stm32h7xx_hal_hrtim.o
 .text.HRTIM_MasterWaveform_Config
                0x0000000008005c0a       0xcc ./Drivers/STM32H7xx_HAL_Driver/Src/stm32h7xx_hal_hrtim.o
 *fill*         0x0000000008005cd6        0x2 
 .text.HRTIM_TimingUnitWaveform_Config
                0x0000000008005cd8      0x280 ./Drivers/STM32H7xx_HAL_Driver/Src/stm32h7xx_hal_hrtim.o
 .text.HRTIM_OutputConfig
                0x0000000008005f58      0x1fc ./Drivers/STM32H7xx_HAL_Driver/Src/stm32h7xx_hal_hrtim.o
 .text.HRTIM_ForceRegistersUpdate
                0x0000000008006154       0xc4 ./Drivers/STM32H7xx_HAL_Driver/Src/stm32h7xx_hal_hrtim.o
 .text.HRTIM_HRTIM_ISR
                0x0000000008006218       0xfc ./Drivers/STM32H7xx_HAL_Driver/Src/stm32h7xx_hal_hrtim.o
 .text.HRTIM_Master_ISR
                0x0000000008006314      0x154 ./Drivers/STM32H7xx_HAL_Driver/Src/stm32h7xx_hal_hrtim.o
 .text.HRTIM_Timer_ISR
                0x0000000008006468      0x2aa ./Drivers/STM32H7xx_HAL_Driver/Src/stm32h7xx_hal_hrtim.o
 *fill*         0x0000000008006712        0x2 
 .text.HAL_LPTIM_Init
                0x0000000008006714      0x160 ./Drivers/STM32H7xx_HAL_Driver/Src/stm32h7xx_hal_lptim.o
                0x0000000008006714                HAL_LPTIM_Init
 .text.HAL_LPTIM_Counter_Start_IT
                0x0000000008006874       0xce ./Drivers/STM32H7xx_HAL_Driver/Src/stm32h7xx_hal_lptim.o
                0x0000000008006874                HAL_LPTIM_Counter_Start_IT
 .text.HAL_LPTIM_IRQHandler
                0x0000000008006942      0x136 ./Drivers/STM32H7xx_HAL_Driver/Src/stm32h7xx_hal_lptim.o
                0x0000000008006942                HAL_LPTIM_IRQHandler
 .text.HAL_LPTIM_CompareMatchCallback
                0x0000000008006a78       0x14 ./Drivers/STM32H7xx_HAL_Driver/Src/stm32h7xx_hal_lptim.o
                0x0000000008006a78                HAL_LPTIM_CompareMatchCallback
 .text.HAL_LPTIM_TriggerCallback
                0x0000000008006a8c       0x14 ./Drivers/STM32H7xx_HAL_Driver/Src/stm32h7xx_hal_lptim.o
                0x0000000008006a8c                HAL_LPTIM_TriggerCallback
 .text.HAL_LPTIM_CompareWriteCallback
                0x0000000008006aa0       0x14 ./Drivers/STM32H7xx_HAL_Driver/Src/stm32h7xx_hal_lptim.o
                0x0000000008006aa0                HAL_LPTIM_CompareWriteCallback
 .text.HAL_LPTIM_AutoReloadWriteCallback
                0x0000000008006ab4       0x14 ./Drivers/STM32H7xx_HAL_Driver/Src/stm32h7xx_hal_lptim.o
                0x0000000008006ab4                HAL_LPTIM_AutoReloadWriteCallback
 .text.HAL_LPTIM_DirectionUpCallback
                0x0000000008006ac8       0x14 ./Drivers/STM32H7xx_HAL_Driver/Src/stm32h7xx_hal_lptim.o
                0x0000000008006ac8                HAL_LPTIM_DirectionUpCallback
 .text.HAL_LPTIM_DirectionDownCallback
                0x0000000008006adc       0x14 ./Drivers/STM32H7xx_HAL_Driver/Src/stm32h7xx_hal_lptim.o
                0x0000000008006adc                HAL_LPTIM_DirectionDownCallback
 .text.HAL_LPTIM_GetState
                0x0000000008006af0       0x1c ./Drivers/STM32H7xx_HAL_Driver/Src/stm32h7xx_hal_lptim.o
                0x0000000008006af0                HAL_LPTIM_GetState
 .text.LPTIM_WaitForFlag
                0x0000000008006b0c       0x60 ./Drivers/STM32H7xx_HAL_Driver/Src/stm32h7xx_hal_lptim.o
 .text.LPTIM_Disable
                0x0000000008006b6c      0x3a8 ./Drivers/STM32H7xx_HAL_Driver/Src/stm32h7xx_hal_lptim.o
                0x0000000008006b6c                LPTIM_Disable
 .text.HAL_PWR_EnableBkUpAccess
                0x0000000008006f14       0x20 ./Drivers/STM32H7xx_HAL_Driver/Src/stm32h7xx_hal_pwr.o
                0x0000000008006f14                HAL_PWR_EnableBkUpAccess
 .text.HAL_PWREx_ConfigSupply
                0x0000000008006f34       0x74 ./Drivers/STM32H7xx_HAL_Driver/Src/stm32h7xx_hal_pwr_ex.o
                0x0000000008006f34                HAL_PWREx_ConfigSupply
 .text.HAL_RCC_OscConfig
                0x0000000008006fa8      0x8b4 ./Drivers/STM32H7xx_HAL_Driver/Src/stm32h7xx_hal_rcc.o
                0x0000000008006fa8                HAL_RCC_OscConfig
 .text.HAL_RCC_ClockConfig
                0x000000000800785c      0x36c ./Drivers/STM32H7xx_HAL_Driver/Src/stm32h7xx_hal_rcc.o
                0x000000000800785c                HAL_RCC_ClockConfig
 .text.HAL_RCC_EnableCSS
                0x0000000008007bc8       0x20 ./Drivers/STM32H7xx_HAL_Driver/Src/stm32h7xx_hal_rcc.o
                0x0000000008007bc8                HAL_RCC_EnableCSS
 .text.HAL_RCC_GetSysClockFreq
                0x0000000008007be8      0x2f4 ./Drivers/STM32H7xx_HAL_Driver/Src/stm32h7xx_hal_rcc.o
                0x0000000008007be8                HAL_RCC_GetSysClockFreq
 .text.HAL_RCC_GetHCLKFreq
                0x0000000008007edc       0x60 ./Drivers/STM32H7xx_HAL_Driver/Src/stm32h7xx_hal_rcc.o
                0x0000000008007edc                HAL_RCC_GetHCLKFreq
 .text.HAL_RCC_GetPCLK1Freq
                0x0000000008007f3c       0x2c ./Drivers/STM32H7xx_HAL_Driver/Src/stm32h7xx_hal_rcc.o
                0x0000000008007f3c                HAL_RCC_GetPCLK1Freq
 .text.HAL_RCC_GetPCLK2Freq
                0x0000000008007f68       0x2c ./Drivers/STM32H7xx_HAL_Driver/Src/stm32h7xx_hal_rcc.o
                0x0000000008007f68                HAL_RCC_GetPCLK2Freq
 .text.HAL_RCC_NMI_IRQHandler
                0x0000000008007f94       0x28 ./Drivers/STM32H7xx_HAL_Driver/Src/stm32h7xx_hal_rcc.o
                0x0000000008007f94                HAL_RCC_NMI_IRQHandler
 .text.HAL_RCC_CSSCallback
                0x0000000008007fbc        0xe ./Drivers/STM32H7xx_HAL_Driver/Src/stm32h7xx_hal_rcc.o
                0x0000000008007fbc                HAL_RCC_CSSCallback
 *fill*         0x0000000008007fca        0x2 
 .text.HAL_RCCEx_PeriphCLKConfig
                0x0000000008007fcc     0x1414 ./Drivers/STM32H7xx_HAL_Driver/Src/stm32h7xx_hal_rcc_ex.o
                0x0000000008007fcc                HAL_RCCEx_PeriphCLKConfig
 .text.HAL_RCCEx_GetPeriphCLKFreq
                0x00000000080093e0      0xb00 ./Drivers/STM32H7xx_HAL_Driver/Src/stm32h7xx_hal_rcc_ex.o
                0x00000000080093e0                HAL_RCCEx_GetPeriphCLKFreq
 .text.HAL_RCCEx_GetD3PCLK1Freq
                0x0000000008009ee0       0x2c ./Drivers/STM32H7xx_HAL_Driver/Src/stm32h7xx_hal_rcc_ex.o
                0x0000000008009ee0                HAL_RCCEx_GetD3PCLK1Freq
 .text.HAL_RCCEx_GetPLL2ClockFreq
                0x0000000008009f0c      0x2a8 ./Drivers/STM32H7xx_HAL_Driver/Src/stm32h7xx_hal_rcc_ex.o
                0x0000000008009f0c                HAL_RCCEx_GetPLL2ClockFreq
 .text.HAL_RCCEx_GetPLL3ClockFreq
                0x000000000800a1b4      0x2a8 ./Drivers/STM32H7xx_HAL_Driver/Src/stm32h7xx_hal_rcc_ex.o
                0x000000000800a1b4                HAL_RCCEx_GetPLL3ClockFreq
 .text.HAL_RCCEx_GetPLL1ClockFreq
                0x000000000800a45c      0x2a4 ./Drivers/STM32H7xx_HAL_Driver/Src/stm32h7xx_hal_rcc_ex.o
                0x000000000800a45c                HAL_RCCEx_GetPLL1ClockFreq
 .text.HAL_RCCEx_CRSConfig
                0x000000000800a700       0xac ./Drivers/STM32H7xx_HAL_Driver/Src/stm32h7xx_hal_rcc_ex.o
                0x000000000800a700                HAL_RCCEx_CRSConfig
 .text.RCCEx_PLL2_Config
                0x000000000800a7ac      0x164 ./Drivers/STM32H7xx_HAL_Driver/Src/stm32h7xx_hal_rcc_ex.o
 .text.RCCEx_PLL3_Config
                0x000000000800a910      0x164 ./Drivers/STM32H7xx_HAL_Driver/Src/stm32h7xx_hal_rcc_ex.o
 .text.HAL_TIM_Base_Init
                0x000000000800aa74       0xae ./Drivers/STM32H7xx_HAL_Driver/Src/stm32h7xx_hal_tim.o
                0x000000000800aa74                HAL_TIM_Base_Init
 *fill*         0x000000000800ab22        0x2 
 .text.HAL_TIM_ConfigClockSource
                0x000000000800ab24      0x1f0 ./Drivers/STM32H7xx_HAL_Driver/Src/stm32h7xx_hal_tim.o
                0x000000000800ab24                HAL_TIM_ConfigClockSource
 .text.TIM_Base_SetConfig
                0x000000000800ad14      0x134 ./Drivers/STM32H7xx_HAL_Driver/Src/stm32h7xx_hal_tim.o
                0x000000000800ad14                TIM_Base_SetConfig
 .text.TIM_TI1_ConfigInputStage
                0x000000000800ae48       0x5e ./Drivers/STM32H7xx_HAL_Driver/Src/stm32h7xx_hal_tim.o
 .text.TIM_TI2_ConfigInputStage
                0x000000000800aea6       0x60 ./Drivers/STM32H7xx_HAL_Driver/Src/stm32h7xx_hal_tim.o
 *fill*         0x000000000800af06        0x2 
 .text.TIM_ITRx_SetConfig
                0x000000000800af08       0x3c ./Drivers/STM32H7xx_HAL_Driver/Src/stm32h7xx_hal_tim.o
 .text.TIM_ETR_SetConfig
                0x000000000800af44       0x40 ./Drivers/STM32H7xx_HAL_Driver/Src/stm32h7xx_hal_tim.o
                0x000000000800af44                TIM_ETR_SetConfig
 .text.HAL_TIMEx_MasterConfigSynchronization
                0x000000000800af84      0x11c ./Drivers/STM32H7xx_HAL_Driver/Src/stm32h7xx_hal_tim_ex.o
                0x000000000800af84                HAL_TIMEx_MasterConfigSynchronization
 .text.HAL_UART_Init
                0x000000000800b0a0       0xa0 ./Drivers/STM32H7xx_HAL_Driver/Src/stm32h7xx_hal_uart.o
                0x000000000800b0a0                HAL_UART_Init
 .text.HAL_UART_Transmit
                0x000000000800b140      0x11c ./Drivers/STM32H7xx_HAL_Driver/Src/stm32h7xx_hal_uart.o
                0x000000000800b140                HAL_UART_Transmit
 .text.UART_SetConfig
                0x000000000800b25c      0xad0 ./Drivers/STM32H7xx_HAL_Driver/Src/stm32h7xx_hal_uart.o
                0x000000000800b25c                UART_SetConfig
 .text.UART_AdvFeatureConfig
                0x000000000800bd2c      0x144 ./Drivers/STM32H7xx_HAL_Driver/Src/stm32h7xx_hal_uart.o
                0x000000000800bd2c                UART_AdvFeatureConfig
 .text.UART_CheckIdleState
                0x000000000800be70      0x154 ./Drivers/STM32H7xx_HAL_Driver/Src/stm32h7xx_hal_uart.o
                0x000000000800be70                UART_CheckIdleState
 .text.UART_WaitOnFlagUntilTimeout
                0x000000000800bfc4       0xce ./Drivers/STM32H7xx_HAL_Driver/Src/stm32h7xx_hal_uart.o
                0x000000000800bfc4                UART_WaitOnFlagUntilTimeout
 *fill*         0x000000000800c092        0x2 
 .text.UART_EndRxTransfer
                0x000000000800c094       0xcc ./Drivers/STM32H7xx_HAL_Driver/Src/stm32h7xx_hal_uart.o
 .text.HAL_UARTEx_DisableFifoMode
                0x000000000800c160       0x72 ./Drivers/STM32H7xx_HAL_Driver/Src/stm32h7xx_hal_uart_ex.o
                0x000000000800c160                HAL_UARTEx_DisableFifoMode
 .text.HAL_UARTEx_SetTxFifoThreshold
                0x000000000800c1d2       0x7c ./Drivers/STM32H7xx_HAL_Driver/Src/stm32h7xx_hal_uart_ex.o
                0x000000000800c1d2                HAL_UARTEx_SetTxFifoThreshold
 .text.HAL_UARTEx_SetRxFifoThreshold
                0x000000000800c24e       0x7c ./Drivers/STM32H7xx_HAL_Driver/Src/stm32h7xx_hal_uart_ex.o
                0x000000000800c24e                HAL_UARTEx_SetRxFifoThreshold
 *fill*         0x000000000800c2ca        0x2 
 .text.UARTEx_SetNbDataToProcess
                0x000000000800c2cc       0x9c ./Drivers/STM32H7xx_HAL_Driver/Src/stm32h7xx_hal_uart_ex.o
 .text.__errno  0x000000000800c368        0xc c:/st/stm32cubeide_1.12.0/stm32cubeide/plugins/com.st.stm32cube.ide.mcu.externaltools.gnu-tools-for-stm32.10.3-2021.10.win32_1.0.200.202301161003/tools/bin/../lib/gcc/arm-none-eabi/10.3.1/../../../../arm-none-eabi/lib/thumb/v7e-m+dp/hard\libc_nano.a(lib_a-errno.o)
                0x000000000800c368                __errno
 .text.__libc_init_array
                0x000000000800c374       0x48 c:/st/stm32cubeide_1.12.0/stm32cubeide/plugins/com.st.stm32cube.ide.mcu.externaltools.gnu-tools-for-stm32.10.3-2021.10.win32_1.0.200.202301161003/tools/bin/../lib/gcc/arm-none-eabi/10.3.1/../../../../arm-none-eabi/lib/thumb/v7e-m+dp/hard\libc_nano.a(lib_a-init.o)
                0x000000000800c374                __libc_init_array
 .text.memcpy   0x000000000800c3bc       0x1c c:/st/stm32cubeide_1.12.0/stm32cubeide/plugins/com.st.stm32cube.ide.mcu.externaltools.gnu-tools-for-stm32.10.3-2021.10.win32_1.0.200.202301161003/tools/bin/../lib/gcc/arm-none-eabi/10.3.1/../../../../arm-none-eabi/lib/thumb/v7e-m+dp/hard\libc_nano.a(lib_a-memcpy-stub.o)
                0x000000000800c3bc                memcpy
 .text.memset   0x000000000800c3d8       0x10 c:/st/stm32cubeide_1.12.0/stm32cubeide/plugins/com.st.stm32cube.ide.mcu.externaltools.gnu-tools-for-stm32.10.3-2021.10.win32_1.0.200.202301161003/tools/bin/../lib/gcc/arm-none-eabi/10.3.1/../../../../arm-none-eabi/lib/thumb/v7e-m+dp/hard\libc_nano.a(lib_a-memset.o)
                0x000000000800c3d8                memset
 .text.__cvt    0x000000000800c3e8       0xa4 c:/st/stm32cubeide_1.12.0/stm32cubeide/plugins/com.st.stm32cube.ide.mcu.externaltools.gnu-tools-for-stm32.10.3-2021.10.win32_1.0.200.202301161003/tools/bin/../lib/gcc/arm-none-eabi/10.3.1/../../../../arm-none-eabi/lib/thumb/v7e-m+dp/hard\libc_nano.a(lib_a-nano-vfprintf_float.o)
                0x000000000800c3e8                __cvt
 .text.__exponent
                0x000000000800c48c       0x7c c:/st/stm32cubeide_1.12.0/stm32cubeide/plugins/com.st.stm32cube.ide.mcu.externaltools.gnu-tools-for-stm32.10.3-2021.10.win32_1.0.200.202301161003/tools/bin/../lib/gcc/arm-none-eabi/10.3.1/../../../../arm-none-eabi/lib/thumb/v7e-m+dp/hard\libc_nano.a(lib_a-nano-vfprintf_float.o)
                0x000000000800c48c                __exponent
 .text._printf_float
                0x000000000800c508      0x43c c:/st/stm32cubeide_1.12.0/stm32cubeide/plugins/com.st.stm32cube.ide.mcu.externaltools.gnu-tools-for-stm32.10.3-2021.10.win32_1.0.200.202301161003/tools/bin/../lib/gcc/arm-none-eabi/10.3.1/../../../../arm-none-eabi/lib/thumb/v7e-m+dp/hard\libc_nano.a(lib_a-nano-vfprintf_float.o)
                0x000000000800c508                _printf_float
 .text._printf_common
                0x000000000800c944       0xda c:/st/stm32cubeide_1.12.0/stm32cubeide/plugins/com.st.stm32cube.ide.mcu.externaltools.gnu-tools-for-stm32.10.3-2021.10.win32_1.0.200.202301161003/tools/bin/../lib/gcc/arm-none-eabi/10.3.1/../../../../arm-none-eabi/lib/thumb/v7e-m+dp/hard\libc_nano.a(lib_a-nano-vfprintf_i.o)
                0x000000000800c944                _printf_common
 *fill*         0x000000000800ca1e        0x2 
 .text._printf_i
                0x000000000800ca20      0x24c c:/st/stm32cubeide_1.12.0/stm32cubeide/plugins/com.st.stm32cube.ide.mcu.externaltools.gnu-tools-for-stm32.10.3-2021.10.win32_1.0.200.202301161003/tools/bin/../lib/gcc/arm-none-eabi/10.3.1/../../../../arm-none-eabi/lib/thumb/v7e-m+dp/hard\libc_nano.a(lib_a-nano-vfprintf_i.o)
                0x000000000800ca20                _printf_i
 .text.printf   0x000000000800cc6c       0x30 c:/st/stm32cubeide_1.12.0/stm32cubeide/plugins/com.st.stm32cube.ide.mcu.externaltools.gnu-tools-for-stm32.10.3-2021.10.win32_1.0.200.202301161003/tools/bin/../lib/gcc/arm-none-eabi/10.3.1/../../../../arm-none-eabi/lib/thumb/v7e-m+dp/hard\libc_nano.a(lib_a-printf.o)
                0x000000000800cc6c                iprintf
                0x000000000800cc6c                printf
 .text._puts_r  0x000000000800cc9c       0xdc c:/st/stm32cubeide_1.12.0/stm32cubeide/plugins/com.st.stm32cube.ide.mcu.externaltools.gnu-tools-for-stm32.10.3-2021.10.win32_1.0.200.202301161003/tools/bin/../lib/gcc/arm-none-eabi/10.3.1/../../../../arm-none-eabi/lib/thumb/v7e-m+dp/hard\libc_nano.a(lib_a-puts.o)
                0x000000000800cc9c                _puts_r
 .text.puts     0x000000000800cd78       0x10 c:/st/stm32cubeide_1.12.0/stm32cubeide/plugins/com.st.stm32cube.ide.mcu.externaltools.gnu-tools-for-stm32.10.3-2021.10.win32_1.0.200.202301161003/tools/bin/../lib/gcc/arm-none-eabi/10.3.1/../../../../arm-none-eabi/lib/thumb/v7e-m+dp/hard\libc_nano.a(lib_a-puts.o)
                0x000000000800cd78                puts
 .text.__swbuf_r
                0x000000000800cd88       0xa4 c:/st/stm32cubeide_1.12.0/stm32cubeide/plugins/com.st.stm32cube.ide.mcu.externaltools.gnu-tools-for-stm32.10.3-2021.10.win32_1.0.200.202301161003/tools/bin/../lib/gcc/arm-none-eabi/10.3.1/../../../../arm-none-eabi/lib/thumb/v7e-m+dp/hard\libc_nano.a(lib_a-wbuf.o)
                0x000000000800cd88                __swbuf_r
 .text.__swsetup_r
                0x000000000800ce2c       0xdc c:/st/stm32cubeide_1.12.0/stm32cubeide/plugins/com.st.stm32cube.ide.mcu.externaltools.gnu-tools-for-stm32.10.3-2021.10.win32_1.0.200.202301161003/tools/bin/../lib/gcc/arm-none-eabi/10.3.1/../../../../arm-none-eabi/lib/thumb/v7e-m+dp/hard\libc_nano.a(lib_a-wsetup.o)
                0x000000000800ce2c                __swsetup_r
 .text.quorem   0x000000000800cf08      0x116 c:/st/stm32cubeide_1.12.0/stm32cubeide/plugins/com.st.stm32cube.ide.mcu.externaltools.gnu-tools-for-stm32.10.3-2021.10.win32_1.0.200.202301161003/tools/bin/../lib/gcc/arm-none-eabi/10.3.1/../../../../arm-none-eabi/lib/thumb/v7e-m+dp/hard\libc_nano.a(lib_a-dtoa.o)
 *fill*         0x000000000800d01e        0x2 
 .text._dtoa_r  0x000000000800d020      0xadc c:/st/stm32cubeide_1.12.0/stm32cubeide/plugins/com.st.stm32cube.ide.mcu.externaltools.gnu-tools-for-stm32.10.3-2021.10.win32_1.0.200.202301161003/tools/bin/../lib/gcc/arm-none-eabi/10.3.1/../../../../arm-none-eabi/lib/thumb/v7e-m+dp/hard\libc_nano.a(lib_a-dtoa.o)
                0x000000000800d020                _dtoa_r
 .text.__sflush_r
                0x000000000800dafc      0x10c c:/st/stm32cubeide_1.12.0/stm32cubeide/plugins/com.st.stm32cube.ide.mcu.externaltools.gnu-tools-for-stm32.10.3-2021.10.win32_1.0.200.202301161003/tools/bin/../lib/gcc/arm-none-eabi/10.3.1/../../../../arm-none-eabi/lib/thumb/v7e-m+dp/hard\libc_nano.a(lib_a-fflush.o)
                0x000000000800dafc                __sflush_r
 .text._fflush_r
                0x000000000800dc08       0x78 c:/st/stm32cubeide_1.12.0/stm32cubeide/plugins/com.st.stm32cube.ide.mcu.externaltools.gnu-tools-for-stm32.10.3-2021.10.win32_1.0.200.202301161003/tools/bin/../lib/gcc/arm-none-eabi/10.3.1/../../../../arm-none-eabi/lib/thumb/v7e-m+dp/hard\libc_nano.a(lib_a-fflush.o)
                0x000000000800dc08                _fflush_r
 .text.std      0x000000000800dc80       0x48 c:/st/stm32cubeide_1.12.0/stm32cubeide/plugins/com.st.stm32cube.ide.mcu.externaltools.gnu-tools-for-stm32.10.3-2021.10.win32_1.0.200.202301161003/tools/bin/../lib/gcc/arm-none-eabi/10.3.1/../../../../arm-none-eabi/lib/thumb/v7e-m+dp/hard\libc_nano.a(lib_a-findfp.o)
 .text._cleanup_r
                0x000000000800dcc8        0xc c:/st/stm32cubeide_1.12.0/stm32cubeide/plugins/com.st.stm32cube.ide.mcu.externaltools.gnu-tools-for-stm32.10.3-2021.10.win32_1.0.200.202301161003/tools/bin/../lib/gcc/arm-none-eabi/10.3.1/../../../../arm-none-eabi/lib/thumb/v7e-m+dp/hard\libc_nano.a(lib_a-findfp.o)
                0x000000000800dcc8                _cleanup_r
 .text.__sfmoreglue
                0x000000000800dcd4       0x2c c:/st/stm32cubeide_1.12.0/stm32cubeide/plugins/com.st.stm32cube.ide.mcu.externaltools.gnu-tools-for-stm32.10.3-2021.10.win32_1.0.200.202301161003/tools/bin/../lib/gcc/arm-none-eabi/10.3.1/../../../../arm-none-eabi/lib/thumb/v7e-m+dp/hard\libc_nano.a(lib_a-findfp.o)
                0x000000000800dcd4                __sfmoreglue
 .text.__sfp_lock_acquire
                0x000000000800dd00        0xc c:/st/stm32cubeide_1.12.0/stm32cubeide/plugins/com.st.stm32cube.ide.mcu.externaltools.gnu-tools-for-stm32.10.3-2021.10.win32_1.0.200.202301161003/tools/bin/../lib/gcc/arm-none-eabi/10.3.1/../../../../arm-none-eabi/lib/thumb/v7e-m+dp/hard\libc_nano.a(lib_a-findfp.o)
                0x000000000800dd00                __sfp_lock_acquire
 .text.__sfp_lock_release
                0x000000000800dd0c        0xc c:/st/stm32cubeide_1.12.0/stm32cubeide/plugins/com.st.stm32cube.ide.mcu.externaltools.gnu-tools-for-stm32.10.3-2021.10.win32_1.0.200.202301161003/tools/bin/../lib/gcc/arm-none-eabi/10.3.1/../../../../arm-none-eabi/lib/thumb/v7e-m+dp/hard\libc_nano.a(lib_a-findfp.o)
                0x000000000800dd0c                __sfp_lock_release
 .text.__sinit_lock_acquire
                0x000000000800dd18        0xc c:/st/stm32cubeide_1.12.0/stm32cubeide/plugins/com.st.stm32cube.ide.mcu.externaltools.gnu-tools-for-stm32.10.3-2021.10.win32_1.0.200.202301161003/tools/bin/../lib/gcc/arm-none-eabi/10.3.1/../../../../arm-none-eabi/lib/thumb/v7e-m+dp/hard\libc_nano.a(lib_a-findfp.o)
                0x000000000800dd18                __sinit_lock_acquire
 .text.__sinit_lock_release
                0x000000000800dd24        0xc c:/st/stm32cubeide_1.12.0/stm32cubeide/plugins/com.st.stm32cube.ide.mcu.externaltools.gnu-tools-for-stm32.10.3-2021.10.win32_1.0.200.202301161003/tools/bin/../lib/gcc/arm-none-eabi/10.3.1/../../../../arm-none-eabi/lib/thumb/v7e-m+dp/hard\libc_nano.a(lib_a-findfp.o)
                0x000000000800dd24                __sinit_lock_release
 .text.__sinit  0x000000000800dd30       0x70 c:/st/stm32cubeide_1.12.0/stm32cubeide/plugins/com.st.stm32cube.ide.mcu.externaltools.gnu-tools-for-stm32.10.3-2021.10.win32_1.0.200.202301161003/tools/bin/../lib/gcc/arm-none-eabi/10.3.1/../../../../arm-none-eabi/lib/thumb/v7e-m+dp/hard\libc_nano.a(lib_a-findfp.o)
                0x000000000800dd30                __sinit
 .text.__sfp    0x000000000800dda0       0x8c c:/st/stm32cubeide_1.12.0/stm32cubeide/plugins/com.st.stm32cube.ide.mcu.externaltools.gnu-tools-for-stm32.10.3-2021.10.win32_1.0.200.202301161003/tools/bin/../lib/gcc/arm-none-eabi/10.3.1/../../../../arm-none-eabi/lib/thumb/v7e-m+dp/hard\libc_nano.a(lib_a-findfp.o)
                0x000000000800dda0                __sfp
 .text._fwalk_reent
                0x000000000800de2c       0x3e c:/st/stm32cubeide_1.12.0/stm32cubeide/plugins/com.st.stm32cube.ide.mcu.externaltools.gnu-tools-for-stm32.10.3-2021.10.win32_1.0.200.202301161003/tools/bin/../lib/gcc/arm-none-eabi/10.3.1/../../../../arm-none-eabi/lib/thumb/v7e-m+dp/hard\libc_nano.a(lib_a-fwalk.o)
                0x000000000800de2c                _fwalk_reent
 *fill*         0x000000000800de6a        0x2 
 .text._localeconv_r
                0x000000000800de6c        0x8 c:/st/stm32cubeide_1.12.0/stm32cubeide/plugins/com.st.stm32cube.ide.mcu.externaltools.gnu-tools-for-stm32.10.3-2021.10.win32_1.0.200.202301161003/tools/bin/../lib/gcc/arm-none-eabi/10.3.1/../../../../arm-none-eabi/lib/thumb/v7e-m+dp/hard\libc_nano.a(lib_a-localeconv.o)
                0x000000000800de6c                _localeconv_r
 .text.__retarget_lock_init_recursive
                0x000000000800de74        0x2 c:/st/stm32cubeide_1.12.0/stm32cubeide/plugins/com.st.stm32cube.ide.mcu.externaltools.gnu-tools-for-stm32.10.3-2021.10.win32_1.0.200.202301161003/tools/bin/../lib/gcc/arm-none-eabi/10.3.1/../../../../arm-none-eabi/lib/thumb/v7e-m+dp/hard\libc_nano.a(lib_a-lock.o)
                0x000000000800de74                __retarget_lock_init_recursive
 .text.__retarget_lock_acquire_recursive
                0x000000000800de76        0x2 c:/st/stm32cubeide_1.12.0/stm32cubeide/plugins/com.st.stm32cube.ide.mcu.externaltools.gnu-tools-for-stm32.10.3-2021.10.win32_1.0.200.202301161003/tools/bin/../lib/gcc/arm-none-eabi/10.3.1/../../../../arm-none-eabi/lib/thumb/v7e-m+dp/hard\libc_nano.a(lib_a-lock.o)
                0x000000000800de76                __retarget_lock_acquire_recursive
 .text.__retarget_lock_release_recursive
                0x000000000800de78        0x2 c:/st/stm32cubeide_1.12.0/stm32cubeide/plugins/com.st.stm32cube.ide.mcu.externaltools.gnu-tools-for-stm32.10.3-2021.10.win32_1.0.200.202301161003/tools/bin/../lib/gcc/arm-none-eabi/10.3.1/../../../../arm-none-eabi/lib/thumb/v7e-m+dp/hard\libc_nano.a(lib_a-lock.o)
                0x000000000800de78                __retarget_lock_release_recursive
 .text.__swhatbuf_r
                0x000000000800de7a       0x4a c:/st/stm32cubeide_1.12.0/stm32cubeide/plugins/com.st.stm32cube.ide.mcu.externaltools.gnu-tools-for-stm32.10.3-2021.10.win32_1.0.200.202301161003/tools/bin/../lib/gcc/arm-none-eabi/10.3.1/../../../../arm-none-eabi/lib/thumb/v7e-m+dp/hard\libc_nano.a(lib_a-makebuf.o)
                0x000000000800de7a                __swhatbuf_r
 .text.__smakebuf_r
                0x000000000800dec4       0x80 c:/st/stm32cubeide_1.12.0/stm32cubeide/plugins/com.st.stm32cube.ide.mcu.externaltools.gnu-tools-for-stm32.10.3-2021.10.win32_1.0.200.202301161003/tools/bin/../lib/gcc/arm-none-eabi/10.3.1/../../../../arm-none-eabi/lib/thumb/v7e-m+dp/hard\libc_nano.a(lib_a-makebuf.o)
                0x000000000800dec4                __smakebuf_r
 .text.malloc   0x000000000800df44       0x10 c:/st/stm32cubeide_1.12.0/stm32cubeide/plugins/com.st.stm32cube.ide.mcu.externaltools.gnu-tools-for-stm32.10.3-2021.10.win32_1.0.200.202301161003/tools/bin/../lib/gcc/arm-none-eabi/10.3.1/../../../../arm-none-eabi/lib/thumb/v7e-m+dp/hard\libc_nano.a(lib_a-malloc.o)
                0x000000000800df44                malloc
 .text._Balloc  0x000000000800df54       0x80 c:/st/stm32cubeide_1.12.0/stm32cubeide/plugins/com.st.stm32cube.ide.mcu.externaltools.gnu-tools-for-stm32.10.3-2021.10.win32_1.0.200.202301161003/tools/bin/../lib/gcc/arm-none-eabi/10.3.1/../../../../arm-none-eabi/lib/thumb/v7e-m+dp/hard\libc_nano.a(lib_a-mprec.o)
                0x000000000800df54                _Balloc
 .text._Bfree   0x000000000800dfd4       0x44 c:/st/stm32cubeide_1.12.0/stm32cubeide/plugins/com.st.stm32cube.ide.mcu.externaltools.gnu-tools-for-stm32.10.3-2021.10.win32_1.0.200.202301161003/tools/bin/../lib/gcc/arm-none-eabi/10.3.1/../../../../arm-none-eabi/lib/thumb/v7e-m+dp/hard\libc_nano.a(lib_a-mprec.o)
                0x000000000800dfd4                _Bfree
 .text.__multadd
                0x000000000800e018       0x8c c:/st/stm32cubeide_1.12.0/stm32cubeide/plugins/com.st.stm32cube.ide.mcu.externaltools.gnu-tools-for-stm32.10.3-2021.10.win32_1.0.200.202301161003/tools/bin/../lib/gcc/arm-none-eabi/10.3.1/../../../../arm-none-eabi/lib/thumb/v7e-m+dp/hard\libc_nano.a(lib_a-mprec.o)
                0x000000000800e018                __multadd
 .text.__hi0bits
                0x000000000800e0a4       0x40 c:/st/stm32cubeide_1.12.0/stm32cubeide/plugins/com.st.stm32cube.ide.mcu.externaltools.gnu-tools-for-stm32.10.3-2021.10.win32_1.0.200.202301161003/tools/bin/../lib/gcc/arm-none-eabi/10.3.1/../../../../arm-none-eabi/lib/thumb/v7e-m+dp/hard\libc_nano.a(lib_a-mprec.o)
                0x000000000800e0a4                __hi0bits
 .text.__lo0bits
                0x000000000800e0e4       0x5e c:/st/stm32cubeide_1.12.0/stm32cubeide/plugins/com.st.stm32cube.ide.mcu.externaltools.gnu-tools-for-stm32.10.3-2021.10.win32_1.0.200.202301161003/tools/bin/../lib/gcc/arm-none-eabi/10.3.1/../../../../arm-none-eabi/lib/thumb/v7e-m+dp/hard\libc_nano.a(lib_a-mprec.o)
                0x000000000800e0e4                __lo0bits
 *fill*         0x000000000800e142        0x2 
 .text.__i2b    0x000000000800e144       0x2c c:/st/stm32cubeide_1.12.0/stm32cubeide/plugins/com.st.stm32cube.ide.mcu.externaltools.gnu-tools-for-stm32.10.3-2021.10.win32_1.0.200.202301161003/tools/bin/../lib/gcc/arm-none-eabi/10.3.1/../../../../arm-none-eabi/lib/thumb/v7e-m+dp/hard\libc_nano.a(lib_a-mprec.o)
                0x000000000800e144                __i2b
 .text.__multiply
                0x000000000800e170      0x154 c:/st/stm32cubeide_1.12.0/stm32cubeide/plugins/com.st.stm32cube.ide.mcu.externaltools.gnu-tools-for-stm32.10.3-2021.10.win32_1.0.200.202301161003/tools/bin/../lib/gcc/arm-none-eabi/10.3.1/../../../../arm-none-eabi/lib/thumb/v7e-m+dp/hard\libc_nano.a(lib_a-mprec.o)
                0x000000000800e170                __multiply
 .text.__pow5mult
                0x000000000800e2c4       0xb4 c:/st/stm32cubeide_1.12.0/stm32cubeide/plugins/com.st.stm32cube.ide.mcu.externaltools.gnu-tools-for-stm32.10.3-2021.10.win32_1.0.200.202301161003/tools/bin/../lib/gcc/arm-none-eabi/10.3.1/../../../../arm-none-eabi/lib/thumb/v7e-m+dp/hard\libc_nano.a(lib_a-mprec.o)
                0x000000000800e2c4                __pow5mult
 .text.__lshift
                0x000000000800e378       0xe0 c:/st/stm32cubeide_1.12.0/stm32cubeide/plugins/com.st.stm32cube.ide.mcu.externaltools.gnu-tools-for-stm32.10.3-2021.10.win32_1.0.200.202301161003/tools/bin/../lib/gcc/arm-none-eabi/10.3.1/../../../../arm-none-eabi/lib/thumb/v7e-m+dp/hard\libc_nano.a(lib_a-mprec.o)
                0x000000000800e378                __lshift
 .text.__mcmp   0x000000000800e458       0x38 c:/st/stm32cubeide_1.12.0/stm32cubeide/plugins/com.st.stm32cube.ide.mcu.externaltools.gnu-tools-for-stm32.10.3-2021.10.win32_1.0.200.202301161003/tools/bin/../lib/gcc/arm-none-eabi/10.3.1/../../../../arm-none-eabi/lib/thumb/v7e-m+dp/hard\libc_nano.a(lib_a-mprec.o)
                0x000000000800e458                __mcmp
 .text.__mdiff  0x000000000800e490      0x114 c:/st/stm32cubeide_1.12.0/stm32cubeide/plugins/com.st.stm32cube.ide.mcu.externaltools.gnu-tools-for-stm32.10.3-2021.10.win32_1.0.200.202301161003/tools/bin/../lib/gcc/arm-none-eabi/10.3.1/../../../../arm-none-eabi/lib/thumb/v7e-m+dp/hard\libc_nano.a(lib_a-mprec.o)
                0x000000000800e490                __mdiff
 .text.__d2b    0x000000000800e5a4       0xb8 c:/st/stm32cubeide_1.12.0/stm32cubeide/plugins/com.st.stm32cube.ide.mcu.externaltools.gnu-tools-for-stm32.10.3-2021.10.win32_1.0.200.202301161003/tools/bin/../lib/gcc/arm-none-eabi/10.3.1/../../../../arm-none-eabi/lib/thumb/v7e-m+dp/hard\libc_nano.a(lib_a-mprec.o)
                0x000000000800e5a4                __d2b
 .text._calloc_r
                0x000000000800e65c       0x2c c:/st/stm32cubeide_1.12.0/stm32cubeide/plugins/com.st.stm32cube.ide.mcu.externaltools.gnu-tools-for-stm32.10.3-2021.10.win32_1.0.200.202301161003/tools/bin/../lib/gcc/arm-none-eabi/10.3.1/../../../../arm-none-eabi/lib/thumb/v7e-m+dp/hard\libc_nano.a(lib_a-nano-callocr.o)
                0x000000000800e65c                _calloc_r
 .text._free_r  0x000000000800e688       0x98 c:/st/stm32cubeide_1.12.0/stm32cubeide/plugins/com.st.stm32cube.ide.mcu.externaltools.gnu-tools-for-stm32.10.3-2021.10.win32_1.0.200.202301161003/tools/bin/../lib/gcc/arm-none-eabi/10.3.1/../../../../arm-none-eabi/lib/thumb/v7e-m+dp/hard\libc_nano.a(lib_a-nano-freer.o)
                0x000000000800e688                _free_r
 .text.sbrk_aligned
                0x000000000800e720       0x40 c:/st/stm32cubeide_1.12.0/stm32cubeide/plugins/com.st.stm32cube.ide.mcu.externaltools.gnu-tools-for-stm32.10.3-2021.10.win32_1.0.200.202301161003/tools/bin/../lib/gcc/arm-none-eabi/10.3.1/../../../../arm-none-eabi/lib/thumb/v7e-m+dp/hard\libc_nano.a(lib_a-nano-mallocr.o)
 .text._malloc_r
                0x000000000800e760       0xe8 c:/st/stm32cubeide_1.12.0/stm32cubeide/plugins/com.st.stm32cube.ide.mcu.externaltools.gnu-tools-for-stm32.10.3-2021.10.win32_1.0.200.202301161003/tools/bin/../lib/gcc/arm-none-eabi/10.3.1/../../../../arm-none-eabi/lib/thumb/v7e-m+dp/hard\libc_nano.a(lib_a-nano-mallocr.o)
                0x000000000800e760                _malloc_r
 .text.__sfputc_r
                0x000000000800e848       0x2e c:/st/stm32cubeide_1.12.0/stm32cubeide/plugins/com.st.stm32cube.ide.mcu.externaltools.gnu-tools-for-stm32.10.3-2021.10.win32_1.0.200.202301161003/tools/bin/../lib/gcc/arm-none-eabi/10.3.1/../../../../arm-none-eabi/lib/thumb/v7e-m+dp/hard\libc_nano.a(lib_a-nano-vfprintf.o)
 .text.__sfputs_r
                0x000000000800e876       0x24 c:/st/stm32cubeide_1.12.0/stm32cubeide/plugins/com.st.stm32cube.ide.mcu.externaltools.gnu-tools-for-stm32.10.3-2021.10.win32_1.0.200.202301161003/tools/bin/../lib/gcc/arm-none-eabi/10.3.1/../../../../arm-none-eabi/lib/thumb/v7e-m+dp/hard\libc_nano.a(lib_a-nano-vfprintf.o)
                0x000000000800e876                __sfputs_r
 *fill*         0x000000000800e89a        0x2 
 .text._vfprintf_r
                0x000000000800e89c      0x260 c:/st/stm32cubeide_1.12.0/stm32cubeide/plugins/com.st.stm32cube.ide.mcu.externaltools.gnu-tools-for-stm32.10.3-2021.10.win32_1.0.200.202301161003/tools/bin/../lib/gcc/arm-none-eabi/10.3.1/../../../../arm-none-eabi/lib/thumb/v7e-m+dp/hard\libc_nano.a(lib_a-nano-vfprintf.o)
                0x000000000800e89c                _vfprintf_r
                0x000000000800e89c                _vfiprintf_r
 .text._sbrk_r  0x000000000800eafc       0x20 c:/st/stm32cubeide_1.12.0/stm32cubeide/plugins/com.st.stm32cube.ide.mcu.externaltools.gnu-tools-for-stm32.10.3-2021.10.win32_1.0.200.202301161003/tools/bin/../lib/gcc/arm-none-eabi/10.3.1/../../../../arm-none-eabi/lib/thumb/v7e-m+dp/hard\libc_nano.a(lib_a-sbrkr.o)
                0x000000000800eafc                _sbrk_r
 .text.__sread  0x000000000800eb1c       0x22 c:/st/stm32cubeide_1.12.0/stm32cubeide/plugins/com.st.stm32cube.ide.mcu.externaltools.gnu-tools-for-stm32.10.3-2021.10.win32_1.0.200.202301161003/tools/bin/../lib/gcc/arm-none-eabi/10.3.1/../../../../arm-none-eabi/lib/thumb/v7e-m+dp/hard\libc_nano.a(lib_a-stdio.o)
                0x000000000800eb1c                __sread
 .text.__swrite
                0x000000000800eb3e       0x38 c:/st/stm32cubeide_1.12.0/stm32cubeide/plugins/com.st.stm32cube.ide.mcu.externaltools.gnu-tools-for-stm32.10.3-2021.10.win32_1.0.200.202301161003/tools/bin/../lib/gcc/arm-none-eabi/10.3.1/../../../../arm-none-eabi/lib/thumb/v7e-m+dp/hard\libc_nano.a(lib_a-stdio.o)
                0x000000000800eb3e                __swrite
 .text.__sseek  0x000000000800eb76       0x24 c:/st/stm32cubeide_1.12.0/stm32cubeide/plugins/com.st.stm32cube.ide.mcu.externaltools.gnu-tools-for-stm32.10.3-2021.10.win32_1.0.200.202301161003/tools/bin/../lib/gcc/arm-none-eabi/10.3.1/../../../../arm-none-eabi/lib/thumb/v7e-m+dp/hard\libc_nano.a(lib_a-stdio.o)
                0x000000000800eb76                __sseek
 .text.__sclose
                0x000000000800eb9a        0x8 c:/st/stm32cubeide_1.12.0/stm32cubeide/plugins/com.st.stm32cube.ide.mcu.externaltools.gnu-tools-for-stm32.10.3-2021.10.win32_1.0.200.202301161003/tools/bin/../lib/gcc/arm-none-eabi/10.3.1/../../../../arm-none-eabi/lib/thumb/v7e-m+dp/hard\libc_nano.a(lib_a-stdio.o)
                0x000000000800eb9a                __sclose
 *fill*         0x000000000800eba2        0x2 
 .text._write_r
                0x000000000800eba4       0x24 c:/st/stm32cubeide_1.12.0/stm32cubeide/plugins/com.st.stm32cube.ide.mcu.externaltools.gnu-tools-for-stm32.10.3-2021.10.win32_1.0.200.202301161003/tools/bin/../lib/gcc/arm-none-eabi/10.3.1/../../../../arm-none-eabi/lib/thumb/v7e-m+dp/hard\libc_nano.a(lib_a-writer.o)
                0x000000000800eba4                _write_r
 .text.__assert_func
                0x000000000800ebc8       0x3c c:/st/stm32cubeide_1.12.0/stm32cubeide/plugins/com.st.stm32cube.ide.mcu.externaltools.gnu-tools-for-stm32.10.3-2021.10.win32_1.0.200.202301161003/tools/bin/../lib/gcc/arm-none-eabi/10.3.1/../../../../arm-none-eabi/lib/thumb/v7e-m+dp/hard\libc_nano.a(lib_a-assert.o)
                0x000000000800ebc8                __assert_func
 .text._close_r
                0x000000000800ec04       0x20 c:/st/stm32cubeide_1.12.0/stm32cubeide/plugins/com.st.stm32cube.ide.mcu.externaltools.gnu-tools-for-stm32.10.3-2021.10.win32_1.0.200.202301161003/tools/bin/../lib/gcc/arm-none-eabi/10.3.1/../../../../arm-none-eabi/lib/thumb/v7e-m+dp/hard\libc_nano.a(lib_a-closer.o)
                0x000000000800ec04                _close_r
 .text.fprintf  0x000000000800ec24       0x24 c:/st/stm32cubeide_1.12.0/stm32cubeide/plugins/com.st.stm32cube.ide.mcu.externaltools.gnu-tools-for-stm32.10.3-2021.10.win32_1.0.200.202301161003/tools/bin/../lib/gcc/arm-none-eabi/10.3.1/../../../../arm-none-eabi/lib/thumb/v7e-m+dp/hard\libc_nano.a(lib_a-fprintf.o)
                0x000000000800ec24                fiprintf
                0x000000000800ec24                fprintf
 .text._fstat_r
                0x000000000800ec48       0x24 c:/st/stm32cubeide_1.12.0/stm32cubeide/plugins/com.st.stm32cube.ide.mcu.externaltools.gnu-tools-for-stm32.10.3-2021.10.win32_1.0.200.202301161003/tools/bin/../lib/gcc/arm-none-eabi/10.3.1/../../../../arm-none-eabi/lib/thumb/v7e-m+dp/hard\libc_nano.a(lib_a-fstatr.o)
                0x000000000800ec48                _fstat_r
 .text._isatty_r
                0x000000000800ec6c       0x20 c:/st/stm32cubeide_1.12.0/stm32cubeide/plugins/com.st.stm32cube.ide.mcu.externaltools.gnu-tools-for-stm32.10.3-2021.10.win32_1.0.200.202301161003/tools/bin/../lib/gcc/arm-none-eabi/10.3.1/../../../../arm-none-eabi/lib/thumb/v7e-m+dp/hard\libc_nano.a(lib_a-isattyr.o)
                0x000000000800ec6c                _isatty_r
 .text._lseek_r
                0x000000000800ec8c       0x24 c:/st/stm32cubeide_1.12.0/stm32cubeide/plugins/com.st.stm32cube.ide.mcu.externaltools.gnu-tools-for-stm32.10.3-2021.10.win32_1.0.200.202301161003/tools/bin/../lib/gcc/arm-none-eabi/10.3.1/../../../../arm-none-eabi/lib/thumb/v7e-m+dp/hard\libc_nano.a(lib_a-lseekr.o)
                0x000000000800ec8c                _lseek_r
 .text.__ascii_mbtowc
                0x000000000800ecb0       0x24 c:/st/stm32cubeide_1.12.0/stm32cubeide/plugins/com.st.stm32cube.ide.mcu.externaltools.gnu-tools-for-stm32.10.3-2021.10.win32_1.0.200.202301161003/tools/bin/../lib/gcc/arm-none-eabi/10.3.1/../../../../arm-none-eabi/lib/thumb/v7e-m+dp/hard\libc_nano.a(lib_a-mbtowc_r.o)
                0x000000000800ecb0                __ascii_mbtowc
 .text.__malloc_lock
                0x000000000800ecd4        0xc c:/st/stm32cubeide_1.12.0/stm32cubeide/plugins/com.st.stm32cube.ide.mcu.externaltools.gnu-tools-for-stm32.10.3-2021.10.win32_1.0.200.202301161003/tools/bin/../lib/gcc/arm-none-eabi/10.3.1/../../../../arm-none-eabi/lib/thumb/v7e-m+dp/hard\libc_nano.a(lib_a-mlock.o)
                0x000000000800ecd4                __malloc_lock
 .text.__malloc_unlock
                0x000000000800ece0        0xc c:/st/stm32cubeide_1.12.0/stm32cubeide/plugins/com.st.stm32cube.ide.mcu.externaltools.gnu-tools-for-stm32.10.3-2021.10.win32_1.0.200.202301161003/tools/bin/../lib/gcc/arm-none-eabi/10.3.1/../../../../arm-none-eabi/lib/thumb/v7e-m+dp/hard\libc_nano.a(lib_a-mlock.o)
                0x000000000800ece0                __malloc_unlock
 .text._read_r  0x000000000800ecec       0x24 c:/st/stm32cubeide_1.12.0/stm32cubeide/plugins/com.st.stm32cube.ide.mcu.externaltools.gnu-tools-for-stm32.10.3-2021.10.win32_1.0.200.202301161003/tools/bin/../lib/gcc/arm-none-eabi/10.3.1/../../../../arm-none-eabi/lib/thumb/v7e-m+dp/hard\libc_nano.a(lib_a-readr.o)
                0x000000000800ecec                _read_r
 .text.__ascii_wctomb
                0x000000000800ed10       0x1a c:/st/stm32cubeide_1.12.0/stm32cubeide/plugins/com.st.stm32cube.ide.mcu.externaltools.gnu-tools-for-stm32.10.3-2021.10.win32_1.0.200.202301161003/tools/bin/../lib/gcc/arm-none-eabi/10.3.1/../../../../arm-none-eabi/lib/thumb/v7e-m+dp/hard\libc_nano.a(lib_a-wctomb_r.o)
                0x000000000800ed10                __ascii_wctomb
 .text.abort    0x000000000800ed2a        0xe c:/st/stm32cubeide_1.12.0/stm32cubeide/plugins/com.st.stm32cube.ide.mcu.externaltools.gnu-tools-for-stm32.10.3-2021.10.win32_1.0.200.202301161003/tools/bin/../lib/gcc/arm-none-eabi/10.3.1/../../../../arm-none-eabi/lib/thumb/v7e-m+dp/hard\libc_nano.a(lib_a-abort.o)
                0x000000000800ed2a                abort
 .text._raise_r
                0x000000000800ed38       0x50 c:/st/stm32cubeide_1.12.0/stm32cubeide/plugins/com.st.stm32cube.ide.mcu.externaltools.gnu-tools-for-stm32.10.3-2021.10.win32_1.0.200.202301161003/tools/bin/../lib/gcc/arm-none-eabi/10.3.1/../../../../arm-none-eabi/lib/thumb/v7e-m+dp/hard\libc_nano.a(lib_a-signal.o)
                0x000000000800ed38                _raise_r
 .text.raise    0x000000000800ed88       0x10 c:/st/stm32cubeide_1.12.0/stm32cubeide/plugins/com.st.stm32cube.ide.mcu.externaltools.gnu-tools-for-stm32.10.3-2021.10.win32_1.0.200.202301161003/tools/bin/../lib/gcc/arm-none-eabi/10.3.1/../../../../arm-none-eabi/lib/thumb/v7e-m+dp/hard\libc_nano.a(lib_a-signal.o)
                0x000000000800ed88                raise
 .text._kill_r  0x000000000800ed98       0x24 c:/st/stm32cubeide_1.12.0/stm32cubeide/plugins/com.st.stm32cube.ide.mcu.externaltools.gnu-tools-for-stm32.10.3-2021.10.win32_1.0.200.202301161003/tools/bin/../lib/gcc/arm-none-eabi/10.3.1/../../../../arm-none-eabi/lib/thumb/v7e-m+dp/hard\libc_nano.a(lib_a-signalr.o)
                0x000000000800ed98                _kill_r
 .text._getpid_r
                0x000000000800edbc        0x4 c:/st/stm32cubeide_1.12.0/stm32cubeide/plugins/com.st.stm32cube.ide.mcu.externaltools.gnu-tools-for-stm32.10.3-2021.10.win32_1.0.200.202301161003/tools/bin/../lib/gcc/arm-none-eabi/10.3.1/../../../../arm-none-eabi/lib/thumb/v7e-m+dp/hard\libc_nano.a(lib_a-signalr.o)
                0x000000000800edbc                _getpid_r
 *(.glue_7)
 .glue_7        0x000000000800edc0        0x0 linker stubs
 *(.glue_7t)
 .glue_7t       0x000000000800edc0        0x0 linker stubs
 *(.eh_frame)
 .eh_frame      0x000000000800edc0        0x0 c:/st/stm32cubeide_1.12.0/stm32cubeide/plugins/com.st.stm32cube.ide.mcu.externaltools.gnu-tools-for-stm32.10.3-2021.10.win32_1.0.200.202301161003/tools/bin/../lib/gcc/arm-none-eabi/10.3.1/thumb/v7e-m+dp/hard/crtbegin.o
 *(.init)
 .init          0x000000000800edc0        0x4 c:/st/stm32cubeide_1.12.0/stm32cubeide/plugins/com.st.stm32cube.ide.mcu.externaltools.gnu-tools-for-stm32.10.3-2021.10.win32_1.0.200.202301161003/tools/bin/../lib/gcc/arm-none-eabi/10.3.1/thumb/v7e-m+dp/hard/crti.o
                0x000000000800edc0                _init
 .init          0x000000000800edc4        0x8 c:/st/stm32cubeide_1.12.0/stm32cubeide/plugins/com.st.stm32cube.ide.mcu.externaltools.gnu-tools-for-stm32.10.3-2021.10.win32_1.0.200.202301161003/tools/bin/../lib/gcc/arm-none-eabi/10.3.1/thumb/v7e-m+dp/hard/crtn.o
 *(.fini)
 .fini          0x000000000800edcc        0x4 c:/st/stm32cubeide_1.12.0/stm32cubeide/plugins/com.st.stm32cube.ide.mcu.externaltools.gnu-tools-for-stm32.10.3-2021.10.win32_1.0.200.202301161003/tools/bin/../lib/gcc/arm-none-eabi/10.3.1/thumb/v7e-m+dp/hard/crti.o
                0x000000000800edcc                _fini
 .fini          0x000000000800edd0        0x8 c:/st/stm32cubeide_1.12.0/stm32cubeide/plugins/com.st.stm32cube.ide.mcu.externaltools.gnu-tools-for-stm32.10.3-2021.10.win32_1.0.200.202301161003/tools/bin/../lib/gcc/arm-none-eabi/10.3.1/thumb/v7e-m+dp/hard/crtn.o
 .fini.__stub   0x000000000800edd8       0x40 linker stubs
                0x000000000800ee18                . = ALIGN (0x4)
                0x000000000800ee18                _etext = .

.vfp11_veneer   0x000000000800ee18        0x0
 .vfp11_veneer  0x000000000800ee18        0x0 linker stubs

.v4_bx          0x000000000800ee18        0x0
 .v4_bx         0x000000000800ee18        0x0 linker stubs

.iplt           0x000000000800ee18        0x0
 .iplt          0x000000000800ee18        0x0 c:/st/stm32cubeide_1.12.0/stm32cubeide/plugins/com.st.stm32cube.ide.mcu.externaltools.gnu-tools-for-stm32.10.3-2021.10.win32_1.0.200.202301161003/tools/bin/../lib/gcc/arm-none-eabi/10.3.1/thumb/v7e-m+dp/hard/crtbegin.o

.user_flash     0x0000000008100000        0x0
                0x0000000008100000                . = ALIGN (0x4)
 *(.user_flash)
                0x0000000008100000                . = ALIGN (0x4)

.rodata         0x000000000800ee18      0x8f4
                0x000000000800ee18                . = ALIGN (0x4)
 *(.rodata)
 .rodata        0x000000000800ee18      0x2c6 ./Core/Src/main.o
 *fill*         0x000000000800f0de        0x2 
 .rodata        0x000000000800f0e0      0x1f4 ./Core/Src/mw_gen.o
 *(.rodata*)
 *fill*         0x000000000800f2d4        0x4 
 .rodata.sweep_settings
                0x000000000800f2d8       0x18 ./Core/Src/mw_gen.o
                0x000000000800f2d8                sweep_settings
 .rodata.start_freq.2
                0x000000000800f2f0        0x8 ./Core/Src/mw_gen.o
 .rodata.num_points.1
                0x000000000800f2f8        0x4 ./Core/Src/mw_gen.o
 .rodata.D1CorePrescTable
                0x000000000800f2fc       0x10 ./Core/Src/system_stm32h7xx.o
                0x000000000800f2fc                D1CorePrescTable
 .rodata.UARTPrescTable
                0x000000000800f30c       0x18 ./Drivers/STM32H7xx_HAL_Driver/Src/stm32h7xx_hal_uart.o
                0x000000000800f30c                UARTPrescTable
 .rodata.numerator.1
                0x000000000800f324        0x8 ./Drivers/STM32H7xx_HAL_Driver/Src/stm32h7xx_hal_uart_ex.o
 .rodata.denominator.0
                0x000000000800f32c        0x8 ./Drivers/STM32H7xx_HAL_Driver/Src/stm32h7xx_hal_uart_ex.o
 .rodata._global_impure_ptr
                0x000000000800f334        0x4 c:/st/stm32cubeide_1.12.0/stm32cubeide/plugins/com.st.stm32cube.ide.mcu.externaltools.gnu-tools-for-stm32.10.3-2021.10.win32_1.0.200.202301161003/tools/bin/../lib/gcc/arm-none-eabi/10.3.1/../../../../arm-none-eabi/lib/thumb/v7e-m+dp/hard\libc_nano.a(lib_a-impure.o)
                0x000000000800f334                _global_impure_ptr
 .rodata._printf_float.str1.1
                0x000000000800f338       0x12 c:/st/stm32cubeide_1.12.0/stm32cubeide/plugins/com.st.stm32cube.ide.mcu.externaltools.gnu-tools-for-stm32.10.3-2021.10.win32_1.0.200.202301161003/tools/bin/../lib/gcc/arm-none-eabi/10.3.1/../../../../arm-none-eabi/lib/thumb/v7e-m+dp/hard\libc_nano.a(lib_a-nano-vfprintf_float.o)
 .rodata._printf_i.str1.1
                0x000000000800f34a       0x22 c:/st/stm32cubeide_1.12.0/stm32cubeide/plugins/com.st.stm32cube.ide.mcu.externaltools.gnu-tools-for-stm32.10.3-2021.10.win32_1.0.200.202301161003/tools/bin/../lib/gcc/arm-none-eabi/10.3.1/../../../../arm-none-eabi/lib/thumb/v7e-m+dp/hard\libc_nano.a(lib_a-nano-vfprintf_i.o)
 .rodata._dtoa_r.str1.1
                0x000000000800f36c       0x90 c:/st/stm32cubeide_1.12.0/stm32cubeide/plugins/com.st.stm32cube.ide.mcu.externaltools.gnu-tools-for-stm32.10.3-2021.10.win32_1.0.200.202301161003/tools/bin/../lib/gcc/arm-none-eabi/10.3.1/../../../../arm-none-eabi/lib/thumb/v7e-m+dp/hard\libc_nano.a(lib_a-dtoa.o)
                                         0x92 (size before relaxing)
 .rodata.__sf_fake_stderr
                0x000000000800f3fc       0x20 c:/st/stm32cubeide_1.12.0/stm32cubeide/plugins/com.st.stm32cube.ide.mcu.externaltools.gnu-tools-for-stm32.10.3-2021.10.win32_1.0.200.202301161003/tools/bin/../lib/gcc/arm-none-eabi/10.3.1/../../../../arm-none-eabi/lib/thumb/v7e-m+dp/hard\libc_nano.a(lib_a-findfp.o)
                0x000000000800f3fc                __sf_fake_stderr
 .rodata.__sf_fake_stdin
                0x000000000800f41c       0x20 c:/st/stm32cubeide_1.12.0/stm32cubeide/plugins/com.st.stm32cube.ide.mcu.externaltools.gnu-tools-for-stm32.10.3-2021.10.win32_1.0.200.202301161003/tools/bin/../lib/gcc/arm-none-eabi/10.3.1/../../../../arm-none-eabi/lib/thumb/v7e-m+dp/hard\libc_nano.a(lib_a-findfp.o)
                0x000000000800f41c                __sf_fake_stdin
 .rodata.__sf_fake_stdout
                0x000000000800f43c       0x20 c:/st/stm32cubeide_1.12.0/stm32cubeide/plugins/com.st.stm32cube.ide.mcu.externaltools.gnu-tools-for-stm32.10.3-2021.10.win32_1.0.200.202301161003/tools/bin/../lib/gcc/arm-none-eabi/10.3.1/../../../../arm-none-eabi/lib/thumb/v7e-m+dp/hard\libc_nano.a(lib_a-findfp.o)
                0x000000000800f43c                __sf_fake_stdout
 .rodata._Balloc.str1.1
                0x000000000800f45c       0x5c c:/st/stm32cubeide_1.12.0/stm32cubeide/plugins/com.st.stm32cube.ide.mcu.externaltools.gnu-tools-for-stm32.10.3-2021.10.win32_1.0.200.202301161003/tools/bin/../lib/gcc/arm-none-eabi/10.3.1/../../../../arm-none-eabi/lib/thumb/v7e-m+dp/hard\libc_nano.a(lib_a-mprec.o)
                                         0x73 (size before relaxing)
 .rodata.__multadd.str1.1
                0x000000000800f4b8       0x11 c:/st/stm32cubeide_1.12.0/stm32cubeide/plugins/com.st.stm32cube.ide.mcu.externaltools.gnu-tools-for-stm32.10.3-2021.10.win32_1.0.200.202301161003/tools/bin/../lib/gcc/arm-none-eabi/10.3.1/../../../../arm-none-eabi/lib/thumb/v7e-m+dp/hard\libc_nano.a(lib_a-mprec.o)
 .rodata.__mprec_bigtens
                0x000000000800f4b8       0x28 c:/st/stm32cubeide_1.12.0/stm32cubeide/plugins/com.st.stm32cube.ide.mcu.externaltools.gnu-tools-for-stm32.10.3-2021.10.win32_1.0.200.202301161003/tools/bin/../lib/gcc/arm-none-eabi/10.3.1/../../../../arm-none-eabi/lib/thumb/v7e-m+dp/hard\libc_nano.a(lib_a-mprec.o)
                0x000000000800f4b8                __mprec_bigtens
 .rodata.__mprec_tens
                0x000000000800f4e0       0xc8 c:/st/stm32cubeide_1.12.0/stm32cubeide/plugins/com.st.stm32cube.ide.mcu.externaltools.gnu-tools-for-stm32.10.3-2021.10.win32_1.0.200.202301161003/tools/bin/../lib/gcc/arm-none-eabi/10.3.1/../../../../arm-none-eabi/lib/thumb/v7e-m+dp/hard\libc_nano.a(lib_a-mprec.o)
                0x000000000800f4e0                __mprec_tens