Archive member included to satisfy reference by file (symbol)

c:/st/stm32cubeide_1.12.0/stm32cubeide/plugins/com.st.stm32cube.ide.mcu.externaltools.gnu-tools-for-stm32.10.3-2021.10.win32_1.0.200.202301161003/tools/bin/../lib/gcc/arm-none-eabi/10.3.1/../../../../arm-none-eabi/lib/thumb/v7e-m+dp/hard\libc_nano.a(lib_a-errno.o)
                              ./Core/Src/syscalls.o (__errno)
c:/st/stm32cubeide_1.12.0/stm32cubeide/plugins/com.st.stm32cube.ide.mcu.externaltools.gnu-tools-for-stm32.10.3-2021.10.win32_1.0.200.202301161003/tools/bin/../lib/gcc/arm-none-eabi/10.3.1/../../../../arm-none-eabi/lib/thumb/v7e-m+dp/hard\libc_nano.a(lib_a-exit.o)
                              c:/st/stm32cubeide_1.12.0/stm32cubeide/plugins/com.st.stm32cube.ide.mcu.externaltools.gnu-tools-for-stm32.10.3-2021.10.win32_1.0.200.202301161003/tools/bin/../lib/gcc/arm-none-eabi/10.3.1/../../../../arm-none-eabi/lib/thumb/v7e-m+dp/hard/crt0.o (exit)
c:/st/stm32cubeide_1.12.0/stm32cubeide/plugins/com.st.stm32cube.ide.mcu.externaltools.gnu-tools-for-stm32.10.3-2021.10.win32_1.0.200.202301161003/tools/bin/../lib/gcc/arm-none-eabi/10.3.1/../../../../arm-none-eabi/lib/thumb/v7e-m+dp/hard\libc_nano.a(lib_a-impure.o)
                              c:/st/stm32cubeide_1.12.0/stm32cubeide/plugins/com.st.stm32cube.ide.mcu.externaltools.gnu-tools-for-stm32.10.3-2021.10.win32_1.0.200.202301161003/tools/bin/../lib/gcc/arm-none-eabi/10.3.1/../../../../arm-none-eabi/lib/thumb/v7e-m+dp/hard\libc_nano.a(lib_a-exit.o) (_global_impure_ptr)
c:/st/stm32cubeide_1.12.0/stm32cubeide/plugins/com.st.stm32cube.ide.mcu.externaltools.gnu-tools-for-stm32.10.3-2021.10.win32_1.0.200.202301161003/tools/bin/../lib/gcc/arm-none-eabi/10.3.1/../../../../arm-none-eabi/lib/thumb/v7e-m+dp/hard\libc_nano.a(lib_a-init.o)
                              c:/st/stm32cubeide_1.12.0/stm32cubeide/plugins/com.st.stm32cube.ide.mcu.externaltools.gnu-tools-for-stm32.10.3-2021.10.win32_1.0.200.202301161003/tools/bin/../lib/gcc/arm-none-eabi/10.3.1/../../../../arm-none-eabi/lib/thumb/v7e-m+dp/hard/crt0.o (__libc_init_array)
c:/st/stm32cubeide_1.12.0/stm32cubeide/plugins/com.st.stm32cube.ide.mcu.externaltools.gnu-tools-for-stm32.10.3-2021.10.win32_1.0.200.202301161003/tools/bin/../lib/gcc/arm-none-eabi/10.3.1/../../../../arm-none-eabi/lib/thumb/v7e-m+dp/hard\libc_nano.a(lib_a-memcpy-stub.o)
                              ./Core/Src/main.o (memcpy)
c:/st/stm32cubeide_1.12.0/stm32cubeide/plugins/com.st.stm32cube.ide.mcu.externaltools.gnu-tools-for-stm32.10.3-2021.10.win32_1.0.200.202301161003/tools/bin/../lib/gcc/arm-none-eabi/10.3.1/../../../../arm-none-eabi/lib/thumb/v7e-m+dp/hard\libc_nano.a(lib_a-memset.o)
                              c:/st/stm32cubeide_1.12.0/stm32cubeide/plugins/com.st.stm32cube.ide.mcu.externaltools.gnu-tools-for-stm32.10.3-2021.10.win32_1.0.200.202301161003/tools/bin/../lib/gcc/arm-none-eabi/10.3.1/../../../../arm-none-eabi/lib/thumb/v7e-m+dp/hard/crt0.o (memset)
c:/st/stm32cubeide_1.12.0/stm32cubeide/plugins/com.st.stm32cube.ide.mcu.externaltools.gnu-tools-for-stm32.10.3-2021.10.win32_1.0.200.202301161003/tools/bin/../lib/gcc/arm-none-eabi/10.3.1/../../../../arm-none-eabi/lib/thumb/v7e-m+dp/hard\libc_nano.a(lib_a-nano-vfprintf_float.o)
                              (_printf_float)
c:/st/stm32cubeide_1.12.0/stm32cubeide/plugins/com.st.stm32cube.ide.mcu.externaltools.gnu-tools-for-stm32.10.3-2021.10.win32_1.0.200.202301161003/tools/bin/../lib/gcc/arm-none-eabi/10.3.1/../../../../arm-none-eabi/lib/thumb/v7e-m+dp/hard\libc_nano.a(lib_a-nano-vfprintf_i.o)
                              c:/st/stm32cubeide_1.12.0/stm32cubeide/plugins/com.st.stm32cube.ide.mcu.externaltools.gnu-tools-for-stm32.10.3-2021.10.win32_1.0.200.202301161003/tools/bin/../lib/gcc/arm-none-eabi/10.3.1/../../../../arm-none-eabi/lib/thumb/v7e-m+dp/hard\libc_nano.a(lib_a-nano-vfprintf_float.o) (_printf_common)
c:/st/stm32cubeide_1.12.0/stm32cubeide/plugins/com.st.stm32cube.ide.mcu.externaltools.gnu-tools-for-stm32.10.3-2021.10.win32_1.0.200.202301161003/tools/bin/../lib/gcc/arm-none-eabi/10.3.1/../../../../arm-none-eabi/lib/thumb/v7e-m+dp/hard\libc_nano.a(lib_a-printf.o)
                              ./Core/Src/main.o (printf)
c:/st/stm32cubeide_1.12.0/stm32cubeide/plugins/com.st.stm32cube.ide.mcu.externaltools.gnu-tools-for-stm32.10.3-2021.10.win32_1.0.200.202301161003/tools/bin/../lib/gcc/arm-none-eabi/10.3.1/../../../../arm-none-eabi/lib/thumb/v7e-m+dp/hard\libc_nano.a(lib_a-puts.o)
                              ./Core/Src/main.o (puts)
c:/st/stm32cubeide_1.12.0/stm32cubeide/plugins/com.st.stm32cube.ide.mcu.externaltools.gnu-tools-for-stm32.10.3-2021.10.win32_1.0.200.202301161003/tools/bin/../lib/gcc/arm-none-eabi/10.3.1/../../../../arm-none-eabi/lib/thumb/v7e-m+dp/hard\libc_nano.a(lib_a-strlen.o)
[...]
Memory Configuration

Name             Origin             Length             Attributes
BANK1_FLASH      0x0000000008000000 0x0000000000100000 xr
BANK2_FLASH      0x0000000008100000 0x0000000000100000 xr
DTCMRAM          0x0000000020000000 0x0000000000020000 xrw
RAM_D1           0x0000000024000000 0x0000000000080000 xrw
RAM_D2           0x0000000030000000 0x0000000000048000 xrw
RAM_D3           0x0000000038000000 0x0000000000010000 xrw
ITCMRAM          0x0000000000000000 0x0000000000010000 xrw
*default*        0x0000000000000000 0xffffffffffffffff

Linker script and memory map

LOAD c:/st/stm32cubeide_1.12.0/stm32cubeide/plugins/com.st.stm32cube.ide.mcu.externaltools.gnu-tools-for-stm32.10.3-2021.10.win32_1.0.200.202301161003/tools/bin/../lib/gcc/arm-none-eabi/10.3.1/thumb/v7e-m+dp/hard/crti.o
LOAD c:/st/stm32cubeide_1.12.0/stm32cubeide/plugins/com.st.stm32cube.ide.mcu.externaltools.gnu-tools-for-stm32.10.3-2021.10.win32_1.0.200.202301161003/tools/bin/../lib/gcc/arm-none-eabi/10.3.1/thumb/v7e-m+dp/hard/crtbegin.o
LOAD c:/st/stm32cubeide_1.12.0/stm32cubeide/plugins/com.st.stm32cube.ide.mcu.externaltools.gnu-tools-for-stm32.10.3-2021.10.win32_1.0.200.202301161003/tools/bin/../lib/gcc/arm-none-eabi/10.3.1/../../../../arm-none-eabi/lib/thumb/v7e-m+dp/hard/crt0.o
LOAD ./Core/Src/main.o
LOAD ./Core/Src/mw_gen.o
LOAD ./Core/Src/stm32h7xx_hal_msp.o
LOAD ./Core/Src/stm32h7xx_it.o
LOAD ./Core/Src/syscalls.o
LOAD ./Core/Src/sysmem.o
LOAD ./Core/Src/system_stm32h7xx.o
LOAD ./Core/Startup/startup_stm32h743zitx.o
LOAD ./Drivers/STM32H7xx_HAL_Driver/Src/stm32h7xx_hal.o
LOAD ./Drivers/STM32H7xx_HAL_Driver/Src/stm32h7xx_hal_cortex.o
LOAD ./Drivers/STM32H7xx_HAL_Driver/Src/stm32h7xx_hal_dac.o
LOAD ./Drivers/STM32H7xx_HAL_Driver/Src/stm32h7xx_hal_dac_ex.o
LOAD ./Drivers/STM32H7xx_HAL_Driver/Src/stm32h7xx_hal_dma.o
LOAD ./Drivers/STM32H7xx_HAL_Driver/Src/stm32h7xx_hal_dma_ex.o
LOAD ./Drivers/STM32H7xx_HAL_Driver/Src/stm32h7xx_hal_eth.o
LOAD ./Drivers/STM32H7xx_HAL_Driver/Src/stm32h7xx_hal_eth_ex.o
LOAD ./Drivers/STM32H7xx_HAL_Driver/Src/stm32h7xx_hal_exti.o
LOAD ./Drivers/STM32H7xx_HAL_Driver/Src/stm32h7xx_hal_flash.o
LOAD ./Drivers/STM32H7xx_HAL_Driver/Src/stm32h7xx_hal_flash_ex.o
LOAD ./Drivers/STM32H7xx_HAL_Driver/Src/stm32h7xx_hal_gpio.o
LOAD ./Drivers/STM32H7xx_HAL_Driver/Src/stm32h7xx_hal_hrtim.o
LOAD ./Drivers/STM32H7xx_HAL_Driver/Src/stm32h7xx_hal_hsem.o
LOAD ./Drivers/STM32H7xx_HAL_Driver/Src/stm32h7xx_hal_i2c.o
LOAD ./Drivers/STM32H7xx_HAL_Driver/Src/stm32h7xx_hal_i2c_ex.o
LOAD ./Drivers/STM32H7xx_HAL_Driver/Src/stm32h7xx_hal_lptim.o
LOAD ./Drivers/STM32H7xx_HAL_Driver/Src/stm32h7xx_hal_mdma.o
LOAD ./Drivers/STM32H7xx_HAL_Driver/Src/stm32h7xx_hal_pwr.o
LOAD ./Drivers/STM32H7xx_HAL_Driver/Src/stm32h7xx_hal_pwr_ex.o
LOAD ./Drivers/STM32H7xx_HAL_Driver/Src/stm32h7xx_hal_rcc.o
LOAD ./Drivers/STM32H7xx_HAL_Driver/Src/stm32h7xx_hal_rcc_ex.o
LOAD ./Drivers/STM32H7xx_HAL_Driver/Src/stm32h7xx_hal_tim.o
LOAD ./Drivers/STM32H7xx_HAL_Driver/Src/stm32h7xx_hal_tim_ex.o
LOAD ./Drivers/STM32H7xx_HAL_Driver/Src/stm32h7xx_hal_uart.o
LOAD ./Drivers/STM32H7xx_HAL_Driver/Src/stm32h7xx_hal_uart_ex.o
START GROUP
LOAD c:/st/stm32cubeide_1.12.0/stm32cubeide/plugins/com.st.stm32cube.ide.mcu.externaltools.gnu-tools-for-stm32.10.3-2021.10.win32_1.0.200.202301161003/tools/bin/../lib/gcc/arm-none-eabi/10.3.1/../../../../arm-none-eabi/lib/thumb/v7e-m+dp/hard\libc_nano.a
LOAD c:/st/stm32cubeide_1.12.0/stm32cubeide/plugins/com.st.stm32cube.ide.mcu.externaltools.gnu-tools-for-stm32.10.3-2021.10.win32_1.0.200.202301161003/tools/bin/../lib/gcc/arm-none-eabi/10.3.1/../../../../arm-none-eabi/lib/thumb/v7e-m+dp/hard\libm.a
END GROUP
START GROUP
LOAD c:/st/stm32cubeide_1.12.0/stm32cubeide/plugins/com.st.stm32cube.ide.mcu.externaltools.gnu-tools-for-stm32.10.3-2021.10.win32_1.0.200.202301161003/tools/bin/../lib/gcc/arm-none-eabi/10.3.1/thumb/v7e-m+dp/hard\libgcc.a
LOAD c:/st/stm32cubeide_1.12.0/stm32cubeide/plugins/com.st.stm32cube.ide.mcu.externaltools.gnu-tools-for-stm32.10.3-2021.10.win32_1.0.200.202301161003/tools/bin/../lib/gcc/arm-none-eabi/10.3.1/../../../../arm-none-eabi/lib/thumb/v7e-m+dp/hard\libc_nano.a
END GROUP
START GROUP
LOAD c:/st/stm32cubeide_1.12.0/stm32cubeide/plugins/com.st.stm32cube.ide.mcu.externaltools.gnu-tools-for-stm32.10.3-2021.10.win32_1.0.200.202301161003/tools/bin/../lib/gcc/arm-none-eabi/10.3.1/thumb/v7e-m+dp/hard\libgcc.a
LOAD c:/st/stm32cubeide_1.12.0/stm32cubeide/plugins/com.st.stm32cube.ide.mcu.externaltools.gnu-tools-for-stm32.10.3-2021.10.win32_1.0.200.202301161003/tools/bin/../lib/gcc/arm-none-eabi/10.3.1/../../../../arm-none-eabi/lib/thumb/v7e-m+dp/hard\libc_nano.a
LOAD c:/st/stm32cubeide_1.12.0/stm32cubeide/plugins/com.st.stm32cube.ide.mcu.externaltools.gnu-tools-for-stm32.10.3-2021.10.win32_1.0.200.202301161003/tools/bin/../lib/gcc/arm-none-eabi/10.3.1/../../../../arm-none-eabi/lib/thumb/v7e-m+dp/hard\libnosys.a
END GROUP
START GROUP
LOAD c:/st/stm32cubeide_1.12.0/stm32cubeide/plugins/com.st.stm32cube.ide.mcu.externaltools.gnu-tools-for-stm32.10.3-2021.10.win32_1.0.200.202301161003/tools/bin/../lib/gcc/arm-none-eabi/10.3.1/thumb/v7e-m+dp/hard\libgcc.a
LOAD c:/st/stm32cubeide_1.12.0/stm32cubeide/plugins/com.st.stm32cube.ide.mcu.externaltools.gnu-tools-for-stm32.10.3-2021.10.win32_1.0.200.202301161003/tools/bin/../lib/gcc/arm-none-eabi/10.3.1/../../../../arm-none-eabi/lib/thumb/v7e-m+dp/hard\libc_nano.a
LOAD c:/st/stm32cubeide_1.12.0/stm32cubeide/plugins/com.st.stm32cube.ide.mcu.externaltools.gnu-tools-for-stm32.10.3-2021.10.win32_1.0.200.202301161003/tools/bin/../lib/gcc/arm-none-eabi/10.3.1/../../../../arm-none-eabi/lib/thumb/v7e-m+dp/hard\libnosys.a
END GROUP
LOAD c:/st/stm32cubeide_1.12.0/stm32cubeide/plugins/com.st.stm32cube.ide.mcu.externaltools.gnu-tools-for-stm32.10.3-2021.10.win32_1.0.200.202301161003/tools/bin/../lib/gcc/arm-none-eabi/10.3.1/thumb/v7e-m+dp/hard/crtend.o
LOAD c:/st/stm32cubeide_1.12.0/stm32cubeide/plugins/com.st.stm32cube.ide.mcu.externaltools.gnu-tools-for-stm32.10.3-2021.10.win32_1.0.200.202301161003/tools/bin/../lib/gcc/arm-none-eabi/10.3.1/thumb/v7e-m+dp/hard/crtn.o
                0x0000000020020000                _estack = (ORIGIN (DTCMRAM) + LENGTH (DTCMRAM))
                0x0000000000000200                _Min_Heap_Size = 0x200
                0x0000000000000400                _Min_Stack_Size = 0x400

.isr_vector     0x0000000008000000      0x298
                0x0000000008000000                . = ALIGN (0x4)
 *(.isr_vector)
 .isr_vector    0x0000000008000000      0x298 ./Core/Startup/startup_stm32h743zitx.o
                0x0000000008000000                g_pfnVectors
                0x0000000008000298                . = ALIGN (0x4)
                0x0000000008000298                _siitcm = LOADADDR (.itcm)

.itcm           0x0000000000000000      0x918 load address 0x0000000008000298
                0x0000000000000000                . = ALIGN (0x4)
                0x0000000000000000                _sitcm = .
 *(.itcm)
 .itcm          0x0000000000000000      0x280 ./Core/Src/main.o
                0x0000000000000000                start_timer
                0x000000000000003c                stop_timer
                0x0000000000000060                timer_delay
 .itcm          0x0000000000000280      0x634 ./Core/Src/mw_gen.o
                0x00000000000003a2                init_synthesiser
                0x00000000000006dc                set_frequency_hz
                0x00000000000007a0                run_sweep
 *fill*         0x00000000000008b4        0x4 
 .itcm.__stub   0x00000000000008b8       0x60 linker stubs
 *(.itcm*)
                0x0000000000000918                . = ALIGN (0x4)
                0x0000000000000918                _eitcm = .

.text           0x0000000008000bb0     0xc2e0
                0x0000000008000bb0                . = ALIGN (0x4)
 *(.text)
 .text          0x0000000008000bb0       0x40 c:/st/stm32cubeide_1.12.0/stm32cubeide/plugins/com.st.stm32cube.ide.mcu.externaltools.gnu-tools-for-stm32.10.3-2021.10.win32_1.0.200.202301161003/tools/bin/../lib/gcc/arm-none-eabi/10.3.1/thumb/v7e-m+dp/hard/crtbegin.o
 .text          0x0000000008000bf0       0x10 c:/st/stm32cubeide_1.12.0/stm32cubeide/plugins/com.st.stm32cube.ide.mcu.externaltools.gnu-tools-for-stm32.10.3-2021.10.win32_1.0.200.202301161003/tools/bin/../lib/gcc/arm-none-eabi/10.3.1/../../../../arm-none-eabi/lib/thumb/v7e-m+dp/hard\libc_nano.a(lib_a-strlen.o)
                0x0000000008000bf0                strlen
 .text          0x0000000008000c00       0xa0 c:/st/stm32cubeide_1.12.0/stm32cubeide/plugins/com.st.stm32cube.ide.mcu.externaltools.gnu-tools-for-stm32.10.3-2021.10.win32_1.0.200.202301161003/tools/bin/../lib/gcc/arm-none-eabi/10.3.1/../../../../arm-none-eabi/lib/thumb/v7e-m+dp/hard\libc_nano.a(lib_a-memchr.o)
                0x0000000008000c00                memchr
 .text          0x0000000008000ca0       0x30 c:/st/stm32cubeide_1.12.0/stm32cubeide/plugins/com.st.stm32cube.ide.mcu.externaltools.gnu-tools-for-stm32.10.3-2021.10.win32_1.0.200.202301161003/tools/bin/../lib/gcc/arm-none-eabi/10.3.1/thumb/v7e-m+dp/hard\libgcc.a(_aeabi_uldivmod.o)
                0x0000000008000ca0                __aeabi_uldivmod
 .text          0x0000000008000cd0      0x2d0 c:/st/stm32cubeide_1.12.0/stm32cubeide/plugins/com.st.stm32cube.ide.mcu.externaltools.gnu-tools-for-stm32.10.3-2021.10.win32_1.0.200.202301161003/tools/bin/../lib/gcc/arm-none-eabi/10.3.1/thumb/v7e-m+dp/hard\libgcc.a(_udivmoddi4.o)
                0x0000000008000cd0                __udivmoddi4
 .text          0x0000000008000fa0        0x4 c:/st/stm32cubeide_1.12.0/stm32cubeide/plugins/com.st.stm32cube.ide.mcu.externaltools.gnu-tools-for-stm32.10.3-2021.10.win32_1.0.200.202301161003/tools/bin/../lib/gcc/arm-none-eabi/10.3.1/thumb/v7e-m+dp/hard\libgcc.a(_dvmd_tls.o)
                0x0000000008000fa0                __aeabi_idiv0
                0x0000000008000fa0                __aeabi_ldiv0
 *(.text*)
 .text.__io_putchar
                0x0000000008000fa4       0x24 ./Core/Src/main.o
                0x0000000008000fa4                __io_putchar
 .text.HAL_GPIO_EXTI_Callback
                0x0000000008000fc8      0x124 ./Core/Src/main.o
                0x0000000008000fc8                HAL_GPIO_EXTI_Callback
 .text.HAL_LPTIM_AutoReloadMatchCallback
                0x00000000080010ec       0x1c ./Core/Src/main.o
                0x00000000080010ec                HAL_LPTIM_AutoReloadMatchCallback
 .text.HAL_HRTIM_Compare2EventCallback
                0x0000000008001108       0x56 ./Core/Src/main.o
                0x0000000008001108                HAL_HRTIM_Compare2EventCallback
 *fill*         0x000000000800115e        0x2 
 .text.HAL_HRTIM_Compare3EventCallback
                0x0000000008001160      0x118 ./Core/Src/main.o
                0x0000000008001160                HAL_HRTIM_Compare3EventCallback
 .text.HAL_HRTIM_RepetitionEventCallback
                0x0000000008001278       0x16 ./Core/Src/main.o
                0x0000000008001278                HAL_HRTIM_RepetitionEventCallback
 *fill*         0x000000000800128e        0x2 
 .text.main     0x0000000008001290      0x21c ./Core/Src/main.o
                0x0000000008001290                main
 .text.SystemClock_Config
                0x00000000080014ac      0x17c ./Core/Src/main.o
                0x00000000080014ac                SystemClock_Config
 .text.MX_DAC1_Init
                0x0000000008001628       0x64 ./Core/Src/main.o
 .text.MX_ETH_Init
                0x000000000800168c       0x98 ./Core/Src/main.o
 .text.MX_HRTIM_Init
                0x0000000008001724      0x2a4 ./Core/Src/main.o
 .text.MX_LPTIM1_Init
                0x00000000080019c8       0x5c ./Core/Src/main.o
 .text.MX_TIM1_Init
                0x0000000008001a24       0xa8 ./Core/Src/main.o
 .text.MX_TIM3_Init
                0x0000000008001acc       0x9c ./Core/Src/main.o
 .text.MX_USART3_UART_Init
                0x0000000008001b68       0x9c ./Core/Src/main.o
 .text.MX_GPIO_Init
                0x0000000008001c04      0x278 ./Core/Src/main.o
 .text.Error_Handler
                0x0000000008001e7c       0x60 ./Core/Src/main.o
                0x0000000008001e7c                Error_Handler
 .text.HAL_MspInit
                0x0000000008001edc       0x34 ./Core/Src/stm32h7xx_hal_msp.o
                0x0000000008001edc                HAL_MspInit
 .text.HAL_DAC_MspInit
                0x0000000008001f10       0x8c ./Core/Src/stm32h7xx_hal_msp.o
                0x0000000008001f10                HAL_DAC_MspInit
 .text.HAL_ETH_MspInit
                0x0000000008001f9c      0x19c ./Core/Src/stm32h7xx_hal_msp.o
                0x0000000008001f9c                HAL_ETH_MspInit
 .text.HAL_HRTIM_MspInit
                0x0000000008002138       0x94 ./Core/Src/stm32h7xx_hal_msp.o
                0x0000000008002138                HAL_HRTIM_MspInit
 .text.HAL_HRTIM_MspPostInit
                0x00000000080021cc       0xb8 ./Core/Src/stm32h7xx_hal_msp.o
                0x00000000080021cc                HAL_HRTIM_MspPostInit
 .text.HAL_LPTIM_MspInit
                0x0000000008002284       0x88 ./Core/Src/stm32h7xx_hal_msp.o
                0x0000000008002284                HAL_LPTIM_MspInit
 .text.HAL_TIM_Base_MspInit
                0x000000000800230c       0x74 ./Core/Src/stm32h7xx_hal_msp.o
                0x000000000800230c                HAL_TIM_Base_MspInit
 .text.HAL_UART_MspInit
                0x0000000008002380       0xd4 ./Core/Src/stm32h7xx_hal_msp.o
                0x0000000008002380                HAL_UART_MspInit
 .text.NMI_Handler
                0x0000000008002454        0xe ./Core/Src/stm32h7xx_it.o
                0x0000000008002454                NMI_Handler
 .text.HardFault_Handler
                0x0000000008002462        0xa ./Core/Src/stm32h7xx_it.o
                0x0000000008002462                HardFault_Handler
 .text.MemManage_Handler
                0x000000000800246c        0xa ./Core/Src/stm32h7xx_it.o
                0x000000000800246c                MemManage_Handler
 .text.BusFault_Handler
                0x0000000008002476        0xa ./Core/Src/stm32h7xx_it.o
                0x0000000008002476                BusFault_Handler
 .text.UsageFault_Handler
                0x0000000008002480        0xa ./Core/Src/stm32h7xx_it.o
                0x0000000008002480                UsageFault_Handler
 .text.SVC_Handler
                0x000000000800248a        0xe ./Core/Src/stm32h7xx_it.o
                0x000000000800248a                SVC_Handler
 .text.DebugMon_Handler
                0x0000000008002498        0xe ./Core/Src/stm32h7xx_it.o
                0x0000000008002498                DebugMon_Handler
 .text.PendSV_Handler
                0x00000000080024a6        0xe ./Core/Src/stm32h7xx_it.o
                0x00000000080024a6                PendSV_Handler
 .text.SysTick_Handler
                0x00000000080024b4        0xc ./Core/Src/stm32h7xx_it.o
                0x00000000080024b4                SysTick_Handler
 .text.EXTI15_10_IRQHandler
                0x00000000080024c0       0x10 ./Core/Src/stm32h7xx_it.o
                0x00000000080024c0                EXTI15_10_IRQHandler
 .text.LPTIM1_IRQHandler
                0x00000000080024d0       0x14 ./Core/Src/stm32h7xx_it.o
                0x00000000080024d0                LPTIM1_IRQHandler
 .text.HRTIM1_TIMA_IRQHandler
                0x00000000080024e4       0x14 ./Core/Src/stm32h7xx_it.o
                0x00000000080024e4                HRTIM1_TIMA_IRQHandler
 .text.HRTIM1_TIME_IRQHandler
                0x00000000080024f8       0x14 ./Core/Src/stm32h7xx_it.o
                0x00000000080024f8                HRTIM1_TIME_IRQHandler
 .text._getpid  0x000000000800250c       0x10 ./Core/Src/syscalls.o
                0x000000000800250c                _getpid
 .text._kill    0x000000000800251c       0x20 ./Core/Src/syscalls.o
                0x000000000800251c                _kill
 .text._exit    0x000000000800253c       0x14 ./Core/Src/syscalls.o
                0x000000000800253c                _exit
 .text._read    0x0000000008002550       0x3a ./Core/Src/syscalls.o
                0x0000000008002550                _read
 .text._write   0x000000000800258a       0x38 ./Core/Src/syscalls.o
                0x000000000800258a                _write
 .text._close   0x00000000080025c2       0x18 ./Core/Src/syscalls.o
                0x00000000080025c2                _close
 .text._fstat   0x00000000080025da       0x20 ./Core/Src/syscalls.o
                0x00000000080025da                _fstat
 .text._isatty  0x00000000080025fa       0x16 ./Core/Src/syscalls.o
                0x00000000080025fa                _isatty
 .text._lseek   0x0000000008002610       0x1a ./Core/Src/syscalls.o
                0x0000000008002610                _lseek
 *fill*         0x000000000800262a        0x2 
 .text._sbrk    0x000000000800262c       0x6c ./Core/Src/sysmem.o
                0x000000000800262c                _sbrk
 .text.SystemInit
                0x0000000008002698      0x110 ./Core/Src/system_stm32h7xx.o
                0x0000000008002698                SystemInit
 .text.Reset_Handler
                0x00000000080027a8       0x50 ./Core/Startup/startup_stm32h743zitx.o
                0x00000000080027a8                Reset_Handler
 .text.Default_Handler
                0x00000000080027f8        0x2 ./Core/Startup/startup_stm32h743zitx.o
                0x00000000080027f8                RTC_Alarm_IRQHandler
                0x00000000080027f8                EXTI2_IRQHandler
                0x00000000080027f8                TIM8_CC_IRQHandler
                0x00000000080027f8                HRTIM1_Master_IRQHandler
                0x00000000080027f8                UART8_IRQHandler
                0x00000000080027f8                SPI4_IRQHandler
                0x00000000080027f8                TIM1_CC_IRQHandler
                0x00000000080027f8                BDMA_Channel6_IRQHandler
                0x00000000080027f8                DMA2_Stream5_IRQHandler
                0x00000000080027f8                HRTIM1_FLT_IRQHandler
                0x00000000080027f8                JPEG_IRQHandler
                0x00000000080027f8                DMA1_Stream5_IRQHandler
                0x00000000080027f8                BDMA_Channel1_IRQHandler
                0x00000000080027f8                HRTIM1_TIMD_IRQHandler
                0x00000000080027f8                TAMP_STAMP_IRQHandler
                0x00000000080027f8                EXTI3_IRQHandler
                0x00000000080027f8                LPTIM4_IRQHandler
                0x00000000080027f8                TIM8_TRG_COM_TIM14_IRQHandler
                0x00000000080027f8                LPTIM2_IRQHandler
                0x00000000080027f8                DFSDM1_FLT1_IRQHandler
                0x00000000080027f8                DMAMUX2_OVR_IRQHandler
                0x00000000080027f8                TIM8_UP_TIM13_IRQHandler
                0x00000000080027f8                I2C3_ER_IRQHandler
                0x00000000080027f8                DFSDM1_FLT2_IRQHandler
                0x00000000080027f8                MDMA_IRQHandler
                0x00000000080027f8                LPTIM3_IRQHandler
                0x00000000080027f8                HSEM1_IRQHandler
                0x00000000080027f8                EXTI0_IRQHandler
                0x00000000080027f8                I2C2_EV_IRQHandler
                0x00000000080027f8                DMA1_Stream2_IRQHandler
                0x00000000080027f8                FPU_IRQHandler
                0x00000000080027f8                OTG_HS_WKUP_IRQHandler
                0x00000000080027f8                FDCAN1_IT1_IRQHandler
                0x00000000080027f8                LTDC_ER_IRQHandler
                0x00000000080027f8                DMA2_Stream2_IRQHandler
                0x00000000080027f8                SPI1_IRQHandler
                0x00000000080027f8                TIM6_DAC_IRQHandler
                0x00000000080027f8                DCMI_IRQHandler
                0x00000000080027f8                HRTIM1_TIMC_IRQHandler
                0x00000000080027f8                DMA2_Stream3_IRQHandler
                0x00000000080027f8                SAI2_IRQHandler
                0x00000000080027f8                DFSDM1_FLT3_IRQHandler
                0x00000000080027f8                USART6_IRQHandler
                0x00000000080027f8                TIM17_IRQHandler
                0x00000000080027f8                USART3_IRQHandler
                0x00000000080027f8                BDMA_Channel7_IRQHandler
                0x00000000080027f8                LPTIM5_IRQHandler
                0x00000000080027f8                UART5_IRQHandler
                0x00000000080027f8                ADC3_IRQHandler
                0x00000000080027f8                DMA2_Stream0_IRQHandler
                0x00000000080027f8                TIM4_IRQHandler
                0x00000000080027f8                BDMA_Channel2_IRQHandler
                0x00000000080027f8                QUADSPI_IRQHandler
                0x00000000080027f8                I2C1_EV_IRQHandler
                0x00000000080027f8                DMA1_Stream6_IRQHandler
                0x00000000080027f8                DMAMUX1_OVR_IRQHandler
                0x00000000080027f8                DMA1_Stream1_IRQHandler
                0x00000000080027f8                TIM16_IRQHandler
                0x00000000080027f8                UART4_IRQHandler
                0x00000000080027f8                BDMA_Channel5_IRQHandler
                0x00000000080027f8                TIM3_IRQHandler
                0x00000000080027f8                RCC_IRQHandler
                0x00000000080027f8                TIM8_BRK_TIM12_IRQHandler
                0x00000000080027f8                TIM1_TRG_COM_IRQHandler
                0x00000000080027f8                Default_Handler
                0x00000000080027f8                ECC_IRQHandler
                0x00000000080027f8                CEC_IRQHandler
                0x00000000080027f8                BDMA_Channel0_IRQHandler
                0x00000000080027f8                ADC_IRQHandler
                0x00000000080027f8                DMA1_Stream7_IRQHandler
                0x00000000080027f8                SPI5_IRQHandler
                0x00000000080027f8                TIM7_IRQHandler
                0x00000000080027f8                SDMMC1_IRQHandler
                0x00000000080027f8                TIM5_IRQHandler
                0x00000000080027f8                DMA2_Stream7_IRQHandler
                0x00000000080027f8                TIM15_IRQHandler
                0x00000000080027f8                PVD_AVD_IRQHandler
                0x00000000080027f8                I2C3_EV_IRQHandler
                0x00000000080027f8                EXTI9_5_IRQHandler
                0x00000000080027f8                RTC_WKUP_IRQHandler
                0x00000000080027f8                LTDC_IRQHandler
                0x00000000080027f8                SAI3_IRQHandler
                0x00000000080027f8                ETH_WKUP_IRQHandler
                0x00000000080027f8                SPDIF_RX_IRQHandler
                0x00000000080027f8                SPI2_IRQHandler
                0x00000000080027f8                OTG_HS_EP1_IN_IRQHandler
                0x00000000080027f8                DMA1_Stream0_IRQHandler
                0x00000000080027f8                CRS_IRQHandler
                0x00000000080027f8                EXTI4_IRQHandler
                0x00000000080027f8                RNG_IRQHandler
                0x00000000080027f8                HRTIM1_TIMB_IRQHandler
                0x00000000080027f8                FDCAN2_IT1_IRQHandler
                0x00000000080027f8                ETH_IRQHandler
                0x00000000080027f8                TIM1_UP_IRQHandler
                0x00000000080027f8                BDMA_Channel4_IRQHandler
                0x00000000080027f8                OTG_HS_EP1_OUT_IRQHandler
                0x00000000080027f8                WWDG_IRQHandler
                0x00000000080027f8                SPI6_IRQHandler
                0x00000000080027f8                MDIOS_IRQHandler
                0x00000000080027f8                I2C4_EV_IRQHandler
                0x00000000080027f8                FDCAN2_IT0_IRQHandler
                0x00000000080027f8                LPUART1_IRQHandler
                0x00000000080027f8                FDCAN1_IT0_IRQHandler
                0x00000000080027f8                TIM2_IRQHandler
                0x00000000080027f8                OTG_FS_WKUP_IRQHandler
                0x00000000080027f8                OTG_HS_IRQHandler
                0x00000000080027f8                DMA2D_IRQHandler
                0x00000000080027f8                TIM1_BRK_IRQHandler
                0x00000000080027f8                EXTI1_IRQHandler
                0x00000000080027f8                SDMMC2_IRQHandler
                0x00000000080027f8                OTG_FS_EP1_OUT_IRQHandler
                0x00000000080027f8                BDMA_Channel3_IRQHandler
                0x00000000080027f8                UART7_IRQHandler
                0x00000000080027f8                MDIOS_WKUP_IRQHandler
                0x00000000080027f8                USART2_IRQHandler
                0x00000000080027f8                DFSDM1_FLT0_IRQHandler
                0x00000000080027f8                SAI4_IRQHandler
                0x00000000080027f8                I2C2_ER_IRQHandler
                0x00000000080027f8                DMA2_Stream1_IRQHandler
                0x00000000080027f8                FLASH_IRQHandler
                0x00000000080027f8                DMA2_Stream4_IRQHandler
                0x00000000080027f8                USART1_IRQHandler
                0x00000000080027f8                OTG_FS_IRQHandler
                0x00000000080027f8                SPI3_IRQHandler
                0x00000000080027f8                WAKEUP_PIN_IRQHandler
                0x00000000080027f8                DMA1_Stream4_IRQHandler
                0x00000000080027f8                OTG_FS_EP1_IN_IRQHandler
                0x00000000080027f8                I2C1_ER_IRQHandler
                0x00000000080027f8                FMC_IRQHandler
                0x00000000080027f8                FDCAN_CAL_IRQHandler
                0x00000000080027f8                SWPMI1_IRQHandler
                0x00000000080027f8                COMP1_IRQHandler
                0x00000000080027f8                I2C4_ER_IRQHandler
                0x00000000080027f8                DMA2_Stream6_IRQHandler
                0x00000000080027f8                SAI1_IRQHandler
                0x00000000080027f8                DMA1_Stream3_IRQHandler
 *fill*         0x00000000080027fa        0x2 
 .text.HAL_Init
                0x00000000080027fc       0x78 ./Drivers/STM32H7xx_HAL_Driver/Src/stm32h7xx_hal.o
                0x00000000080027fc                HAL_Init
 .text.HAL_InitTick
                0x0000000008002874       0x6c ./Drivers/STM32H7xx_HAL_Driver/Src/stm32h7xx_hal.o
                0x0000000008002874                HAL_InitTick
 .text.HAL_IncTick
                0x00000000080028e0       0x28 ./Drivers/STM32H7xx_HAL_Driver/Src/stm32h7xx_hal.o
                0x00000000080028e0                HAL_IncTick
 .text.HAL_GetTick
                0x0000000008002908       0x18 ./Drivers/STM32H7xx_HAL_Driver/Src/stm32h7xx_hal.o
                0x0000000008002908                HAL_GetTick
 .text.HAL_Delay
                0x0000000008002920       0x48 ./Drivers/STM32H7xx_HAL_Driver/Src/stm32h7xx_hal.o
                0x0000000008002920                HAL_Delay
 .text.HAL_SuspendTick
                0x0000000008002968       0x20 ./Drivers/STM32H7xx_HAL_Driver/Src/stm32h7xx_hal.o
                0x0000000008002968                HAL_SuspendTick
 .text.HAL_ResumeTick
                0x0000000008002988       0x20 ./Drivers/STM32H7xx_HAL_Driver/Src/stm32h7xx_hal.o
                0x0000000008002988                HAL_ResumeTick
 .text.HAL_GetREVID
                0x00000000080029a8       0x18 ./Drivers/STM32H7xx_HAL_Driver/Src/stm32h7xx_hal.o
                0x00000000080029a8                HAL_GetREVID
 .text.HAL_SYSCFG_ETHInterfaceSelect
                0x00000000080029c0       0x28 ./Drivers/STM32H7xx_HAL_Driver/Src/stm32h7xx_hal.o
                0x00000000080029c0                HAL_SYSCFG_ETHInterfaceSelect
 .text.__NVIC_SetPriorityGrouping
                0x00000000080029e8       0x48 ./Drivers/STM32H7xx_HAL_Driver/Src/stm32h7xx_hal_cortex.o
 .text.__NVIC_GetPriorityGrouping
                0x0000000008002a30       0x1c ./Drivers/STM32H7xx_HAL_Driver/Src/stm32h7xx_hal_cortex.o
 .text.__NVIC_EnableIRQ
                0x0000000008002a4c       0x3c ./Drivers/STM32H7xx_HAL_Driver/Src/stm32h7xx_hal_cortex.o
 .text.__NVIC_SetPriority
                0x0000000008002a88       0x54 ./Drivers/STM32H7xx_HAL_Driver/Src/stm32h7xx_hal_cortex.o
 .text.NVIC_EncodePriority
                0x0000000008002adc       0x66 ./Drivers/STM32H7xx_HAL_Driver/Src/stm32h7xx_hal_cortex.o
 *fill*         0x0000000008002b42        0x2 
 .text.SysTick_Config
                0x0000000008002b44       0x44 ./Drivers/STM32H7xx_HAL_Driver/Src/stm32h7xx_hal_cortex.o
 .text.HAL_NVIC_SetPriorityGrouping
                0x0000000008002b88       0x16 ./Drivers/STM32H7xx_HAL_Driver/Src/stm32h7xx_hal_cortex.o
                0x0000000008002b88                HAL_NVIC_SetPriorityGrouping
 .text.HAL_NVIC_SetPriority
                0x0000000008002b9e       0x34 ./Drivers/STM32H7xx_HAL_Driver/Src/stm32h7xx_hal_cortex.o
                0x0000000008002b9e                HAL_NVIC_SetPriority
 .text.HAL_NVIC_EnableIRQ
                0x0000000008002bd2       0x1c ./Drivers/STM32H7xx_HAL_Driver/Src/stm32h7xx_hal_cortex.o
                0x0000000008002bd2                HAL_NVIC_EnableIRQ
 .text.HAL_SYSTICK_Config
                0x0000000008002bee       0x18 ./Drivers/STM32H7xx_HAL_Driver/Src/stm32h7xx_hal_cortex.o
                0x0000000008002bee                HAL_SYSTICK_Config
 .text.HAL_DAC_Init
                0x0000000008002c06       0x44 ./Drivers/STM32H7xx_HAL_Driver/Src/stm32h7xx_hal_dac.o
                0x0000000008002c06                HAL_DAC_Init
 .text.HAL_DAC_Start
                0x0000000008002c4a       0xa4 ./Drivers/STM32H7xx_HAL_Driver/Src/stm32h7xx_hal_dac.o
                0x0000000008002c4a                HAL_DAC_Start
 .text.HAL_DAC_SetValue
                0x0000000008002cee       0x4a ./Drivers/STM32H7xx_HAL_Driver/Src/stm32h7xx_hal_dac.o
                0x0000000008002cee                HAL_DAC_SetValue
 .text.HAL_DAC_ConfigChannel
                0x0000000008002d38      0x27c ./Drivers/STM32H7xx_HAL_Driver/Src/stm32h7xx_hal_dac.o
                0x0000000008002d38                HAL_DAC_ConfigChannel
 .text.HAL_ETH_Init
                0x0000000008002fb4      0x1cc ./Drivers/STM32H7xx_HAL_Driver/Src/stm32h7xx_hal_eth.o
                0x0000000008002fb4                HAL_ETH_Init
 .text.HAL_ETH_SetMDIOClockRange
                0x0000000008003180       0xb0 ./Drivers/STM32H7xx_HAL_Driver/Src/stm32h7xx_hal_eth.o
                0x0000000008003180                HAL_ETH_SetMDIOClockRange
 .text.ETH_SetMACConfig
                0x0000000008003230      0x238 ./Drivers/STM32H7xx_HAL_Driver/Src/stm32h7xx_hal_eth.o
 .text.ETH_SetDMAConfig
                0x0000000008003468      0x10c ./Drivers/STM32H7xx_HAL_Driver/Src/stm32h7xx_hal_eth.o
 .text.ETH_MACDMAConfig
                0x0000000008003574      0x13a ./Drivers/STM32H7xx_HAL_Driver/Src/stm32h7xx_hal_eth.o
 .text.ETH_DMATxDescListInit
                0x00000000080036ae       0x92 ./Drivers/STM32H7xx_HAL_Driver/Src/stm32h7xx_hal_eth.o
 .text.ETH_DMARxDescListInit
                0x0000000008003740       0xba ./Drivers/STM32H7xx_HAL_Driver/Src/stm32h7xx_hal_eth.o
 *fill*         0x00000000080037fa        0x2 
 .text.HAL_GPIO_Init
                0x00000000080037fc      0x360 ./Drivers/STM32H7xx_HAL_Driver/Src/stm32h7xx_hal_gpio.o
                0x00000000080037fc                HAL_GPIO_Init
 .text.HAL_GPIO_ReadPin
                0x0000000008003b5c       0x30 ./Drivers/STM32H7xx_HAL_Driver/Src/stm32h7xx_hal_gpio.o
                0x0000000008003b5c                HAL_GPIO_ReadPin
 .text.HAL_GPIO_WritePin
                0x0000000008003b8c       0x32 ./Drivers/STM32H7xx_HAL_Driver/Src/stm32h7xx_hal_gpio.o
                0x0000000008003b8c                HAL_GPIO_WritePin
 .text.HAL_GPIO_TogglePin
                0x0000000008003bbe       0x34 ./Drivers/STM32H7xx_HAL_Driver/Src/stm32h7xx_hal_gpio.o
                0x0000000008003bbe                HAL_GPIO_TogglePin
 .text.HAL_GPIO_EXTI_IRQHandler
                0x0000000008003bf2       0x34 ./Drivers/STM32H7xx_HAL_Driver/Src/stm32h7xx_hal_gpio.o
                0x0000000008003bf2                HAL_GPIO_EXTI_IRQHandler
 *fill*         0x0000000008003c26        0x2 
 .text.HAL_HRTIM_Init
                0x0000000008003c28      0x1a0 ./Drivers/STM32H7xx_HAL_Driver/Src/stm32h7xx_hal_hrtim.o
                0x0000000008003c28                HAL_HRTIM_Init
 .text.HAL_HRTIM_TimeBaseConfig
                0x0000000008003dc8       0x50 ./Drivers/STM32H7xx_HAL_Driver/Src/stm32h7xx_hal_hrtim.o
                0x0000000008003dc8                HAL_HRTIM_TimeBaseConfig
 .text.HAL_HRTIM_WaveformTimerConfig
                0x0000000008003e18       0xe4 ./Drivers/STM32H7xx_HAL_Driver/Src/stm32h7xx_hal_hrtim.o
                0x0000000008003e18                HAL_HRTIM_WaveformTimerConfig
 .text.HAL_HRTIM_WaveformCompareConfig
                0x0000000008003efc      0x2dc ./Drivers/STM32H7xx_HAL_Driver/Src/stm32h7xx_hal_hrtim.o
                0x0000000008003efc                HAL_HRTIM_WaveformCompareConfig
 .text.HAL_HRTIM_WaveformOutputConfig
                0x00000000080041d8       0x62 ./Drivers/STM32H7xx_HAL_Driver/Src/stm32h7xx_hal_hrtim.o
                0x00000000080041d8                HAL_HRTIM_WaveformOutputConfig
 *fill*         0x000000000800423a        0x2 
 .text.HAL_HRTIM_WaveformSetOutputLevel
                0x000000000800423c      0x1ec ./Drivers/STM32H7xx_HAL_Driver/Src/stm32h7xx_hal_hrtim.o
                0x000000000800423c                HAL_HRTIM_WaveformSetOutputLevel
 .text.HAL_HRTIM_WaveformOutputStart
                0x0000000008004428       0x5a ./Drivers/STM32H7xx_HAL_Driver/Src/stm32h7xx_hal_hrtim.o
                0x0000000008004428                HAL_HRTIM_WaveformOutputStart
 .text.HAL_HRTIM_WaveformOutputStop
                0x0000000008004482       0x5a ./Drivers/STM32H7xx_HAL_Driver/Src/stm32h7xx_hal_hrtim.o
                0x0000000008004482                HAL_HRTIM_WaveformOutputStop
 .text.HAL_HRTIM_WaveformCountStart_IT
                0x00000000080044dc       0xe0 ./Drivers/STM32H7xx_HAL_Driver/Src/stm32h7xx_hal_hrtim.o
                0x00000000080044dc                HAL_HRTIM_WaveformCountStart_IT
 .text.HAL_HRTIM_WaveformCountStop_IT
                0x00000000080045bc       0xfc ./Drivers/STM32H7xx_HAL_Driver/Src/stm32h7xx_hal_hrtim.o
                0x00000000080045bc                HAL_HRTIM_WaveformCountStop_IT
 .text.HAL_HRTIM_IRQHandler
                0x00000000080046b8       0x36 ./Drivers/STM32H7xx_HAL_Driver/Src/stm32h7xx_hal_hrtim.o
                0x00000000080046b8                HAL_HRTIM_IRQHandler
 .text.HAL_HRTIM_Fault1Callback
                0x00000000080046ee       0x14 ./Drivers/STM32H7xx_HAL_Driver/Src/stm32h7xx_hal_hrtim.o
                0x00000000080046ee                HAL_HRTIM_Fault1Callback
 .text.HAL_HRTIM_Fault2Callback
                0x0000000008004702       0x14 ./Drivers/STM32H7xx_HAL_Driver/Src/stm32h7xx_hal_hrtim.o
                0x0000000008004702                HAL_HRTIM_Fault2Callback
 .text.HAL_HRTIM_Fault3Callback
                0x0000000008004716       0x14 ./Drivers/STM32H7xx_HAL_Driver/Src/stm32h7xx_hal_hrtim.o
                0x0000000008004716                HAL_HRTIM_Fault3Callback
 .text.HAL_HRTIM_Fault4Callback
                0x000000000800472a       0x14 ./Drivers/STM32H7xx_HAL_Driver/Src/stm32h7xx_hal_hrtim.o
                0x000000000800472a                HAL_HRTIM_Fault4Callback
 .text.HAL_HRTIM_Fault5Callback
                0x000000000800473e       0x14 ./Drivers/STM32H7xx_HAL_Driver/Src/stm32h7xx_hal_hrtim.o
                0x000000000800473e                HAL_HRTIM_Fault5Callback
 .text.HAL_HRTIM_SystemFaultCallback
                0x0000000008004752       0x14 ./Drivers/STM32H7xx_HAL_Driver/Src/stm32h7xx_hal_hrtim.o
                0x0000000008004752                HAL_HRTIM_SystemFaultCallback
 .text.HAL_HRTIM_BurstModePeriodCallback
                0x0000000008004766       0x14 ./Drivers/STM32H7xx_HAL_Driver/Src/stm32h7xx_hal_hrtim.o
                0x0000000008004766                HAL_HRTIM_BurstModePeriodCallback
 .text.HAL_HRTIM_SynchronizationEventCallback
                0x000000000800477a       0x14 ./Drivers/STM32H7xx_HAL_Driver/Src/stm32h7xx_hal_hrtim.o
                0x000000000800477a                HAL_HRTIM_SynchronizationEventCallback
 .text.HAL_HRTIM_RegistersUpdateCallback
                0x000000000800478e       0x16 ./Drivers/STM32H7xx_HAL_Driver/Src/stm32h7xx_hal_hrtim.o
                0x000000000800478e                HAL_HRTIM_RegistersUpdateCallback
 .text.HAL_HRTIM_Compare1EventCallback
                0x00000000080047a4       0x16 ./Drivers/STM32H7xx_HAL_Driver/Src/stm32h7xx_hal_hrtim.o
                0x00000000080047a4                HAL_HRTIM_Compare1EventCallback
 .text.HAL_HRTIM_Compare4EventCallback
                0x00000000080047ba       0x16 ./Drivers/STM32H7xx_HAL_Driver/Src/stm32h7xx_hal_hrtim.o
                0x00000000080047ba                HAL_HRTIM_Compare4EventCallback
 .text.HAL_HRTIM_Capture1EventCallback
                0x00000000080047d0       0x16 ./Drivers/STM32H7xx_HAL_Driver/Src/stm32h7xx_hal_hrtim.o
                0x00000000080047d0                HAL_HRTIM_Capture1EventCallback
 .text.HAL_HRTIM_Capture2EventCallback
                0x00000000080047e6       0x16 ./Drivers/STM32H7xx_HAL_Driver/Src/stm32h7xx_hal_hrtim.o
                0x00000000080047e6                HAL_HRTIM_Capture2EventCallback
 .text.HAL_HRTIM_DelayedProtectionCallback
                0x00000000080047fc       0x16 ./Drivers/STM32H7xx_HAL_Driver/Src/stm32h7xx_hal_hrtim.o
                0x00000000080047fc                HAL_HRTIM_DelayedProtectionCallback
 .text.HAL_HRTIM_CounterResetCallback
                0x0000000008004812       0x16 ./Drivers/STM32H7xx_HAL_Driver/Src/stm32h7xx_hal_hrtim.o
                0x0000000008004812                HAL_HRTIM_CounterResetCallback
 .text.HAL_HRTIM_Output1SetCallback
                0x0000000008004828       0x16 ./Drivers/STM32H7xx_HAL_Driver/Src/stm32h7xx_hal_hrtim.o
                0x0000000008004828                HAL_HRTIM_Output1SetCallback
 .text.HAL_HRTIM_Output1ResetCallback
                0x000000000800483e       0x16 ./Drivers/STM32H7xx_HAL_Driver/Src/stm32h7xx_hal_hrtim.o
                0x000000000800483e                HAL_HRTIM_Output1ResetCallback
 .text.HAL_HRTIM_Output2SetCallback
                0x0000000008004854       0x16 ./Drivers/STM32H7xx_HAL_Driver/Src/stm32h7xx_hal_hrtim.o
                0x0000000008004854                HAL_HRTIM_Output2SetCallback
 .text.HAL_HRTIM_Output2ResetCallback
                0x000000000800486a       0x16 ./Drivers/STM32H7xx_HAL_Driver/Src/stm32h7xx_hal_hrtim.o
                0x000000000800486a                HAL_HRTIM_Output2ResetCallback
 .text.HRTIM_MasterBase_Config
                0x0000000008004880       0x5e ./Drivers/STM32H7xx_HAL_Driver/Src/stm32h7xx_hal_hrtim.o
 .text.HRTIM_TimingUnitBase_Config
                0x00000000080048de       0x80 ./Drivers/STM32H7xx_HAL_Driver/Src/stm32h7xx_hal_hrtim.o
 .text.HRTIM_MasterWaveform_Config
                0x000000000800495e       0xcc ./Drivers/STM32H7xx_HAL_Driver/Src/stm32h7xx_hal_hrtim.o
 *fill*         0x0000000008004a2a        0x2 
 .text.HRTIM_TimingUnitWaveform_Config
                0x0000000008004a2c      0x280 ./Drivers/STM32H7xx_HAL_Driver/Src/stm32h7xx_hal_hrtim.o
 .text.HRTIM_OutputConfig
                0x0000000008004cac      0x1fc ./Drivers/STM32H7xx_HAL_Driver/Src/stm32h7xx_hal_hrtim.o
 .text.HRTIM_ForceRegistersUpdate
                0x0000000008004ea8       0xc4 ./Drivers/STM32H7xx_HAL_Driver/Src/stm32h7xx_hal_hrtim.o
 .text.HRTIM_HRTIM_ISR
                0x0000000008004f6c       0xfc ./Drivers/STM32H7xx_HAL_Driver/Src/stm32h7xx_hal_hrtim.o
 .text.HRTIM_Master_ISR
                0x0000000008005068      0x154 ./Drivers/STM32H7xx_HAL_Driver/Src/stm32h7xx_hal_hrtim.o
 .text.HRTIM_Timer_ISR
                0x00000000080051bc      0x2aa ./Drivers/STM32H7xx_HAL_Driver/Src/stm32h7xx_hal_hrtim.o
 *fill*         0x0000000008005466        0x2 
 .text.HAL_LPTIM_Init
                0x0000000008005468      0x160 ./Drivers/STM32H7xx_HAL_Driver/Src/stm32h7xx_hal_lptim.o
                0x0000000008005468                HAL_LPTIM_Init
 .text.HAL_LPTIM_Counter_Start_IT
                0x00000000080055c8       0xce ./Drivers/STM32H7xx_HAL_Driver/Src/stm32h7xx_hal_lptim.o
                0x00000000080055c8                HAL_LPTIM_Counter_Start_IT
 .text.HAL_LPTIM_IRQHandler
                0x0000000008005696      0x136 ./Drivers/STM32H7xx_HAL_Driver/Src/stm32h7xx_hal_lptim.o
                0x0000000008005696                HAL_LPTIM_IRQHandler
 .text.HAL_LPTIM_CompareMatchCallback
                0x00000000080057cc       0x14 ./Drivers/STM32H7xx_HAL_Driver/Src/stm32h7xx_hal_lptim.o
                0x00000000080057cc                HAL_LPTIM_CompareMatchCallback
 .text.HAL_LPTIM_TriggerCallback
                0x00000000080057e0       0x14 ./Drivers/STM32H7xx_HAL_Driver/Src/stm32h7xx_hal_lptim.o
                0x00000000080057e0                HAL_LPTIM_TriggerCallback
 .text.HAL_LPTIM_CompareWriteCallback
                0x00000000080057f4       0x14 ./Drivers/STM32H7xx_HAL_Driver/Src/stm32h7xx_hal_lptim.o
                0x00000000080057f4                HAL_LPTIM_CompareWriteCallback
 .text.HAL_LPTIM_AutoReloadWriteCallback
                0x0000000008005808       0x14 ./Drivers/STM32H7xx_HAL_Driver/Src/stm32h7xx_hal_lptim.o
                0x0000000008005808                HAL_LPTIM_AutoReloadWriteCallback
 .text.HAL_LPTIM_DirectionUpCallback
                0x000000000800581c       0x14 ./Drivers/STM32H7xx_HAL_Driver/Src/stm32h7xx_hal_lptim.o
                0x000000000800581c                HAL_LPTIM_DirectionUpCallback
 .text.HAL_LPTIM_DirectionDownCallback
                0x0000000008005830       0x14 ./Drivers/STM32H7xx_HAL_Driver/Src/stm32h7xx_hal_lptim.o
                0x0000000008005830                HAL_LPTIM_DirectionDownCallback
 .text.HAL_LPTIM_GetState
                0x0000000008005844       0x1c ./Drivers/STM32H7xx_HAL_Driver/Src/stm32h7xx_hal_lptim.o
                0x0000000008005844                HAL_LPTIM_GetState
 .text.LPTIM_WaitForFlag
                0x0000000008005860       0x60 ./Drivers/STM32H7xx_HAL_Driver/Src/stm32h7xx_hal_lptim.o
 .text.LPTIM_Disable
                0x00000000080058c0      0x3a8 ./Drivers/STM32H7xx_HAL_Driver/Src/stm32h7xx_hal_lptim.o
                0x00000000080058c0                LPTIM_Disable
 .text.HAL_PWR_EnableBkUpAccess
                0x0000000008005c68       0x20 ./Drivers/STM32H7xx_HAL_Driver/Src/stm32h7xx_hal_pwr.o
                0x0000000008005c68                HAL_PWR_EnableBkUpAccess
 .text.HAL_PWR_EnterSLEEPMode
                0x0000000008005c88       0x34 ./Drivers/STM32H7xx_HAL_Driver/Src/stm32h7xx_hal_pwr.o
                0x0000000008005c88                HAL_PWR_EnterSLEEPMode
 .text.HAL_PWR_EnterSTOPMode
                0x0000000008005cbc       0x78 ./Drivers/STM32H7xx_HAL_Driver/Src/stm32h7xx_hal_pwr.o
                0x0000000008005cbc                HAL_PWR_EnterSTOPMode
 .text.HAL_PWREx_ConfigSupply
                0x0000000008005d34       0x74 ./Drivers/STM32H7xx_HAL_Driver/Src/stm32h7xx_hal_pwr_ex.o
                0x0000000008005d34                HAL_PWREx_ConfigSupply
 .text.HAL_PWREx_EnableFlashPowerDown
                0x0000000008005da8       0x20 ./Drivers/STM32H7xx_HAL_Driver/Src/stm32h7xx_hal_pwr_ex.o
                0x0000000008005da8                HAL_PWREx_EnableFlashPowerDown
 .text.HAL_RCC_OscConfig
                0x0000000008005dc8      0x8b4 ./Drivers/STM32H7xx_HAL_Driver/Src/stm32h7xx_hal_rcc.o
                0x0000000008005dc8                HAL_RCC_OscConfig
 .text.HAL_RCC_ClockConfig
                0x000000000800667c      0x36c ./Drivers/STM32H7xx_HAL_Driver/Src/stm32h7xx_hal_rcc.o
                0x000000000800667c                HAL_RCC_ClockConfig
 .text.HAL_RCC_EnableCSS
                0x00000000080069e8       0x20 ./Drivers/STM32H7xx_HAL_Driver/Src/stm32h7xx_hal_rcc.o
                0x00000000080069e8                HAL_RCC_EnableCSS
 .text.HAL_RCC_GetSysClockFreq
                0x0000000008006a08      0x2f4 ./Drivers/STM32H7xx_HAL_Driver/Src/stm32h7xx_hal_rcc.o
                0x0000000008006a08                HAL_RCC_GetSysClockFreq
 .text.HAL_RCC_GetHCLKFreq
                0x0000000008006cfc       0x60 ./Drivers/STM32H7xx_HAL_Driver/Src/stm32h7xx_hal_rcc.o
                0x0000000008006cfc                HAL_RCC_GetHCLKFreq
 .text.HAL_RCC_GetPCLK1Freq
                0x0000000008006d5c       0x2c ./Drivers/STM32H7xx_HAL_Driver/Src/stm32h7xx_hal_rcc.o
                0x0000000008006d5c                HAL_RCC_GetPCLK1Freq
 .text.HAL_RCC_GetPCLK2Freq
                0x0000000008006d88       0x2c ./Drivers/STM32H7xx_HAL_Driver/Src/stm32h7xx_hal_rcc.o
                0x0000000008006d88                HAL_RCC_GetPCLK2Freq
 .text.HAL_RCC_NMI_IRQHandler
                0x0000000008006db4       0x28 ./Drivers/STM32H7xx_HAL_Driver/Src/stm32h7xx_hal_rcc.o
                0x0000000008006db4                HAL_RCC_NMI_IRQHandler
 .text.HAL_RCC_CSSCallback
                0x0000000008006ddc        0xe ./Drivers/STM32H7xx_HAL_Driver/Src/stm32h7xx_hal_rcc.o
                0x0000000008006ddc                HAL_RCC_CSSCallback
 *fill*         0x0000000008006dea        0x2 
 .text.HAL_RCCEx_PeriphCLKConfig
                0x0000000008006dec     0x1414 ./Drivers/STM32H7xx_HAL_Driver/Src/stm32h7xx_hal_rcc_ex.o
                0x0000000008006dec                HAL_RCCEx_PeriphCLKConfig
 .text.HAL_RCCEx_GetD3PCLK1Freq
                0x0000000008008200       0x2c ./Drivers/STM32H7xx_HAL_Driver/Src/stm32h7xx_hal_rcc_ex.o
                0x0000000008008200                HAL_RCCEx_GetD3PCLK1Freq
 .text.HAL_RCCEx_GetPLL2ClockFreq
                0x000000000800822c      0x2a8 ./Drivers/STM32H7xx_HAL_Driver/Src/stm32h7xx_hal_rcc_ex.o
                0x000000000800822c                HAL_RCCEx_GetPLL2ClockFreq
 .text.HAL_RCCEx_GetPLL3ClockFreq
                0x00000000080084d4      0x2a8 ./Drivers/STM32H7xx_HAL_Driver/Src/stm32h7xx_hal_rcc_ex.o
                0x00000000080084d4                HAL_RCCEx_GetPLL3ClockFreq
 .text.HAL_RCCEx_CRSConfig
                0x000000000800877c       0xac ./Drivers/STM32H7xx_HAL_Driver/Src/stm32h7xx_hal_rcc_ex.o
                0x000000000800877c                HAL_RCCEx_CRSConfig
 .text.RCCEx_PLL2_Config
                0x0000000008008828      0x164 ./Drivers/STM32H7xx_HAL_Driver/Src/stm32h7xx_hal_rcc_ex.o
 .text.RCCEx_PLL3_Config
                0x000000000800898c      0x164 ./Drivers/STM32H7xx_HAL_Driver/Src/stm32h7xx_hal_rcc_ex.o
 .text.HAL_TIM_Base_Init
                0x0000000008008af0       0xae ./Drivers/STM32H7xx_HAL_Driver/Src/stm32h7xx_hal_tim.o
                0x0000000008008af0                HAL_TIM_Base_Init
 *fill*         0x0000000008008b9e        0x2 
 .text.HAL_TIM_ConfigClockSource
                0x0000000008008ba0      0x1f0 ./Drivers/STM32H7xx_HAL_Driver/Src/stm32h7xx_hal_tim.o
                0x0000000008008ba0                HAL_TIM_ConfigClockSource
 .text.TIM_Base_SetConfig
                0x0000000008008d90      0x134 ./Drivers/STM32H7xx_HAL_Driver/Src/stm32h7xx_hal_tim.o
                0x0000000008008d90                TIM_Base_SetConfig
 .text.TIM_TI1_ConfigInputStage
                0x0000000008008ec4       0x5e ./Drivers/STM32H7xx_HAL_Driver/Src/stm32h7xx_hal_tim.o
 .text.TIM_TI2_ConfigInputStage
                0x0000000008008f22       0x60 ./Drivers/STM32H7xx_HAL_Driver/Src/stm32h7xx_hal_tim.o
 *fill*         0x0000000008008f82        0x2 
 .text.TIM_ITRx_SetConfig
                0x0000000008008f84       0x3c ./Drivers/STM32H7xx_HAL_Driver/Src/stm32h7xx_hal_tim.o
 .text.TIM_ETR_SetConfig
                0x0000000008008fc0       0x40 ./Drivers/STM32H7xx_HAL_Driver/Src/stm32h7xx_hal_tim.o
                0x0000000008008fc0                TIM_ETR_SetConfig
 .text.HAL_TIMEx_MasterConfigSynchronization
                0x0000000008009000      0x11c ./Drivers/STM32H7xx_HAL_Driver/Src/stm32h7xx_hal_tim_ex.o
                0x0000000008009000                HAL_TIMEx_MasterConfigSynchronization
 .text.HAL_UART_Init
                0x000000000800911c       0xa0 ./Drivers/STM32H7xx_HAL_Driver/Src/stm32h7xx_hal_uart.o
                0x000000000800911c                HAL_UART_Init
 .text.HAL_UART_Transmit
                0x00000000080091bc      0x11c ./Drivers/STM32H7xx_HAL_Driver/Src/stm32h7xx_hal_uart.o
                0x00000000080091bc                HAL_UART_Transmit
 .text.UART_SetConfig
                0x00000000080092d8      0xad0 ./Drivers/STM32H7xx_HAL_Driver/Src/stm32h7xx_hal_uart.o
                0x00000000080092d8                UART_SetConfig
 .text.UART_AdvFeatureConfig
                0x0000000008009da8      0x144 ./Drivers/STM32H7xx_HAL_Driver/Src/stm32h7xx_hal_uart.o
                0x0000000008009da8                UART_AdvFeatureConfig
 .text.UART_CheckIdleState
                0x0000000008009eec      0x154 ./Drivers/STM32H7xx_HAL_Driver/Src/stm32h7xx_hal_uart.o
                0x0000000008009eec                UART_CheckIdleState
 .text.UART_WaitOnFlagUntilTimeout
                0x000000000800a040       0xce ./Drivers/STM32H7xx_HAL_Driver/Src/stm32h7xx_hal_uart.o
                0x000000000800a040                UART_WaitOnFlagUntilTimeout
 *fill*         0x000000000800a10e        0x2 
 .text.UART_EndRxTransfer
                0x000000000800a110       0xcc ./Drivers/STM32H7xx_HAL_Driver/Src/stm32h7xx_hal_uart.o
 .text.HAL_UARTEx_DisableFifoMode
                0x000000000800a1dc       0x72 ./Drivers/STM32H7xx_HAL_Driver/Src/stm32h7xx_hal_uart_ex.o
                0x000000000800a1dc                HAL_UARTEx_DisableFifoMode
 .text.HAL_UARTEx_SetTxFifoThreshold
                0x000000000800a24e       0x7c ./Drivers/STM32H7xx_HAL_Driver/Src/stm32h7xx_hal_uart_ex.o
                0x000000000800a24e                HAL_UARTEx_SetTxFifoThreshold
 .text.HAL_UARTEx_SetRxFifoThreshold
                0x000000000800a2ca       0x7c ./Drivers/STM32H7xx_HAL_Driver/Src/stm32h7xx_hal_uart_ex.o
                0x000000000800a2ca                HAL_UARTEx_SetRxFifoThreshold
 *fill*         0x000000000800a346        0x2 
 .text.UARTEx_SetNbDataToProcess
                0x000000000800a348       0x9c ./Drivers/STM32H7xx_HAL_Driver/Src/stm32h7xx_hal_uart_ex.o
 .text.__errno  0x000000000800a3e4        0xc c:/st/stm32cubeide_1.12.0/stm32cubeide/plugins/com.st.stm32cube.ide.mcu.externaltools.gnu-tools-for-stm32.10.3-2021.10.win32_1.0.200.202301161003/tools/bin/../lib/gcc/arm-none-eabi/10.3.1/../../../../arm-none-eabi/lib/thumb/v7e-m+dp/hard\libc_nano.a(lib_a-errno.o)
                0x000000000800a3e4                __errno
 .text.__libc_init_array
                0x000000000800a3f0       0x48 c:/st/stm32cubeide_1.12.0/stm32cubeide/plugins/com.st.stm32cube.ide.mcu.externaltools.gnu-tools-for-stm32.10.3-2021.10.win32_1.0.200.202301161003/tools/bin/../lib/gcc/arm-none-eabi/10.3.1/../../../../arm-none-eabi/lib/thumb/v7e-m+dp/hard\libc_nano.a(lib_a-init.o)
                0x000000000800a3f0                __libc_init_array
 .text.memcpy   0x000000000800a438       0x1c c:/st/stm32cubeide_1.12.0/stm32cubeide/plugins/com.st.stm32cube.ide.mcu.externaltools.gnu-tools-for-stm32.10.3-2021.10.win32_1.0.200.202301161003/tools/bin/../lib/gcc/arm-none-eabi/10.3.1/../../../../arm-none-eabi/lib/thumb/v7e-m+dp/hard\libc_nano.a(lib_a-memcpy-stub.o)
                0x000000000800a438                memcpy
 .text.memset   0x000000000800a454       0x10 c:/st/stm32cubeide_1.12.0/stm32cubeide/plugins/com.st.stm32cube.ide.mcu.externaltools.gnu-tools-for-stm32.10.3-2021.10.win32_1.0.200.202301161003/tools/bin/../lib/gcc/arm-none-eabi/10.3.1/../../../../arm-none-eabi/lib/thumb/v7e-m+dp/hard\libc_nano.a(lib_a-memset.o)
                0x000000000800a454                memset
 .text.__cvt    0x000000000800a464       0xa4 c:/st/stm32cubeide_1.12.0/stm32cubeide/plugins/com.st.stm32cube.ide.mcu.externaltools.gnu-tools-for-stm32.10.3-2021.10.win32_1.0.200.202301161003/tools/bin/../lib/gcc/arm-none-eabi/10.3.1/../../../../arm-none-eabi/lib/thumb/v7e-m+dp/hard\libc_nano.a(lib_a-nano-vfprintf_float.o)
                0x000000000800a464                __cvt
 .text.__exponent
                0x000000000800a508       0x7c c:/st/stm32cubeide_1.12.0/stm32cubeide/plugins/com.st.stm32cube.ide.mcu.externaltools.gnu-tools-for-stm32.10.3-2021.10.win32_1.0.200.202301161003/tools/bin/../lib/gcc/arm-none-eabi/10.3.1/../../../../arm-none-eabi/lib/thumb/v7e-m+dp/hard\libc_nano.a(lib_a-nano-vfprintf_float.o)
                0x000000000800a508                __exponent
 *fill*         0x000000000800a584        0x4 
 .text._printf_float
                0x000000000800a588      0x43c c:/st/stm32cubeide_1.12.0/stm32cubeide/plugins/com.st.stm32cube.ide.mcu.externaltools.gnu-tools-for-stm32.10.3-2021.10.win32_1.0.200.202301161003/tools/bin/../lib/gcc/arm-none-eabi/10.3.1/../../../../arm-none-eabi/lib/thumb/v7e-m+dp/hard\libc_nano.a(lib_a-nano-vfprintf_float.o)
                0x000000000800a588                _printf_float
 .text._printf_common
                0x000000000800a9c4       0xda c:/st/stm32cubeide_1.12.0/stm32cubeide/plugins/com.st.stm32cube.ide.mcu.externaltools.gnu-tools-for-stm32.10.3-2021.10.win32_1.0.200.202301161003/tools/bin/../lib/gcc/arm-none-eabi/10.3.1/../../../../arm-none-eabi/lib/thumb/v7e-m+dp/hard\libc_nano.a(lib_a-nano-vfprintf_i.o)
                0x000000000800a9c4                _printf_common
 *fill*         0x000000000800aa9e        0x2 
 .text._printf_i
                0x000000000800aaa0      0x24c c:/st/stm32cubeide_1.12.0/stm32cubeide/plugins/com.st.stm32cube.ide.mcu.externaltools.gnu-tools-for-stm32.10.3-2021.10.win32_1.0.200.202301161003/tools/bin/../lib/gcc/arm-none-eabi/10.3.1/../../../../arm-none-eabi/lib/thumb/v7e-m+dp/hard\libc_nano.a(lib_a-nano-vfprintf_i.o)
                0x000000000800aaa0                _printf_i
 .text.printf   0x000000000800acec       0x30 c:/st/stm32cubeide_1.12.0/stm32cubeide/plugins/com.st.stm32cube.ide.mcu.externaltools.gnu-tools-for-stm32.10.3-2021.10.win32_1.0.200.202301161003/tools/bin/../lib/gcc/arm-none-eabi/10.3.1/../../../../arm-none-eabi/lib/thumb/v7e-m+dp/hard\libc_nano.a(lib_a-printf.o)
                0x000000000800acec                iprintf
                0x000000000800acec                printf
 .text._puts_r  0x000000000800ad1c       0xdc c:/st/stm32cubeide_1.12.0/stm32cubeide/plugins/com.st.stm32cube.ide.mcu.externaltools.gnu-tools-for-stm32.10.3-2021.10.win32_1.0.200.202301161003/tools/bin/../lib/gcc/arm-none-eabi/10.3.1/../../../../arm-none-eabi/lib/thumb/v7e-m+dp/hard\libc_nano.a(lib_a-puts.o)
                0x000000000800ad1c                _puts_r
 .text.puts     0x000000000800adf8       0x10 c:/st/stm32cubeide_1.12.0/stm32cubeide/plugins/com.st.stm32cube.ide.mcu.externaltools.gnu-tools-for-stm32.10.3-2021.10.win32_1.0.200.202301161003/tools/bin/../lib/gcc/arm-none-eabi/10.3.1/../../../../arm-none-eabi/lib/thumb/v7e-m+dp/hard\libc_nano.a(lib_a-puts.o)
                0x000000000800adf8                puts
 .text.__swbuf_r
                0x000000000800ae08       0xa4 c:/st/stm32cubeide_1.12.0/stm32cubeide/plugins/com.st.stm32cube.ide.mcu.externaltools.gnu-tools-for-stm32.10.3-2021.10.win32_1.0.200.202301161003/tools/bin/../lib/gcc/arm-none-eabi/10.3.1/../../../../arm-none-eabi/lib/thumb/v7e-m+dp/hard\libc_nano.a(lib_a-wbuf.o)
                0x000000000800ae08                __swbuf_r
 .text.__swsetup_r
                0x000000000800aeac       0xdc c:/st/stm32cubeide_1.12.0/stm32cubeide/plugins/com.st.stm32cube.ide.mcu.externaltools.gnu-tools-for-stm32.10.3-2021.10.win32_1.0.200.202301161003/tools/bin/../lib/gcc/arm-none-eabi/10.3.1/../../../../arm-none-eabi/lib/thumb/v7e-m+dp/hard\libc_nano.a(lib_a-wsetup.o)
                0x000000000800aeac                __swsetup_r
 .text.quorem   0x000000000800af88      0x116 c:/st/stm32cubeide_1.12.0/stm32cubeide/plugins/com.st.stm32cube.ide.mcu.externaltools.gnu-tools-for-stm32.10.3-2021.10.win32_1.0.200.202301161003/tools/bin/../lib/gcc/arm-none-eabi/10.3.1/../../../../arm-none-eabi/lib/thumb/v7e-m+dp/hard\libc_nano.a(lib_a-dtoa.o)
 *fill*         0x000000000800b09e        0x2 
 .text._dtoa_r  0x000000000800b0a0      0xadc c:/st/stm32cubeide_1.12.0/stm32cubeide/plugins/com.st.stm32cube.ide.mcu.externaltools.gnu-tools-for-stm32.10.3-2021.10.win32_1.0.200.202301161003/tools/bin/../lib/gcc/arm-none-eabi/10.3.1/../../../../arm-none-eabi/lib/thumb/v7e-m+dp/hard\libc_nano.a(lib_a-dtoa.o)
                0x000000000800b0a0                _dtoa_r
 .text.__sflush_r
                0x000000000800bb7c      0x10c c:/st/stm32cubeide_1.12.0/stm32cubeide/plugins/com.st.stm32cube.ide.mcu.externaltools.gnu-tools-for-stm32.10.3-2021.10.win32_1.0.200.202301161003/tools/bin/../lib/gcc/arm-none-eabi/10.3.1/../../../../arm-none-eabi/lib/thumb/v7e-m+dp/hard\libc_nano.a(lib_a-fflush.o)
                0x000000000800bb7c                __sflush_r
 .text._fflush_r
                0x000000000800bc88       0x78 c:/st/stm32cubeide_1.12.0/stm32cubeide/plugins/com.st.stm32cube.ide.mcu.externaltools.gnu-tools-for-stm32.10.3-2021.10.win32_1.0.200.202301161003/tools/bin/../lib/gcc/arm-none-eabi/10.3.1/../../../../arm-none-eabi/lib/thumb/v7e-m+dp/hard\libc_nano.a(lib_a-fflush.o)
                0x000000000800bc88                _fflush_r
 .text.std      0x000000000800bd00       0x48 c:/st/stm32cubeide_1.12.0/stm32cubeide/plugins/com.st.stm32cube.ide.mcu.externaltools.gnu-tools-for-stm32.10.3-2021.10.win32_1.0.200.202301161003/tools/bin/../lib/gcc/arm-none-eabi/10.3.1/../../../../arm-none-eabi/lib/thumb/v7e-m+dp/hard\libc_nano.a(lib_a-findfp.o)
 .text._cleanup_r
                0x000000000800bd48        0xc c:/st/stm32cubeide_1.12.0/stm32cubeide/plugins/com.st.stm32cube.ide.mcu.externaltools.gnu-tools-for-stm32.10.3-2021.10.win32_1.0.200.202301161003/tools/bin/../lib/gcc/arm-none-eabi/10.3.1/../../../../arm-none-eabi/lib/thumb/v7e-m+dp/hard\libc_nano.a(lib_a-findfp.o)
                0x000000000800bd48                _cleanup_r
 .text.__sfmoreglue
                0x000000000800bd54       0x2c c:/st/stm32cubeide_1.12.0/stm32cubeide/plugins/com.st.stm32cube.ide.mcu.externaltools.gnu-tools-for-stm32.10.3-2021.10.win32_1.0.200.202301161003/tools/bin/../lib/gcc/arm-none-eabi/10.3.1/../../../../arm-none-eabi/lib/thumb/v7e-m+dp/hard\libc_nano.a(lib_a-findfp.o)
                0x000000000800bd54                __sfmoreglue
 .text.__sfp_lock_acquire
                0x000000000800bd80        0xc c:/st/stm32cubeide_1.12.0/stm32cubeide/plugins/com.st.stm32cube.ide.mcu.externaltools.gnu-tools-for-stm32.10.3-2021.10.win32_1.0.200.202301161003/tools/bin/../lib/gcc/arm-none-eabi/10.3.1/../../../../arm-none-eabi/lib/thumb/v7e-m+dp/hard\libc_nano.a(lib_a-findfp.o)
                0x000000000800bd80                __sfp_lock_acquire
 .text.__sfp_lock_release
                0x000000000800bd8c        0xc c:/st/stm32cubeide_1.12.0/stm32cubeide/plugins/com.st.stm32cube.ide.mcu.externaltools.gnu-tools-for-stm32.10.3-2021.10.win32_1.0.200.202301161003/tools/bin/../lib/gcc/arm-none-eabi/10.3.1/../../../../arm-none-eabi/lib/thumb/v7e-m+dp/hard\libc_nano.a(lib_a-findfp.o)
                0x000000000800bd8c                __sfp_lock_release
 .text.__sinit_lock_acquire
                0x000000000800bd98        0xc c:/st/stm32cubeide_1.12.0/stm32cubeide/plugins/com.st.stm32cube.ide.mcu.externaltools.gnu-tools-for-stm32.10.3-2021.10.win32_1.0.200.202301161003/tools/bin/../lib/gcc/arm-none-eabi/10.3.1/../../../../arm-none-eabi/lib/thumb/v7e-m+dp/hard\libc_nano.a(lib_a-findfp.o)
                0x000000000800bd98                __sinit_lock_acquire
 .text.__sinit_lock_release
                0x000000000800bda4        0xc c:/st/stm32cubeide_1.12.0/stm32cubeide/plugins/com.st.stm32cube.ide.mcu.externaltools.gnu-tools-for-stm32.10.3-2021.10.win32_1.0.200.202301161003/tools/bin/../lib/gcc/arm-none-eabi/10.3.1/../../../../arm-none-eabi/lib/thumb/v7e-m+dp/hard\libc_nano.a(lib_a-findfp.o)
                0x000000000800bda4                __sinit_lock_release
 .text.__sinit  0x000000000800bdb0       0x70 c:/st/stm32cubeide_1.12.0/stm32cubeide/plugins/com.st.stm32cube.ide.mcu.externaltools.gnu-tools-for-stm32.10.3-2021.10.win32_1.0.200.202301161003/tools/bin/../lib/gcc/arm-none-eabi/10.3.1/../../../../arm-none-eabi/lib/thumb/v7e-m+dp/hard\libc_nano.a(lib_a-findfp.o)
                0x000000000800bdb0                __sinit
 .text.__sfp    0x000000000800be20       0x8c c:/st/stm32cubeide_1.12.0/stm32cubeide/plugins/com.st.stm32cube.ide.mcu.externaltools.gnu-tools-for-stm32.10.3-2021.10.win32_1.0.200.202301161003/tools/bin/../lib/gcc/arm-none-eabi/10.3.1/../../../../arm-none-eabi/lib/thumb/v7e-m+dp/hard\libc_nano.a(lib_a-findfp.o)
                0x000000000800be20                __sfp
 .text._fwalk_reent
                0x000000000800beac       0x3e c:/st/stm32cubeide_1.12.0/stm32cubeide/plugins/com.st.stm32cube.ide.mcu.externaltools.gnu-tools-for-stm32.10.3-2021.10.win32_1.0.200.202301161003/tools/bin/../lib/gcc/arm-none-eabi/10.3.1/../../../../arm-none-eabi/lib/thumb/v7e-m+dp/hard\libc_nano.a(lib_a-fwalk.o)
                0x000000000800beac                _fwalk_reent
 *fill*         0x000000000800beea        0x2 
 .text._localeconv_r
                0x000000000800beec        0x8 c:/st/stm32cubeide_1.12.0/stm32cubeide/plugins/com.st.stm32cube.ide.mcu.externaltools.gnu-tools-for-stm32.10.3-2021.10.win32_1.0.200.202301161003/tools/bin/../lib/gcc/arm-none-eabi/10.3.1/../../../../arm-none-eabi/lib/thumb/v7e-m+dp/hard\libc_nano.a(lib_a-localeconv.o)
                0x000000000800beec                _localeconv_r
 .text.__retarget_lock_init_recursive
                0x000000000800bef4        0x2 c:/st/stm32cubeide_1.12.0/stm32cubeide/plugins/com.st.stm32cube.ide.mcu.externaltools.gnu-tools-for-stm32.10.3-2021.10.win32_1.0.200.202301161003/tools/bin/../lib/gcc/arm-none-eabi/10.3.1/../../../../arm-none-eabi/lib/thumb/v7e-m+dp/hard\libc_nano.a(lib_a-lock.o)
                0x000000000800bef4                __retarget_lock_init_recursive
 .text.__retarget_lock_acquire_recursive
                0x000000000800bef6        0x2 c:/st/stm32cubeide_1.12.0/stm32cubeide/plugins/com.st.stm32cube.ide.mcu.externaltools.gnu-tools-for-stm32.10.3-2021.10.win32_1.0.200.202301161003/tools/bin/../lib/gcc/arm-none-eabi/10.3.1/../../../../arm-none-eabi/lib/thumb/v7e-m+dp/hard\libc_nano.a(lib_a-lock.o)
                0x000000000800bef6                __retarget_lock_acquire_recursive
 .text.__retarget_lock_release_recursive
                0x000000000800bef8        0x2 c:/st/stm32cubeide_1.12.0/stm32cubeide/plugins/com.st.stm32cube.ide.mcu.externaltools.gnu-tools-for-stm32.10.3-2021.10.win32_1.0.200.202301161003/tools/bin/../lib/gcc/arm-none-eabi/10.3.1/../../../../arm-none-eabi/lib/thumb/v7e-m+dp/hard\libc_nano.a(lib_a-lock.o)
                0x000000000800bef8                __retarget_lock_release_recursive
 .text.__swhatbuf_r
                0x000000000800befa       0x4a c:/st/stm32cubeide_1.12.0/stm32cubeide/plugins/com.st.stm32cube.ide.mcu.externaltools.gnu-tools-for-stm32.10.3-2021.10.win32_1.0.200.202301161003/tools/bin/../lib/gcc/arm-none-eabi/10.3.1/../../../../arm-none-eabi/lib/thumb/v7e-m+dp/hard\libc_nano.a(lib_a-makebuf.o)
                0x000000000800befa                __swhatbuf_r
 .text.__smakebuf_r
                0x000000000800bf44       0x80 c:/st/stm32cubeide_1.12.0/stm32cubeide/plugins/com.st.stm32cube.ide.mcu.externaltools.gnu-tools-for-stm32.10.3-2021.10.win32_1.0.200.202301161003/tools/bin/../lib/gcc/arm-none-eabi/10.3.1/../../../../arm-none-eabi/lib/thumb/v7e-m+dp/hard\libc_nano.a(lib_a-makebuf.o)
                0x000000000800bf44                __smakebuf_r
 .text.malloc   0x000000000800bfc4       0x10 c:/st/stm32cubeide_1.12.0/stm32cubeide/plugins/com.st.stm32cube.ide.mcu.externaltools.gnu-tools-for-stm32.10.3-2021.10.win32_1.0.200.202301161003/tools/bin/../lib/gcc/arm-none-eabi/10.3.1/../../../../arm-none-eabi/lib/thumb/v7e-m+dp/hard\libc_nano.a(lib_a-malloc.o)
                0x000000000800bfc4                malloc
 .text._Balloc  0x000000000800bfd4       0x80 c:/st/stm32cubeide_1.12.0/stm32cubeide/plugins/com.st.stm32cube.ide.mcu.externaltools.gnu-tools-for-stm32.10.3-2021.10.win32_1.0.200.202301161003/tools/bin/../lib/gcc/arm-none-eabi/10.3.1/../../../../arm-none-eabi/lib/thumb/v7e-m+dp/hard\libc_nano.a(lib_a-mprec.o)
                0x000000000800bfd4                _Balloc
 .text._Bfree   0x000000000800c054       0x44 c:/st/stm32cubeide_1.12.0/stm32cubeide/plugins/com.st.stm32cube.ide.mcu.externaltools.gnu-tools-for-stm32.10.3-2021.10.win32_1.0.200.202301161003/tools/bin/../lib/gcc/arm-none-eabi/10.3.1/../../../../arm-none-eabi/lib/thumb/v7e-m+dp/hard\libc_nano.a(lib_a-mprec.o)
                0x000000000800c054                _Bfree
 .text.__multadd
                0x000000000800c098       0x8c c:/st/stm32cubeide_1.12.0/stm32cubeide/plugins/com.st.stm32cube.ide.mcu.externaltools.gnu-tools-for-stm32.10.3-2021.10.win32_1.0.200.202301161003/tools/bin/../lib/gcc/arm-none-eabi/10.3.1/../../../../arm-none-eabi/lib/thumb/v7e-m+dp/hard\libc_nano.a(lib_a-mprec.o)
                0x000000000800c098                __multadd
 .text.__hi0bits
                0x000000000800c124       0x40 c:/st/stm32cubeide_1.12.0/stm32cubeide/plugins/com.st.stm32cube.ide.mcu.externaltools.gnu-tools-for-stm32.10.3-2021.10.win32_1.0.200.202301161003/tools/bin/../lib/gcc/arm-none-eabi/10.3.1/../../../../arm-none-eabi/lib/thumb/v7e-m+dp/hard\libc_nano.a(lib_a-mprec.o)
                0x000000000800c124                __hi0bits
 .text.__lo0bits
                0x000000000800c164       0x5e c:/st/stm32cubeide_1.12.0/stm32cubeide/plugins/com.st.stm32cube.ide.mcu.externaltools.gnu-tools-for-stm32.10.3-2021.10.win32_1.0.200.202301161003/tools/bin/../lib/gcc/arm-none-eabi/10.3.1/../../../../arm-none-eabi/lib/thumb/v7e-m+dp/hard\libc_nano.a(lib_a-mprec.o)
                0x000000000800c164                __lo0bits
 *fill*         0x000000000800c1c2        0x2 
 .text.__i2b    0x000000000800c1c4       0x2c c:/st/stm32cubeide_1.12.0/stm32cubeide/plugins/com.st.stm32cube.ide.mcu.externaltools.gnu-tools-for-stm32.10.3-2021.10.win32_1.0.200.202301161003/tools/bin/../lib/gcc/arm-none-eabi/10.3.1/../../../../arm-none-eabi/lib/thumb/v7e-m+dp/hard\libc_nano.a(lib_a-mprec.o)
                0x000000000800c1c4                __i2b
 .text.__multiply
                0x000000000800c1f0      0x154 c:/st/stm32cubeide_1.12.0/stm32cubeide/plugins/com.st.stm32cube.ide.mcu.externaltools.gnu-tools-for-stm32.10.3-2021.10.win32_1.0.200.202301161003/tools/bin/../lib/gcc/arm-none-eabi/10.3.1/../../../../arm-none-eabi/lib/thumb/v7e-m+dp/hard\libc_nano.a(lib_a-mprec.o)
                0x000000000800c1f0                __multiply
 .text.__pow5mult
                0x000000000800c344       0xb4 c:/st/stm32cubeide_1.12.0/stm32cubeide/plugins/com.st.stm32cube.ide.mcu.externaltools.gnu-tools-for-stm32.10.3-2021.10.win32_1.0.200.202301161003/tools/bin/../lib/gcc/arm-none-eabi/10.3.1/../../../../arm-none-eabi/lib/thumb/v7e-m+dp/hard\libc_nano.a(lib_a-mprec.o)
                0x000000000800c344                __pow5mult
 .text.__lshift
                0x000000000800c3f8       0xe0 c:/st/stm32cubeide_1.12.0/stm32cubeide/plugins/com.st.stm32cube.ide.mcu.externaltools.gnu-tools-for-stm32.10.3-2021.10.win32_1.0.200.202301161003/tools/bin/../lib/gcc/arm-none-eabi/10.3.1/../../../../arm-none-eabi/lib/thumb/v7e-m+dp/hard\libc_nano.a(lib_a-mprec.o)
                0x000000000800c3f8                __lshift
 .text.__mcmp   0x000000000800c4d8       0x38 c:/st/stm32cubeide_1.12.0/stm32cubeide/plugins/com.st.stm32cube.ide.mcu.externaltools.gnu-tools-for-stm32.10.3-2021.10.win32_1.0.200.202301161003/tools/bin/../lib/gcc/arm-none-eabi/10.3.1/../../../../arm-none-eabi/lib/thumb/v7e-m+dp/hard\libc_nano.a(lib_a-mprec.o)
                0x000000000800c4d8                __mcmp
 .text.__mdiff  0x000000000800c510      0x114 c:/st/stm32cubeide_1.12.0/stm32cubeide/plugins/com.st.stm32cube.ide.mcu.externaltools.gnu-tools-for-stm32.10.3-2021.10.win32_1.0.200.202301161003/tools/bin/../lib/gcc/arm-none-eabi/10.3.1/../../../../arm-none-eabi/lib/thumb/v7e-m+dp/hard\libc_nano.a(lib_a-mprec.o)
                0x000000000800c510                __mdiff
 .text.__d2b    0x000000000800c624       0xb8 c:/st/stm32cubeide_1.12.0/stm32cubeide/plugins/com.st.stm32cube.ide.mcu.externaltools.gnu-tools-for-stm32.10.3-2021.10.win32_1.0.200.202301161003/tools/bin/../lib/gcc/arm-none-eabi/10.3.1/../../../../arm-none-eabi/lib/thumb/v7e-m+dp/hard\libc_nano.a(lib_a-mprec.o)
                0x000000000800c624                __d2b
 .text._calloc_r
                0x000000000800c6dc       0x2c c:/st/stm32cubeide_1.12.0/stm32cubeide/plugins/com.st.stm32cube.ide.mcu.externaltools.gnu-tools-for-stm32.10.3-2021.10.win32_1.0.200.202301161003/tools/bin/../lib/gcc/arm-none-eabi/10.3.1/../../../../arm-none-eabi/lib/thumb/v7e-m+dp/hard\libc_nano.a(lib_a-nano-callocr.o)
                0x000000000800c6dc                _calloc_r
 .text._free_r  0x000000000800c708       0x98 c:/st/stm32cubeide_1.12.0/stm32cubeide/plugins/com.st.stm32cube.ide.mcu.externaltools.gnu-tools-for-stm32.10.3-2021.10.win32_1.0.200.202301161003/tools/bin/../lib/gcc/arm-none-eabi/10.3.1/../../../../arm-none-eabi/lib/thumb/v7e-m+dp/hard\libc_nano.a(lib_a-nano-freer.o)
                0x000000000800c708                _free_r
 .text.sbrk_aligned
                0x000000000800c7a0       0x40 c:/st/stm32cubeide_1.12.0/stm32cubeide/plugins/com.st.stm32cube.ide.mcu.externaltools.gnu-tools-for-stm32.10.3-2021.10.win32_1.0.200.202301161003/tools/bin/../lib/gcc/arm-none-eabi/10.3.1/../../../../arm-none-eabi/lib/thumb/v7e-m+dp/hard\libc_nano.a(lib_a-nano-mallocr.o)
 .text._malloc_r
                0x000000000800c7e0       0xe8 c:/st/stm32cubeide_1.12.0/stm32cubeide/plugins/com.st.stm32cube.ide.mcu.externaltools.gnu-tools-for-stm32.10.3-2021.10.win32_1.0.200.202301161003/tools/bin/../lib/gcc/arm-none-eabi/10.3.1/../../../../arm-none-eabi/lib/thumb/v7e-m+dp/hard\libc_nano.a(lib_a-nano-mallocr.o)
                0x000000000800c7e0                _malloc_r
 .text.__sfputc_r
                0x000000000800c8c8       0x2e c:/st/stm32cubeide_1.12.0/stm32cubeide/plugins/com.st.stm32cube.ide.mcu.externaltools.gnu-tools-for-stm32.10.3-2021.10.win32_1.0.200.202301161003/tools/bin/../lib/gcc/arm-none-eabi/10.3.1/../../../../arm-none-eabi/lib/thumb/v7e-m+dp/hard\libc_nano.a(lib_a-nano-vfprintf.o)
 .text.__sfputs_r
                0x000000000800c8f6       0x24 c:/st/stm32cubeide_1.12.0/stm32cubeide/plugins/com.st.stm32cube.ide.mcu.externaltools.gnu-tools-for-stm32.10.3-2021.10.win32_1.0.200.202301161003/tools/bin/../lib/gcc/arm-none-eabi/10.3.1/../../../../arm-none-eabi/lib/thumb/v7e-m+dp/hard\libc_nano.a(lib_a-nano-vfprintf.o)
                0x000000000800c8f6                __sfputs_r
 *fill*         0x000000000800c91a        0x2 
 .text._vfprintf_r
                0x000000000800c91c      0x260 c:/st/stm32cubeide_1.12.0/stm32cubeide/plugins/com.st.stm32cube.ide.mcu.externaltools.gnu-tools-for-stm32.10.3-2021.10.win32_1.0.200.202301161003/tools/bin/../lib/gcc/arm-none-eabi/10.3.1/../../../../arm-none-eabi/lib/thumb/v7e-m+dp/hard\libc_nano.a(lib_a-nano-vfprintf.o)
                0x000000000800c91c                _vfprintf_r
                0x000000000800c91c                _vfiprintf_r
 .text._sbrk_r  0x000000000800cb7c       0x20 c:/st/stm32cubeide_1.12.0/stm32cubeide/plugins/com.st.stm32cube.ide.mcu.externaltools.gnu-tools-for-stm32.10.3-2021.10.win32_1.0.200.202301161003/tools/bin/../lib/gcc/arm-none-eabi/10.3.1/../../../../arm-none-eabi/lib/thumb/v7e-m+dp/hard\libc_nano.a(lib_a-sbrkr.o)
                0x000000000800cb7c                _sbrk_r
 .text.__sread  0x000000000800cb9c       0x22 c:/st/stm32cubeide_1.12.0/stm32cubeide/plugins/com.st.stm32cube.ide.mcu.externaltools.gnu-tools-for-stm32.10.3-2021.10.win32_1.0.200.202301161003/tools/bin/../lib/gcc/arm-none-eabi/10.3.1/../../../../arm-none-eabi/lib/thumb/v7e-m+dp/hard\libc_nano.a(lib_a-stdio.o)
                0x000000000800cb9c                __sread
 .text.__swrite
                0x000000000800cbbe       0x38 c:/st/stm32cubeide_1.12.0/stm32cubeide/plugins/com.st.stm32cube.ide.mcu.externaltools.gnu-tools-for-stm32.10.3-2021.10.win32_1.0.200.202301161003/tools/bin/../lib/gcc/arm-none-eabi/10.3.1/../../../../arm-none-eabi/lib/thumb/v7e-m+dp/hard\libc_nano.a(lib_a-stdio.o)
                0x000000000800cbbe                __swrite
 .text.__sseek  0x000000000800cbf6       0x24 c:/st/stm32cubeide_1.12.0/stm32cubeide/plugins/com.st.stm32cube.ide.mcu.externaltools.gnu-tools-for-stm32.10.3-2021.10.win32_1.0.200.202301161003/tools/bin/../lib/gcc/arm-none-eabi/10.3.1/../../../../arm-none-eabi/lib/thumb/v7e-m+dp/hard\libc_nano.a(lib_a-stdio.o)
                0x000000000800cbf6                __sseek
 .text.__sclose
                0x000000000800cc1a        0x8 c:/st/stm32cubeide_1.12.0/stm32cubeide/plugins/com.st.stm32cube.ide.mcu.externaltools.gnu-tools-for-stm32.10.3-2021.10.win32_1.0.200.202301161003/tools/bin/../lib/gcc/arm-none-eabi/10.3.1/../../../../arm-none-eabi/lib/thumb/v7e-m+dp/hard\libc_nano.a(lib_a-stdio.o)
                0x000000000800cc1a                __sclose
 *fill*         0x000000000800cc22        0x2 
 .text._write_r
                0x000000000800cc24       0x24 c:/st/stm32cubeide_1.12.0/stm32cubeide/plugins/com.st.stm32cube.ide.mcu.externaltools.gnu-tools-for-stm32.10.3-2021.10.win32_1.0.200.202301161003/tools/bin/../lib/gcc/arm-none-eabi/10.3.1/../../../../arm-none-eabi/lib/thumb/v7e-m+dp/hard\libc_nano.a(lib_a-writer.o)
                0x000000000800cc24                _write_r
 .text.__assert_func
                0x000000000800cc48       0x3c c:/st/stm32cubeide_1.12.0/stm32cubeide/plugins/com.st.stm32cube.ide.mcu.externaltools.gnu-tools-for-stm32.10.3-2021.10.win32_1.0.200.202301161003/tools/bin/../lib/gcc/arm-none-eabi/10.3.1/../../../../arm-none-eabi/lib/thumb/v7e-m+dp/hard\libc_nano.a(lib_a-assert.o)
                0x000000000800cc48                __assert_func
 .text._close_r
                0x000000000800cc84       0x20 c:/st/stm32cubeide_1.12.0/stm32cubeide/plugins/com.st.stm32cube.ide.mcu.externaltools.gnu-tools-for-stm32.10.3-2021.10.win32_1.0.200.202301161003/tools/bin/../lib/gcc/arm-none-eabi/10.3.1/../../../../arm-none-eabi/lib/thumb/v7e-m+dp/hard\libc_nano.a(lib_a-closer.o)
                0x000000000800cc84                _close_r
 .text.fprintf  0x000000000800cca4       0x24 c:/st/stm32cubeide_1.12.0/stm32cubeide/plugins/com.st.stm32cube.ide.mcu.externaltools.gnu-tools-for-stm32.10.3-2021.10.win32_1.0.200.202301161003/tools/bin/../lib/gcc/arm-none-eabi/10.3.1/../../../../arm-none-eabi/lib/thumb/v7e-m+dp/hard\libc_nano.a(lib_a-fprintf.o)
                0x000000000800cca4                fiprintf
                0x000000000800cca4                fprintf
 .text._fstat_r
                0x000000000800ccc8       0x24 c:/st/stm32cubeide_1.12.0/stm32cubeide/plugins/com.st.stm32cube.ide.mcu.externaltools.gnu-tools-for-stm32.10.3-2021.10.win32_1.0.200.202301161003/tools/bin/../lib/gcc/arm-none-eabi/10.3.1/../../../../arm-none-eabi/lib/thumb/v7e-m+dp/hard\libc_nano.a(lib_a-fstatr.o)
                0x000000000800ccc8                _fstat_r
 .text._isatty_r
                0x000000000800ccec       0x20 c:/st/stm32cubeide_1.12.0/stm32cubeide/plugins/com.st.stm32cube.ide.mcu.externaltools.gnu-tools-for-stm32.10.3-2021.10.win32_1.0.200.202301161003/tools/bin/../lib/gcc/arm-none-eabi/10.3.1/../../../../arm-none-eabi/lib/thumb/v7e-m+dp/hard\libc_nano.a(lib_a-isattyr.o)
                0x000000000800ccec                _isatty_r
 .text._lseek_r
                0x000000000800cd0c       0x24 c:/st/stm32cubeide_1.12.0/stm32cubeide/plugins/com.st.stm32cube.ide.mcu.externaltools.gnu-tools-for-stm32.10.3-2021.10.win32_1.0.200.202301161003/tools/bin/../lib/gcc/arm-none-eabi/10.3.1/../../../../arm-none-eabi/lib/thumb/v7e-m+dp/hard\libc_nano.a(lib_a-lseekr.o)
                0x000000000800cd0c                _lseek_r
 .text.__ascii_mbtowc
                0x000000000800cd30       0x24 c:/st/stm32cubeide_1.12.0/stm32cubeide/plugins/com.st.stm32cube.ide.mcu.externaltools.gnu-tools-for-stm32.10.3-2021.10.win32_1.0.200.202301161003/tools/bin/../lib/gcc/arm-none-eabi/10.3.1/../../../../arm-none-eabi/lib/thumb/v7e-m+dp/hard\libc_nano.a(lib_a-mbtowc_r.o)
                0x000000000800cd30                __ascii_mbtowc
 .text.__malloc_lock
                0x000000000800cd54        0xc c:/st/stm32cubeide_1.12.0/stm32cubeide/plugins/com.st.stm32cube.ide.mcu.externaltools.gnu-tools-for-stm32.10.3-2021.10.win32_1.0.200.202301161003/tools/bin/../lib/gcc/arm-none-eabi/10.3.1/../../../../arm-none-eabi/lib/thumb/v7e-m+dp/hard\libc_nano.a(lib_a-mlock.o)
                0x000000000800cd54                __malloc_lock
 .text.__malloc_unlock
                0x000000000800cd60        0xc c:/st/stm32cubeide_1.12.0/stm32cubeide/plugins/com.st.stm32cube.ide.mcu.externaltools.gnu-tools-for-stm32.10.3-2021.10.win32_1.0.200.202301161003/tools/bin/../lib/gcc/arm-none-eabi/10.3.1/../../../../arm-none-eabi/lib/thumb/v7e-m+dp/hard\libc_nano.a(lib_a-mlock.o)
                0x000000000800cd60                __malloc_unlock
 .text._read_r  0x000000000800cd6c       0x24 c:/st/stm32cubeide_1.12.0/stm32cubeide/plugins/com.st.stm32cube.ide.mcu.externaltools.gnu-tools-for-stm32.10.3-2021.10.win32_1.0.200.202301161003/tools/bin/../lib/gcc/arm-none-eabi/10.3.1/../../../../arm-none-eabi/lib/thumb/v7e-m+dp/hard\libc_nano.a(lib_a-readr.o)
                0x000000000800cd6c                _read_r
 .text.__ascii_wctomb
                0x000000000800cd90       0x1a c:/st/stm32cubeide_1.12.0/stm32cubeide/plugins/com.st.stm32cube.ide.mcu.externaltools.gnu-tools-for-stm32.10.3-2021.10.win32_1.0.200.202301161003/tools/bin/../lib/gcc/arm-none-eabi/10.3.1/../../../../arm-none-eabi/lib/thumb/v7e-m+dp/hard\libc_nano.a(lib_a-wctomb_r.o)
                0x000000000800cd90                __ascii_wctomb
 .text.abort    0x000000000800cdaa        0xe c:/st/stm32cubeide_1.12.0/stm32cubeide/plugins/com.st.stm32cube.ide.mcu.externaltools.gnu-tools-for-stm32.10.3-2021.10.win32_1.0.200.202301161003/tools/bin/../lib/gcc/arm-none-eabi/10.3.1/../../../../arm-none-eabi/lib/thumb/v7e-m+dp/hard\libc_nano.a(lib_a-abort.o)
                0x000000000800cdaa                abort
 .text._raise_r
                0x000000000800cdb8       0x50 c:/st/stm32cubeide_1.12.0/stm32cubeide/plugins/com.st.stm32cube.ide.mcu.externaltools.gnu-tools-for-stm32.10.3-2021.10.win32_1.0.200.202301161003/tools/bin/../lib/gcc/arm-none-eabi/10.3.1/../../../../arm-none-eabi/lib/thumb/v7e-m+dp/hard\libc_nano.a(lib_a-signal.o)
                0x000000000800cdb8                _raise_r
 .text.raise    0x000000000800ce08       0x10 c:/st/stm32cubeide_1.12.0/stm32cubeide/plugins/com.st.stm32cube.ide.mcu.externaltools.gnu-tools-for-stm32.10.3-2021.10.win32_1.0.200.202301161003/tools/bin/../lib/gcc/arm-none-eabi/10.3.1/../../../../arm-none-eabi/lib/thumb/v7e-m+dp/hard\libc_nano.a(lib_a-signal.o)
                0x000000000800ce08                raise
 .text._kill_r  0x000000000800ce18       0x24 c:/st/stm32cubeide_1.12.0/stm32cubeide/plugins/com.st.stm32cube.ide.mcu.externaltools.gnu-tools-for-stm32.10.3-2021.10.win32_1.0.200.202301161003/tools/bin/../lib/gcc/arm-none-eabi/10.3.1/../../../../arm-none-eabi/lib/thumb/v7e-m+dp/hard\libc_nano.a(lib_a-signalr.o)
                0x000000000800ce18                _kill_r
 .text._getpid_r
                0x000000000800ce3c        0x4 c:/st/stm32cubeide_1.12.0/stm32cubeide/plugins/com.st.stm32cube.ide.mcu.externaltools.gnu-tools-for-stm32.10.3-2021.10.win32_1.0.200.202301161003/tools/bin/../lib/gcc/arm-none-eabi/10.3.1/../../../../arm-none-eabi/lib/thumb/v7e-m+dp/hard\libc_nano.a(lib_a-signalr.o)
                0x000000000800ce3c                _getpid_r
 *(.glue_7)
 .glue_7        0x000000000800ce40        0x0 linker stubs
 *(.glue_7t)
 .glue_7t       0x000000000800ce40        0x0 linker stubs
 *(.eh_frame)
 .eh_frame      0x000000000800ce40        0x0 c:/st/stm32cubeide_1.12.0/stm32cubeide/plugins/com.st.stm32cube.ide.mcu.externaltools.gnu-tools-for-stm32.10.3-2021.10.win32_1.0.200.202301161003/tools/bin/../lib/gcc/arm-none-eabi/10.3.1/thumb/v7e-m+dp/hard/crtbegin.o
 *(.init)
 .init          0x000000000800ce40        0x4 c:/st/stm32cubeide_1.12.0/stm32cubeide/plugins/com.st.stm32cube.ide.mcu.externaltools.gnu-tools-for-stm32.10.3-2021.10.win32_1.0.200.202301161003/tools/bin/../lib/gcc/arm-none-eabi/10.3.1/thumb/v7e-m+dp/hard/crti.o
                0x000000000800ce40                _init
 .init          0x000000000800ce44        0x8 c:/st/stm32cubeide_1.12.0/stm32cubeide/plugins/com.st.stm32cube.ide.mcu.externaltools.gnu-tools-for-stm32.10.3-2021.10.win32_1.0.200.202301161003/tools/bin/../lib/gcc/arm-none-eabi/10.3.1/thumb/v7e-m+dp/hard/crtn.o
 *(.fini)
 .fini          0x000000000800ce4c        0x4 c:/st/stm32cubeide_1.12.0/stm32cubeide/plugins/com.st.stm32cube.ide.mcu.externaltools.gnu-tools-for-stm32.10.3-2021.10.win32_1.0.200.202301161003/tools/bin/../lib/gcc/arm-none-eabi/10.3.1/thumb/v7e-m+dp/hard/crti.o
                0x000000000800ce4c                _fini
 .fini          0x000000000800ce50        0x8 c:/st/stm32cubeide_1.12.0/stm32cubeide/plugins/com.st.stm32cube.ide.mcu.externaltools.gnu-tools-for-stm32.10.3-2021.10.win32_1.0.200.202301161003/tools/bin/../lib/gcc/arm-none-eabi/10.3.1/thumb/v7e-m+dp/hard/crtn.o
 .fini.__stub   0x000000000800ce58       0x38 linker stubs
                0x000000000800ce90                . = ALIGN (0x4)
                0x000000000800ce90                _etext = .

.vfp11_veneer   0x000000000800ce90        0x0
 .vfp11_veneer  0x000000000800ce90        0x0 linker stubs

.v4_bx          0x000000000800ce90        0x0
 .v4_bx         0x000000000800ce90        0x0 linker stubs

.iplt           0x000000000800ce90        0x0
 .iplt          0x000000000800ce90        0x0 c:/st/stm32cubeide_1.12.0/stm32cubeide/plugins/com.st.stm32cube.ide.mcu.externaltools.gnu-tools-for-stm32.10.3-2021.10.win32_1.0.200.202301161003/tools/bin/../lib/gcc/arm-none-eabi/10.3.1/thumb/v7e-m+dp/hard/crtbegin.o

.user_flash     0x0000000008100000        0x0
                0x0000000008100000                . = ALIGN (0x4)
 *(.user_flash)
                0x0000000008100000                . = ALIGN (0x4)

.rodata         0x000000000800ce90      0x8ac
                0x000000000800ce90                . = ALIGN (0x4)
 *(.rodata)
 .rodata        0x000000000800ce90      0x2ae ./Core/Src/main.o
 *fill*         0x000000000800d13e        0x2 
 .rodata        0x000000000800d140      0x1c4 ./Core/Src/mw_gen.o
 *(.rodata*)
 *fill*         0x000000000800d304        0x4 
 .rodata.sweep_settings
                0x000000000800d308       0x18 ./Core/Src/mw_gen.o
                0x000000000800d308                sweep_settings
 .rodata.start_freq.2
                0x000000000800d320        0x8 ./Core/Src/mw_gen.o
 .rodata.num_points.1
                0x000000000800d328        0x4 ./Core/Src/mw_gen.o
 .rodata.D1CorePrescTable
                0x000000000800d32c       0x10 ./Core/Src/system_stm32h7xx.o
                0x000000000800d32c                D1CorePrescTable
 .rodata.UARTPrescTable
                0x000000000800d33c       0x18 ./Drivers/STM32H7xx_HAL_Driver/Src/stm32h7xx_hal_uart.o
                0x000000000800d33c                UARTPrescTable
 .rodata.numerator.1
                0x000000000800d354        0x8 ./Drivers/STM32H7xx_HAL_Driver/Src/stm32h7xx_hal_uart_ex.o
 .rodata.denominator.0
                0x000000000800d35c        0x8 ./Drivers/STM32H7xx_HAL_Driver/Src/stm32h7xx_hal_uart_ex.o
 .rodata._global_impure_ptr
                0x000000000800d364        0x4 c:/st/stm32cubeide_1.12.0/stm32cubeide/plugins/com.st.stm32cube.ide.mcu.externaltools.gnu-tools-for-stm32.10.3-2021.10.win32_1.0.200.202301161003/tools/bin/../lib/gcc/arm-none-eabi/10.3.1/../../../../arm-none-eabi/lib/thumb/v7e-m+dp/hard\libc_nano.a(lib_a-impure.o)
                0x000000000800d364                _global_impure_ptr
 .rodata._printf_float.str1.1
                0x000000000800d368       0x12 c:/st/stm32cubeide_1.12.0/stm32cubeide/plugins/com.st.stm32cube.ide.mcu.externaltools.gnu-tools-for-stm32.10.3-2021.10.win32_1.0.200.202301161003/tools/bin/../lib/gcc/arm-none-eabi/10.3.1/../../../../arm-none-eabi/lib/thumb/v7e-m+dp/hard\libc_nano.a(lib_a-nano-vfprintf_float.o)
 .rodata._printf_i.str1.1
                0x000000000800d37a       0x22 c:/st/stm32cubeide_1.12.0/stm32cubeide/plugins/com.st.stm32cube.ide.mcu.externaltools.gnu-tools-for-stm32.10.3-2021.10.win32_1.0.200.202301161003/tools/bin/../lib/gcc/arm-none-eabi/10.3.1/../../../../arm-none-eabi/lib/thumb/v7e-m+dp/hard\libc_nano.a(lib_a-nano-vfprintf_i.o)
 .rodata._dtoa_r.str1.1
                0x000000000800d39c       0x90 c:/st/stm32cubeide_1.12.0/stm32cubeide/plugins/com.st.stm32cube.ide.mcu.externaltools.gnu-tools-for-stm32.10.3-2021.10.win32_1.0.200.202301161003/tools/bin/../lib/gcc/arm-none-eabi/10.3.1/../../../../arm-none-eabi/lib/thumb/v7e-m+dp/hard\libc_nano.a(lib_a-dtoa.o)
                                         0x92 (size before relaxing)
 .rodata.__sf_fake_stderr
                0x000000000800d42c       0x20 c:/st/stm32cubeide_1.12.0/stm32cubeide/plugins/com.st.stm32cube.ide.mcu.externaltools.gnu-tools-for-stm32.10.3-2021.10.win32_1.0.200.202301161003/tools/bin/../lib/gcc/arm-none-eabi/10.3.1/../../../../arm-none-eabi/lib/thumb/v7e-m+dp/hard\libc_nano.a(lib_a-findfp.o)
                0x000000000800d42c                __sf_fake_stderr
 .rodata.__sf_fake_stdin
                0x000000000800d44c       0x20 c:/st/stm32cubeide_1.12.0/stm32cubeide/plugins/com.st.stm32cube.ide.mcu.externaltools.gnu-tools-for-stm32.10.3-2021.10.win32_1.0.200.202301161003/tools/bin/../lib/gcc/arm-none-eabi/10.3.1/../../../../arm-none-eabi/lib/thumb/v7e-m+dp/hard\libc_nano.a(lib_a-findfp.o)
                0x000000000800d44c                __sf_fake_stdin
 .rodata.__sf_fake_stdout
                0x000000000800d46c       0x20 c:/st/stm32cubeide_1.12.0/stm32cubeide/plugins/com.st.stm32cube.ide.mcu.externaltools.gnu-tools-for-stm32.10.3-2021.10.win32_1.0.200.202301161003/tools/bin/../lib/gcc/arm-none-eabi/10.3.1/../../../../arm-none-eabi/lib/thumb/v7e-m+dp/hard\libc_nano.a(lib_a-findfp.o)
                0x000000000800d46c                __sf_fake_stdout
 .rodata._Balloc.str1.1
                0x000000000800d48c       0x5c c:/st/stm32cubeide_1.12.0/stm32cubeide/plugins/com.st.stm32cube.ide.mcu.externaltools.gnu-tools-for-stm32.10.3-2021.10.win32_1.0.200.202301161003/tools/bin/../lib/gcc/arm-none-eabi/10.3.1/../../../../arm-none-eabi/lib/thumb/v7e-m+dp/hard\libc_nano.a(lib_a-mprec.o)
                                         0x73 (size before relaxing)
 .rodata.__multadd.str1.1
                0x000000000800d4e8       0x11 c:/st/stm32cubeide_1.12.0/stm32cubeide/plugins/com.st.stm32cube.ide.mcu.externaltools.gnu-tools-for-stm32.10.3-2021.10.win32_1.0.200.202301161003/tools/bin/../lib/gcc/arm-none-eabi/10.3.1/../../../../arm-none-eabi/lib/thumb/v7e-m+dp/hard\libc_nano.a(lib_a-mprec.o)
 .rodata.__mprec_bigtens
                0x000000000800d4e8       0x28 c:/st/stm32cubeide_1.12.0/stm32cubeide/plugins/com.st.stm32cube.ide.mcu.externaltools.gnu-tools-for-stm32.10.3-2021.10.win32_1.0.200.202301161003/tools/bin/../lib/gcc/arm-none-eabi/10.3.1/../../../../arm-none-eabi/lib/thumb/v7e-m+dp/hard\libc_nano.a(lib_a-mprec.o)
                0x000000000800d4e8                __mprec_bigtens
 .rodata.__mprec_tens
                0x000000000800d510       0xc8 c:/st/stm32cubeide_1.12.0/stm32cubeide/plugins/com.st.stm32cube.ide.mcu.externaltools.gnu-tools-for-stm32.10.3-2021.10.win32_1.0.200.202301161003/tools/bin/../lib/gcc/arm-none-eabi/10.3.1/../../../../arm-none-eabi/lib/thumb/v7e-m+dp/hard\libc_nano.a(lib_a-mprec.o)
                0x000000000800d510                __mprec_tens
 .rodata.p05.0  0x000000000800d5d8        0xc c:/st/stm32cubeide_1.12.0/stm32cubeide/plugins/com.st.stm32cube.ide.mcu.externaltools.gnu-tools-for-stm32.10.3-2021.10.win32_1.0.200.202301161003/tools/bin/../lib/gcc/arm-none-eabi/10.3.1/../../../../arm-none-eabi/lib/thumb/v7e-m+dp/hard\libc_nano.a(lib_a-mprec.o)
 .rodata._vfprintf_r.str1.1
                0x000000000800d5e4       0x11 c:/st/stm32cubeide_1.12.0/stm32cubeide/plugins/com.st.stm32cube.ide.mcu.externaltools.gnu-tools-for-stm32.10.3-2021.10.win32_1.0.200.202301161003/tools/bin/../lib/gcc/arm-none-eabi/10.3.1/../../../../arm-none-eabi/lib/thumb/v7e-m+dp/hard\libc_nano.a(lib_a-nano-vfprintf.o)
 .rodata.__assert_func.str1.1
                0x000000000800d5f5       0x3c c:/st/stm32cubeide_1.12.0/stm32cubeide/plugins/com.st.stm32cube.ide.mcu.externaltools.gnu-tools-for-stm32.10.3-2021.10.win32_1.0.200.202301161003/tools/bin/../lib/gcc/arm-none-eabi/10.3.1/../../../../arm-none-eabi/lib/thumb/v7e-m+dp/hard\libc_nano.a(lib_a-assert.o)
                                         0x3d (size before relaxing)
 .rodata._setlocale_r.str1.1
                0x000000000800d631        0x8 c:/st/stm32cubeide_1.12.0/stm32cubeide/plugins/com.st.stm32cube.ide.mcu.externaltools.gnu-tools-for-stm32.10.3-2021.10.win32_1.0.200.202301161003/tools/bin/../lib/gcc/arm-none-eabi/10.3.1/../../../../arm-none-eabi/lib/thumb/v7e-m+dp/hard\libc_nano.a(lib_a-locale.o)
                                          0x9 (size before relaxing)
 .rodata.str1.1
                0x000000000800d639        0x2 c:/st/stm32cubeide_1.12.0/stm32cubeide/plugins/com.st.stm32cube.ide.mcu.externaltools.gnu-tools-for-stm32.10.3-2021.10.win32_1.0.200.202301161003/tools/bin/../lib/gcc/arm-none-eabi/10.3.1/../../../../arm-none-eabi/lib/thumb/v7e-m+dp/hard\libc_nano.a(lib_a-locale.o)
 .rodata._ctype_
                0x000000000800d63b      0x101 c:/st/stm32cubeide_1.12.0/stm32cubeide/plugins/com.st.stm32cube.ide.mcu.externaltools.gnu-tools-for-stm32.10.3-2021.10.win32_1.0.200.202301161003/tools/bin/../lib/gcc/arm-none-eabi/10.3.1/../../../../arm-none-eabi/lib/thumb/v7e-m+dp/hard\libc_nano.a(lib_a-ctype_.o)
                0x000000000800d63b                _ctype_
                0x000000000800d73c                . = ALIGN (0x4)

.ARM.extab
 *(.ARM.extab* .gnu.linkonce.armextab.*)

.ARM            0x000000000800d73c        0x8
                0x000000000800d73c                __exidx_start = .
 *(.ARM.exidx*)
 .ARM.exidx     0x000000000800d73c        0x8 c:/st/stm32cubeide_1.12.0/stm32cubeide/plugins/com.st.stm32cube.ide.mcu.externaltools.gnu-tools-for-stm32.10.3-2021.10.win32_1.0.200.202301161003/tools/bin/../lib/gcc/arm-none-eabi/10.3.1/thumb/v7e-m+dp/hard\libgcc.a(_udivmoddi4.o)
                0x000000000800d744                __exidx_end = .

.rel.dyn        0x000000000800d744        0x0
 .rel.iplt      0x000000000800d744        0x0 c:/st/stm32cubeide_1.12.0/stm32cubeide/plugins/com.st.stm32cube.ide.mcu.externaltools.gnu-tools-for-stm32.10.3-2021.10.win32_1.0.200.202301161003/tools/bin/../lib/gcc/arm-none-eabi/10.3.1/thumb/v7e-m+dp/hard/crtbegin.o

.preinit_array  0x000000000800d744        0x0
                0x000000000800d744                PROVIDE (__preinit_array_start = .)
 *(.preinit_array*)
                0x000000000800d744                PROVIDE (__preinit_array_end = .)

.init_array     0x000000000800d744        0x4
                0x000000000800d744                PROVIDE (__init_array_start = .)
 *(SORT_BY_NAME(.init_array.*))
 *(.init_array*)
 .init_array    0x000000000800d744        0x4 c:/st/stm32cubeide_1.12.0/stm32cubeide/plugins/com.st.stm32cube.ide.mcu.externaltools.gnu-tools-for-stm32.10.3-2021.10.win32_1.0.200.202301161003/tools/bin/../lib/gcc/arm-none-eabi/10.3.1/thumb/v7e-m+dp/hard/crtbegin.o
                0x000000000800d748                PROVIDE (__init_array_end = .)

.fini_array     0x000000000800d748        0x4
                [!provide]                        PROVIDE (__fini_array_start = .)
 *(SORT_BY_NAME(.fini_array.*))
 *(.fini_array*)
 .fini_array    0x000000000800d748        0x4 c:/st/stm32cubeide_1.12.0/stm32cubeide/plugins/com.st.stm32cube.ide.mcu.externaltools.gnu-tools-for-stm32.10.3-2021.10.win32_1.0.200.202301161003/tools/bin/../lib/gcc/arm-none-eabi/10.3.1/thumb/v7e-m+dp/hard/crtbegin.o
                [!provide]                        PROVIDE (__fini_array_end = .)
                0x000000000800d74c                _sidata = LOADADDR (.data)

.data           0x0000000020000000      0x20c load address 0x000000000800d74c
                0x0000000020000000                . = ALIGN (0x4)
                0x0000000020000000                _sdata = .
 *(.data)
 *(.data*)
 .data.SLOW_TIMER
                0x0000000020000000        0x4 ./Core/Src/main.o
 .data.FAST_TIMER
                0x0000000020000004        0x4 ./Core/Src/mw_gen.o
 .data.last_integer.5
                0x0000000020000008        0x4 ./Core/Src/mw_gen.o
 .data.last_fraction.4
                0x000000002000000c        0x4 ./Core/Src/mw_gen.o
 .data.last_vcodiv.3
                0x0000000020000010        0x4 ./Core/Src/mw_gen.o
 .data.SystemCoreClock
                0x0000000020000014        0x4 ./Core/Src/system_stm32h7xx.o
                0x0000000020000014                SystemCoreClock
 .data.SystemD2Clock
                0x0000000020000018        0x4 ./Core/Src/system_stm32h7xx.o
                0x0000000020000018                SystemD2Clock
 .data.uwTickPrio
                0x000000002000001c        0x4 ./Drivers/STM32H7xx_HAL_Driver/Src/stm32h7xx_hal.o
                0x000000002000001c                uwTickPrio
 .data.uwTickFreq
                0x0000000020000020        0x1 ./Drivers/STM32H7xx_HAL_Driver/Src/stm32h7xx_hal.o