../Core/Src/main.c:376:13:set_aom_atten	16	static
../Core/Src/main.c:122:1:__io_putchar	16	static
../Core/Src/main.c:534:6:HAL_LPTIM_AutoReloadMatchCallback	0	static
../Core/Src/main.c:538:6:HAL_HRTIM_Compare2EventCallback	0	static
../Core/Src/main.c:586:6:HAL_HRTIM_RepetitionEventCallback	0	static
../Core/Src/main.c:1251:6:Error_Handler	8	static,ignoring_inline_asm
../Core/Src/main.c:674:6:SystemClock_Config	160	static
../Core/Src/main.c:600:5:main	288	static,ignoring_inline_asm
../Core/Src/main.c:127:17:synth_writereg.constprop	40	static
../Core/Src/main.c:249:13:set_frequency.constprop	24	static
../Core/Src/main.c:549:6:HAL_HRTIM_Compare3EventCallback	24	static
../Core/Src/main.c:419:6:HAL_GPIO_EXTI_Callback	96	static,ignoring_inline_asm
