../Core/Src/stm32h7xx_hal_msp.c:65:6:HAL_MspInit	8	static
../Core/Src/stm32h7xx_hal_msp.c:86:6:HAL_DAC_MspInit	40	static
../Core/Src/stm32h7xx_hal_msp.c:119:6:HAL_DAC_MspDeInit	0	static
../Core/Src/stm32h7xx_hal_msp.c:147:6:HAL_HRTIM_MspInit	208	static
../Core/Src/stm32h7xx_hal_msp.c:179:6:HAL_HRTIM_MspPostInit	48	static
../Core/Src/stm32h7xx_hal_msp.c:220:6:HAL_HRTIM_MspDeInit	8	static
../Core/Src/stm32h7xx_hal_msp.c:246:6:HAL_LPTIM_MspInit	208	static
../Core/Src/stm32h7xx_hal_msp.c:282:6:HAL_LPTIM_MspDeInit	0	static
../Core/Src/stm32h7xx_hal_msp.c:307:6:HAL_TIM_Base_MspInit	8	static
../Core/Src/stm32h7xx_hal_msp.c:340:6:HAL_TIM_Base_MspDeInit	0	static
../Core/Src/stm32h7xx_hal_msp.c:373:6:HAL_UART_MspInit	232	static
../Core/Src/stm32h7xx_hal_msp.c:420:6:HAL_UART_MspDeInit	0	static
