../Core/Src/ldc501.c:253:6:init_ldc_comms	8	static
../Core/Src/ldc501.c:269:6:ldc_tx	32	static
../Core/Src/ldc501.c:347:6:one_off	144	static
../Core/Src/ldc501.c:384:14:telnet_client_connected	32	static
../Core/Src/ldc501.c:441:14:telnet_client_recv	32	static
../Core/Src/ldc501.c:528:14:telnet_client_poll	24	static
../Core/Src/ldc501.c:566:14:telnet_client_sent	32	static
../Core/Src/ldc501.c:599:13:telnet_client_send	32	static
../Core/Src/ldc501.c:657:13:telnet_client_connection_close	16	static
../Core/Src/ldc501.c:708:13:telnet_client_handle	64	dynamic
../Core/Src/ldc501.c:173:6:HAL_TIM_PeriodElapsedCallback	16	static
../Core/Src/ldc501.c:214:6:telnet_client_init	24	static
../Core/Src/ldc501.c:244:6:is_telnet_initialised	4	static
../Core/Src/ldc501.c:279:6:ldc_command	16	static
