../Core/Src/ldc501.c:234:6:is_telnet_initialised	4	static
../Core/Src/ldc501.c:300:6:init_ldc_comms	8	static
../Core/Src/ldc501.c:311:6:ldc_tx	32	static
../Core/Src/ldc501.c:349:6:one_off	144	static
../Core/Src/ldc501.c:242:14:telnet_client_connected	32	static
../Core/Src/ldc501.c:386:14:telnet_client_recv	32	static
../Core/Src/ldc501.c:473:14:telnet_client_poll	24	static
../Core/Src/ldc501.c:511:14:telnet_client_sent	32	static
../Core/Src/ldc501.c:544:13:telnet_client_send	32	static
../Core/Src/ldc501.c:602:13:telnet_client_connection_close	16	static
../Core/Src/ldc501.c:628:13:example_client_handle	32	static
../Core/Src/ldc501.c:654:13:telnet_client_handle	72	dynamic
../Core/Src/ldc501.c:167:6:HAL_TIM_PeriodElapsedCallback	16	static
../Core/Src/ldc501.c:208:6:telnet_client_init	16	static
../Core/Src/ldc501.c:322:6:ldc_command	16	static
