../Core/Src/main.c:153:1:__io_putchar	16	static
../Core/Src/main.c:164:5:main	24	static,ignoring_inline_asm
../Core/Src/main.c:405:6:SystemClock_Config	152	static
../Core/Src/main.c:492:13:MX_ADC3_Init	40	static
../Core/Src/main.c:550:13:MX_DAC1_Init	48	static
../Core/Src/main.c:600:13:MX_HRTIM_Init	152	static
../Core/Src/main.c:744:13:MX_LPTIM1_Init	8	static
../Core/Src/main.c:778:13:MX_TIM1_Init	40	static
../Core/Src/main.c:825:13:MX_TIM2_Init	40	static
../Core/Src/main.c:870:13:MX_TIM3_Init	40	static
../Core/Src/main.c:915:13:MX_TIM5_Init	40	static
../Core/Src/main.c:960:13:MX_TIM12_Init	40	static
../Core/Src/main.c:1005:13:MX_USART3_UART_Init	8	static
../Core/Src/main.c:1053:13:MX_GPIO_Init	64	static
../Core/Src/main.c:1176:6:HAL_ADC_ConvCpltCallback	16	static
../Core/Src/main.c:1202:6:MPU_Config	24	static
../Core/Src/main.c:1256:6:Error_Handler	8	static,ignoring_inline_asm
