../Core/Src/main.c:129:10:start_timer	16	static
../Core/Src/main.c:138:10:stop_timer	16	static
../Core/Src/main.c:144:6:timer_delay	24	static
../Core/Src/main.c:116:13:set_aom_atten	16	static
../Core/Src/main.c:182:13:start_pop	8	static
../Core/Src/main.c:159:13:stop_pop	8	static
../Core/Src/main.c:111:1:__io_putchar	16	static
../Core/Src/main.c:223:6:HAL_GPIO_EXTI_Callback	24	static
../Core/Src/main.c:322:6:HAL_LPTIM_AutoReloadMatchCallback	16	static
../Core/Src/main.c:326:6:HAL_HRTIM_Compare2EventCallback	24	static
../Core/Src/main.c:337:6:HAL_HRTIM_Compare3EventCallback	40	static
../Core/Src/main.c:379:6:HAL_HRTIM_RepetitionEventCallback	16	static
../Core/Src/main.c:393:5:main	24	static,ignoring_inline_asm
../Core/Src/main.c:471:6:SystemClock_Config	152	static
../Core/Src/main.c:558:13:MX_DAC1_Init	48	static
../Core/Src/main.c:601:13:MX_HRTIM_Init	152	static
../Core/Src/main.c:745:13:MX_LPTIM1_Init	8	static
../Core/Src/main.c:779:13:MX_TIM1_Init	40	static
../Core/Src/main.c:826:13:MX_TIM3_Init	40	static
../Core/Src/main.c:871:13:MX_USART3_UART_Init	8	static
../Core/Src/main.c:919:13:MX_GPIO_Init	56	static
../Core/Src/main.c:1060:6:Error_Handler	8	static,ignoring_inline_asm
