../Core/Src/main.c:1358:6:measure_POP_cycle_time	8	static
../Core/Src/main.c:1343:6:system_mode_laser_tuning	8	static
../Core/Src/main.c:1329:6:reset_adc_samples	4	static
../Core/Src/main.c:189:1:__io_putchar	16	static
../Core/Src/main.c:200:5:main	24	static,ignoring_inline_asm
../Core/Src/main.c:480:6:SystemClock_Config	152	static
../Core/Src/main.c:567:13:MX_ADC3_Init	40	static
../Core/Src/main.c:625:13:MX_DAC1_Init	48	static
../Core/Src/main.c:682:13:MX_HRTIM_Init	152	static
../Core/Src/main.c:826:13:MX_LPTIM1_Init	8	static
../Core/Src/main.c:860:13:MX_TIM1_Init	40	static
../Core/Src/main.c:907:13:MX_TIM2_Init	40	static
../Core/Src/main.c:952:13:MX_TIM3_Init	40	static
../Core/Src/main.c:997:13:MX_TIM4_Init	40	static
../Core/Src/main.c:1042:13:MX_TIM5_Init	40	static
../Core/Src/main.c:1087:13:MX_USART3_UART_Init	8	static
../Core/Src/main.c:1135:13:MX_GPIO_Init	64	static
../Core/Src/main.c:1265:6:HAL_ADC_ConvCpltCallback	16	static
../Core/Src/main.c:1385:6:system_mode_MW_tuning	8	static
../Core/Src/main.c:1398:6:MPU_Config	24	static
../Core/Src/main.c:1452:6:Error_Handler	8	static,ignoring_inline_asm
