../Core/Src/main.c:131:17:synth_writereg	48	static
../Core/Src/main.c:169:17:synth_readreg	24	static
../Core/Src/main.c:178:17:init_synthesiser	16	static
../Core/Src/main.c:234:19:check_lock	24	static
../Core/Src/main.c:253:13:set_frequency	32	static
../Core/Src/main.c:368:13:set_frequency_hz	48	static
../Core/Src/main.c:292:13:run_sweep	48	static,ignoring_inline_asm
../Core/Src/main.c:409:17:start_timer	16	static
../Core/Src/main.c:418:10:stop_timer	16	static
../Core/Src/main.c:424:13:timer_delay	24	static
../Core/Src/main.c:396:13:set_aom_atten	16	static
../Core/Src/main.c:462:13:start_pop	8	static
../Core/Src/main.c:439:13:stop_pop	8	static
../Core/Src/main.c:126:1:__io_putchar	16	static
../Core/Src/main.c:503:6:HAL_GPIO_EXTI_Callback	24	static
../Core/Src/main.c:602:6:HAL_LPTIM_AutoReloadMatchCallback	16	static
../Core/Src/main.c:606:6:HAL_HRTIM_Compare2EventCallback	24	static
../Core/Src/main.c:617:6:HAL_HRTIM_Compare3EventCallback	24	static
../Core/Src/main.c:656:6:HAL_HRTIM_RepetitionEventCallback	16	static
../Core/Src/main.c:670:5:main	24	static,ignoring_inline_asm
../Core/Src/main.c:748:6:SystemClock_Config	152	static
../Core/Src/main.c:835:13:MX_DAC1_Init	48	static
../Core/Src/main.c:878:13:MX_HRTIM_Init	152	static
../Core/Src/main.c:1022:13:MX_LPTIM1_Init	8	static
../Core/Src/main.c:1056:13:MX_TIM1_Init	40	static
../Core/Src/main.c:1103:13:MX_TIM3_Init	40	static
../Core/Src/main.c:1148:13:MX_USART3_UART_Init	8	static
../Core/Src/main.c:1196:13:MX_GPIO_Init	56	static
../Core/Src/main.c:1337:6:Error_Handler	8	static,ignoring_inline_asm
