../Core/Src/main.c:177:10:start_timer	16	static
../Core/Src/main.c:186:10:stop_timer	16	static
../Core/Src/main.c:192:6:timer_delay	24	static
../Core/Src/main.c:230:13:start_pop	8	static
../Core/Src/main.c:207:13:stop_pop	8	static
../Core/Src/main.c:165:13:set_aom_atten	16	static
../Core/Src/main.c:159:1:__io_putchar	16	static
../Core/Src/main.c:372:6:HAL_LPTIM_AutoReloadMatchCallback	16	static
../Core/Src/main.c:376:6:HAL_HRTIM_Compare2EventCallback	24	static
../Core/Src/main.c:389:6:HAL_HRTIM_Compare3EventCallback	40	static
../Core/Src/main.c:432:6:HAL_HRTIM_RepetitionEventCallback	16	static
../Core/Src/main.c:446:5:main	24	static,ignoring_inline_asm
../Core/Src/main.c:638:6:SystemClock_Config	152	static
../Core/Src/main.c:725:13:MX_ADC3_Init	40	static
../Core/Src/main.c:783:13:MX_DAC1_Init	48	static
../Core/Src/main.c:833:13:MX_ETH_Init	8	static
../Core/Src/main.c:882:13:MX_HRTIM_Init	152	static
../Core/Src/main.c:1026:13:MX_LPTIM1_Init	8	static
../Core/Src/main.c:1060:13:MX_TIM1_Init	40	static
../Core/Src/main.c:1107:13:MX_TIM3_Init	40	static
../Core/Src/main.c:1152:13:MX_USART3_UART_Init	8	static
../Core/Src/main.c:1200:13:MX_GPIO_Init	64	static
../Core/Src/main.c:1323:6:HAL_ADC_ConvCpltCallback	16	static
../Core/Src/main.c:1350:6:Error_Handler	8	static,ignoring_inline_asm
