../Core/Src/main.c:149:10:start_timer	16	static
../Core/Src/main.c:158:10:stop_timer	16	static
../Core/Src/main.c:164:6:timer_delay	24	static
../Core/Src/main.c:202:13:start_pop	8	static
../Core/Src/main.c:179:13:stop_pop	8	static
../Core/Src/main.c:137:13:set_aom_atten	16	static
../Core/Src/main.c:131:1:__io_putchar	16	static
../Core/Src/main.c:344:6:HAL_LPTIM_AutoReloadMatchCallback	16	static
../Core/Src/main.c:348:6:HAL_HRTIM_Compare2EventCallback	24	static
../Core/Src/main.c:361:6:HAL_HRTIM_Compare3EventCallback	40	static
../Core/Src/main.c:404:6:HAL_HRTIM_RepetitionEventCallback	16	static
../Core/Src/main.c:418:5:main	24	static,ignoring_inline_asm
../Core/Src/main.c:576:6:SystemClock_Config	152	static
../Core/Src/main.c:663:13:MX_ADC3_Init	40	static
../Core/Src/main.c:721:13:MX_DAC1_Init	48	static
../Core/Src/main.c:771:13:MX_HRTIM_Init	152	static
../Core/Src/main.c:915:13:MX_LPTIM1_Init	8	static
../Core/Src/main.c:949:13:MX_TIM1_Init	40	static
../Core/Src/main.c:996:13:MX_TIM3_Init	40	static
../Core/Src/main.c:1041:13:MX_USART3_UART_Init	8	static
../Core/Src/main.c:1089:13:MX_GPIO_Init	64	static
../Core/Src/main.c:1241:6:HAL_ADC_ConvCpltCallback	16	static
../Core/Src/main.c:1268:6:Error_Handler	8	static,ignoring_inline_asm
