../Core/Src/main.c:1328:6:reset_adc_samples	4	static
../Core/Src/main.c:180:1:__io_putchar	16	static
../Core/Src/main.c:191:5:main	24	static,ignoring_inline_asm
../Core/Src/main.c:479:6:SystemClock_Config	152	static
../Core/Src/main.c:566:13:MX_ADC3_Init	40	static
../Core/Src/main.c:624:13:MX_DAC1_Init	48	static
../Core/Src/main.c:681:13:MX_HRTIM_Init	152	static
../Core/Src/main.c:825:13:MX_LPTIM1_Init	8	static
../Core/Src/main.c:859:13:MX_TIM1_Init	40	static
../Core/Src/main.c:906:13:MX_TIM2_Init	40	static
../Core/Src/main.c:951:13:MX_TIM3_Init	40	static
../Core/Src/main.c:996:13:MX_TIM4_Init	40	static
../Core/Src/main.c:1041:13:MX_TIM5_Init	40	static
../Core/Src/main.c:1086:13:MX_USART3_UART_Init	8	static
../Core/Src/main.c:1134:13:MX_GPIO_Init	64	static
../Core/Src/main.c:1264:6:HAL_ADC_ConvCpltCallback	16	static
../Core/Src/main.c:1342:6:system_mode_laser_tuning	8	static
../Core/Src/main.c:1357:6:system_mode_MW_tuning	8	static
../Core/Src/main.c:1370:6:MPU_Config	24	static
../Core/Src/main.c:1424:6:Error_Handler	8	static,ignoring_inline_asm
