../Core/Src/main.c:131:17:synth_writereg	48	static
../Core/Src/main.c:169:17:synth_readreg	24	static
../Core/Src/main.c:178:17:init_synthesiser	16	static
../Core/Src/main.c:234:19:check_lock	24	static
../Core/Src/main.c:253:13:set_frequency	32	static
../Core/Src/main.c:362:13:set_frequency_hz	48	static
../Core/Src/main.c:292:13:run_sweep	64	static,ignoring_inline_asm
../Core/Src/main.c:402:17:start_timer	16	static
../Core/Src/main.c:411:10:stop_timer	16	static
../Core/Src/main.c:417:13:timer_delay	24	static
../Core/Src/main.c:389:13:set_aom_atten	16	static
../Core/Src/main.c:453:13:start_pop	8	static
../Core/Src/main.c:432:13:stop_pop	8	static
../Core/Src/main.c:126:1:__io_putchar	16	static
../Core/Src/main.c:490:6:HAL_GPIO_EXTI_Callback	24	static
../Core/Src/main.c:582:6:HAL_LPTIM_AutoReloadMatchCallback	16	static
../Core/Src/main.c:586:6:HAL_HRTIM_Compare2EventCallback	24	static
../Core/Src/main.c:597:6:HAL_HRTIM_Compare3EventCallback	24	static
../Core/Src/main.c:636:6:HAL_HRTIM_RepetitionEventCallback	16	static
../Core/Src/main.c:650:5:main	24	static,ignoring_inline_asm
../Core/Src/main.c:724:6:SystemClock_Config	152	static
../Core/Src/main.c:811:13:MX_DAC1_Init	48	static
../Core/Src/main.c:854:13:MX_HRTIM_Init	152	static
../Core/Src/main.c:998:13:MX_LPTIM1_Init	8	static
../Core/Src/main.c:1032:13:MX_TIM1_Init	40	static
../Core/Src/main.c:1079:13:MX_TIM3_Init	40	static
../Core/Src/main.c:1124:13:MX_USART3_UART_Init	8	static
../Core/Src/main.c:1172:13:MX_GPIO_Init	56	static
../Core/Src/main.c:1313:6:Error_Handler	8	static,ignoring_inline_asm
