../Core/Src/main.c:175:10:start_timer	16	static
../Core/Src/main.c:184:10:stop_timer	16	static
../Core/Src/main.c:190:6:timer_delay	24	static
../Core/Src/main.c:228:13:start_pop	8	static
../Core/Src/main.c:205:13:stop_pop	8	static
../Core/Src/main.c:163:13:set_aom_atten	16	static
../Core/Src/main.c:157:1:__io_putchar	16	static
../Core/Src/main.c:370:6:HAL_LPTIM_AutoReloadMatchCallback	16	static
../Core/Src/main.c:374:6:HAL_HRTIM_Compare2EventCallback	24	static
../Core/Src/main.c:387:6:HAL_HRTIM_Compare3EventCallback	40	static
../Core/Src/main.c:430:6:HAL_HRTIM_RepetitionEventCallback	16	static
../Core/Src/main.c:444:5:main	24	static,ignoring_inline_asm
../Core/Src/main.c:636:6:SystemClock_Config	152	static
../Core/Src/main.c:723:13:MX_ADC3_Init	40	static
../Core/Src/main.c:781:13:MX_DAC1_Init	48	static
../Core/Src/main.c:831:13:MX_ETH_Init	8	static
../Core/Src/main.c:880:13:MX_HRTIM_Init	152	static
../Core/Src/main.c:1024:13:MX_LPTIM1_Init	8	static
../Core/Src/main.c:1058:13:MX_TIM1_Init	40	static
../Core/Src/main.c:1105:13:MX_TIM3_Init	40	static
../Core/Src/main.c:1150:13:MX_USART3_UART_Init	8	static
../Core/Src/main.c:1198:13:MX_GPIO_Init	64	static
../Core/Src/main.c:1321:6:HAL_ADC_ConvCpltCallback	16	static
../Core/Src/main.c:1348:6:Error_Handler	8	static,ignoring_inline_asm
