../Core/Src/main.c:1356:6:measure_POP_cycle_time	8	static
../Core/Src/main.c:1341:6:system_mode_laser_tuning	8	static
../Core/Src/main.c:1327:6:reset_adc_samples	4	static
../Core/Src/main.c:187:1:__io_putchar	16	static
../Core/Src/main.c:198:5:main	24	static,ignoring_inline_asm
../Core/Src/main.c:478:6:SystemClock_Config	152	static
../Core/Src/main.c:565:13:MX_ADC3_Init	40	static
../Core/Src/main.c:623:13:MX_DAC1_Init	48	static
../Core/Src/main.c:680:13:MX_HRTIM_Init	152	static
../Core/Src/main.c:824:13:MX_LPTIM1_Init	8	static
../Core/Src/main.c:858:13:MX_TIM1_Init	40	static
../Core/Src/main.c:905:13:MX_TIM2_Init	40	static
../Core/Src/main.c:950:13:MX_TIM3_Init	40	static
../Core/Src/main.c:995:13:MX_TIM4_Init	40	static
../Core/Src/main.c:1040:13:MX_TIM5_Init	40	static
../Core/Src/main.c:1085:13:MX_USART3_UART_Init	8	static
../Core/Src/main.c:1133:13:MX_GPIO_Init	64	static
../Core/Src/main.c:1263:6:HAL_ADC_ConvCpltCallback	16	static
../Core/Src/main.c:1383:6:system_mode_MW_tuning	8	static
../Core/Src/main.c:1396:6:MPU_Config	24	static
../Core/Src/main.c:1450:6:Error_Handler	8	static,ignoring_inline_asm
