../Core/Src/main.c:153:10:start_timer	16	static
../Core/Src/main.c:162:10:stop_timer	16	static
../Core/Src/main.c:168:6:timer_delay	24	static
../Core/Src/main.c:206:13:start_pop	8	static
../Core/Src/main.c:183:13:stop_pop	8	static
../Core/Src/main.c:141:13:set_aom_atten	16	static
../Core/Src/main.c:135:1:__io_putchar	16	static
../Core/Src/main.c:247:6:HAL_GPIO_EXTI_Callback	24	static
../Core/Src/main.c:348:6:HAL_LPTIM_AutoReloadMatchCallback	16	static
../Core/Src/main.c:352:6:HAL_HRTIM_Compare2EventCallback	24	static
../Core/Src/main.c:365:6:HAL_HRTIM_Compare3EventCallback	40	static
../Core/Src/main.c:408:6:HAL_HRTIM_RepetitionEventCallback	16	static
../Core/Src/main.c:422:5:main	24	static,ignoring_inline_asm
../Core/Src/main.c:531:6:SystemClock_Config	152	static
../Core/Src/main.c:618:13:MX_DAC1_Init	48	static
../Core/Src/main.c:661:13:MX_ETH_Init	8	static
../Core/Src/main.c:710:13:MX_HRTIM_Init	152	static
../Core/Src/main.c:854:13:MX_LPTIM1_Init	8	static
../Core/Src/main.c:888:13:MX_TIM1_Init	40	static
../Core/Src/main.c:935:13:MX_TIM3_Init	40	static
../Core/Src/main.c:980:13:MX_USART3_UART_Init	8	static
../Core/Src/main.c:1028:13:MX_GPIO_Init	56	static
../Core/Src/main.c:1147:6:Error_Handler	8	static,ignoring_inline_asm
