../Core/Src/main.c:1365:6:measure_POP_cycle_time	8	static
../Core/Src/main.c:1350:6:system_mode_laser_tuning	8	static
../Core/Src/main.c:1336:6:reset_adc_samples	4	static
../Core/Src/main.c:190:1:__io_putchar	16	static
../Core/Src/main.c:201:5:main	24	static,ignoring_inline_asm
../Core/Src/main.c:487:6:SystemClock_Config	152	static
../Core/Src/main.c:574:13:MX_ADC3_Init	40	static
../Core/Src/main.c:632:13:MX_DAC1_Init	48	static
../Core/Src/main.c:689:13:MX_HRTIM_Init	152	static
../Core/Src/main.c:833:13:MX_LPTIM1_Init	8	static
../Core/Src/main.c:867:13:MX_TIM1_Init	40	static
../Core/Src/main.c:914:13:MX_TIM2_Init	40	static
../Core/Src/main.c:959:13:MX_TIM3_Init	40	static
../Core/Src/main.c:1004:13:MX_TIM4_Init	40	static
../Core/Src/main.c:1049:13:MX_TIM5_Init	40	static
../Core/Src/main.c:1094:13:MX_USART3_UART_Init	8	static
../Core/Src/main.c:1142:13:MX_GPIO_Init	64	static
../Core/Src/main.c:1272:6:HAL_ADC_ConvCpltCallback	16	static
../Core/Src/main.c:1392:6:system_mode_MW_tuning	8	static
../Core/Src/main.c:1405:6:MPU_Config	24	static
../Core/Src/main.c:1459:6:Error_Handler	8	static,ignoring_inline_asm
