../Core/Src/main.c:427:10:start_timer	16	static
../Core/Src/main.c:436:10:stop_timer	16	static
../Core/Src/main.c:442:6:timer_delay	24	static
../Core/Src/main.c:414:13:set_aom_atten	16	static
../Core/Src/main.c:480:13:start_pop	8	static
../Core/Src/main.c:457:13:stop_pop	8	static
../Core/Src/main.c:136:1:__io_putchar	16	static
../Core/Src/main.c:521:6:HAL_GPIO_EXTI_Callback	24	static
../Core/Src/main.c:620:6:HAL_LPTIM_AutoReloadMatchCallback	16	static
../Core/Src/main.c:624:6:HAL_HRTIM_Compare2EventCallback	24	static
../Core/Src/main.c:635:6:HAL_HRTIM_Compare3EventCallback	40	static
../Core/Src/main.c:677:6:HAL_HRTIM_RepetitionEventCallback	16	static
../Core/Src/main.c:691:5:main	24	static,ignoring_inline_asm
../Core/Src/main.c:769:6:SystemClock_Config	152	static
../Core/Src/main.c:856:13:MX_DAC1_Init	48	static
../Core/Src/main.c:899:13:MX_HRTIM_Init	152	static
../Core/Src/main.c:1043:13:MX_LPTIM1_Init	8	static
../Core/Src/main.c:1077:13:MX_TIM1_Init	40	static
../Core/Src/main.c:1124:13:MX_TIM3_Init	40	static
../Core/Src/main.c:1169:13:MX_USART3_UART_Init	8	static
../Core/Src/main.c:1217:13:MX_GPIO_Init	56	static
../Core/Src/main.c:1358:6:Error_Handler	8	static,ignoring_inline_asm
