../Core/Src/main.c:145:1:__io_putchar	16	static
../Core/Src/main.c:156:5:main	24	static,ignoring_inline_asm
../Core/Src/main.c:377:6:SystemClock_Config	152	static
../Core/Src/main.c:464:13:MX_ADC3_Init	40	static
../Core/Src/main.c:522:13:MX_DAC1_Init	48	static
../Core/Src/main.c:572:13:MX_HRTIM_Init	152	static
../Core/Src/main.c:716:13:MX_LPTIM1_Init	8	static
../Core/Src/main.c:750:13:MX_TIM1_Init	40	static
../Core/Src/main.c:797:13:MX_TIM2_Init	40	static
../Core/Src/main.c:842:13:MX_TIM3_Init	40	static
../Core/Src/main.c:887:13:MX_TIM5_Init	40	static
../Core/Src/main.c:932:13:MX_USART3_UART_Init	8	static
../Core/Src/main.c:980:13:MX_GPIO_Init	64	static
../Core/Src/main.c:1103:6:HAL_ADC_ConvCpltCallback	16	static
../Core/Src/main.c:1129:6:MPU_Config	24	static
../Core/Src/main.c:1183:6:Error_Handler	8	static,ignoring_inline_asm
