../Core/Src/main.c:159:10:start_timer	16	static
../Core/Src/main.c:168:10:stop_timer	16	static
../Core/Src/main.c:174:6:timer_delay	24	static
../Core/Src/main.c:212:13:start_pop	8	static
../Core/Src/main.c:189:13:stop_pop	8	static
../Core/Src/main.c:147:13:set_aom_atten	16	static
../Core/Src/main.c:141:1:__io_putchar	16	static
../Core/Src/main.c:253:6:HAL_GPIO_EXTI_Callback	24	static
../Core/Src/main.c:354:6:HAL_LPTIM_AutoReloadMatchCallback	16	static
../Core/Src/main.c:358:6:HAL_HRTIM_Compare2EventCallback	24	static
../Core/Src/main.c:371:6:HAL_HRTIM_Compare3EventCallback	40	static
../Core/Src/main.c:414:6:HAL_HRTIM_RepetitionEventCallback	16	static
../Core/Src/main.c:428:5:main	24	static,ignoring_inline_asm
../Core/Src/main.c:608:6:SystemClock_Config	152	static
../Core/Src/main.c:695:13:MX_ADC3_Init	40	static
../Core/Src/main.c:753:13:MX_DAC1_Init	48	static
../Core/Src/main.c:803:13:MX_ETH_Init	8	static
../Core/Src/main.c:852:13:MX_HRTIM_Init	152	static
../Core/Src/main.c:996:13:MX_LPTIM1_Init	8	static
../Core/Src/main.c:1030:13:MX_TIM1_Init	40	static
../Core/Src/main.c:1077:13:MX_TIM3_Init	40	static
../Core/Src/main.c:1122:13:MX_USART3_UART_Init	8	static
../Core/Src/main.c:1170:13:MX_GPIO_Init	64	static
../Core/Src/main.c:1286:6:HAL_ADC_ConvCpltCallback	16	static
../Core/Src/main.c:1304:6:Error_Handler	8	static,ignoring_inline_asm
