../Core/Src/main.c:157:1:__io_putchar	16	static
../Core/Src/main.c:168:5:main	24	static,ignoring_inline_asm
../Core/Src/main.c:435:6:SystemClock_Config	152	static
../Core/Src/main.c:522:13:MX_ADC3_Init	40	static
../Core/Src/main.c:580:13:MX_DAC1_Init	48	static
../Core/Src/main.c:630:13:MX_HRTIM_Init	152	static
../Core/Src/main.c:774:13:MX_LPTIM1_Init	8	static
../Core/Src/main.c:808:13:MX_TIM1_Init	40	static
../Core/Src/main.c:855:13:MX_TIM2_Init	40	static
../Core/Src/main.c:900:13:MX_TIM3_Init	40	static
../Core/Src/main.c:945:13:MX_TIM4_Init	40	static
../Core/Src/main.c:990:13:MX_TIM5_Init	40	static
../Core/Src/main.c:1035:13:MX_USART3_UART_Init	8	static
../Core/Src/main.c:1083:13:MX_GPIO_Init	64	static
../Core/Src/main.c:1206:6:HAL_ADC_ConvCpltCallback	16	static
../Core/Src/main.c:1232:6:MPU_Config	24	static
../Core/Src/main.c:1286:6:Error_Handler	8	static,ignoring_inline_asm
