../Core/Src/main.c:131:10:start_timer	16	static
../Core/Src/main.c:140:10:stop_timer	16	static
../Core/Src/main.c:146:6:timer_delay	24	static
../Core/Src/main.c:184:13:start_pop	8	static
../Core/Src/main.c:161:13:stop_pop	8	static
../Core/Src/main.c:119:13:set_aom_atten	16	static
../Core/Src/main.c:113:1:__io_putchar	16	static
../Core/Src/main.c:225:6:HAL_GPIO_EXTI_Callback	24	static
../Core/Src/main.c:327:6:HAL_LPTIM_AutoReloadMatchCallback	16	static
../Core/Src/main.c:331:6:HAL_HRTIM_Compare2EventCallback	24	static
../Core/Src/main.c:344:6:HAL_HRTIM_Compare3EventCallback	40	static
../Core/Src/main.c:387:6:HAL_HRTIM_RepetitionEventCallback	16	static
../Core/Src/main.c:401:5:main	24	static,ignoring_inline_asm
../Core/Src/main.c:476:6:SystemClock_Config	152	static
../Core/Src/main.c:563:13:MX_DAC1_Init	48	static
../Core/Src/main.c:606:13:MX_HRTIM_Init	152	static
../Core/Src/main.c:750:13:MX_LPTIM1_Init	8	static
../Core/Src/main.c:784:13:MX_TIM1_Init	40	static
../Core/Src/main.c:831:13:MX_TIM3_Init	40	static
../Core/Src/main.c:876:13:MX_USART3_UART_Init	8	static
../Core/Src/main.c:924:13:MX_GPIO_Init	56	static
../Core/Src/main.c:1065:6:Error_Handler	8	static,ignoring_inline_asm
