../Core/Src/mw_gen.c:191:17:synth_writereg	48	static
../Core/Src/mw_gen.c:234:17:synth_readreg	24	static
../Core/Src/mw_gen.c:248:10:set_MW_power	24	static
../Core/Src/mw_gen.c:269:10:init_synthesiser	24	static
../Core/Src/mw_gen.c:381:19:lock_status	16	static
../Core/Src/mw_gen.c:480:6:set_frequency_hz	40	static
../Core/Src/mw_gen.c:447:13:set_freq_regs	32	static
../Core/Src/mw_gen.c:611:15:print_mw_sweep_settings	8	static
../Core/Src/mw_gen.c:633:6:calc_defined_step_MW_sweep	88	static
../Core/Src/mw_gen.c:690:6:calc_fixed_time_MW_sweep	120	static
../Core/Src/mw_gen.c:779:23:calculate_k	24	static
../Core/Src/mw_gen.c:794:6:start_POP_calibration	16	static
../Core/Src/mw_gen.c:814:19:start_MW_sweep	16	static
../Core/Src/mw_gen.c:849:6:start_continuous_MW_sweep	8	static
../Core/Src/mw_gen.c:858:12:MW_update	48	static
../Core/Src/mw_gen.c:1053:6:MW_frequency_toggle	72	static
../Core/Src/mw_gen.c:1097:7:set_SDO_output	24	static
../Core/Src/mw_gen.c:1123:7:calc_defined_step_for_calibration	96	static
