../Core/Src/mw_gen.c:166:17:synth_writereg	48	static
../Core/Src/mw_gen.c:209:17:synth_readreg	24	static
../Core/Src/mw_gen.c:223:10:set_MW_power	24	static
../Core/Src/mw_gen.c:244:10:init_synthesiser	24	static
../Core/Src/mw_gen.c:355:19:lock_status	16	static
../Core/Src/mw_gen.c:454:6:set_frequency_hz	40	static
../Core/Src/mw_gen.c:421:13:set_freq_regs	32	static
../Core/Src/mw_gen.c:515:6:run_sweep	24	static
../Core/Src/mw_gen.c:596:15:print_mw_sweep_settings	8	static
../Core/Src/mw_gen.c:617:6:calc_defined_step_MW_sweep	104	static
../Core/Src/mw_gen.c:677:6:calc_fixed_time_MW_sweep	104	static
../Core/Src/mw_gen.c:753:12:start_MW_sweep	8	static
../Core/Src/mw_gen.c:782:12:MW_update	16	static
../Core/Src/mw_gen.c:890:6:MW_frequency_toggle	72	static
../Core/Src/mw_gen.c:934:7:set_SDO_output	24	static
../Core/Src/mw_gen.c:591:6:test_call	8	static
