../Core/Src/timers.c:91:17:start_timer	16	static
../Core/Src/timers.c:104:17:stop_timer	16	static
../Core/Src/timers.c:113:6:timer_delay	24	static
../Core/Src/timers.c:155:6:start_pop	8	static
../Core/Src/timers.c:132:6:stop_pop	8	static
../Core/Src/timers.c:75:13:set_aom_atten	16	static
../Core/Src/timers.c:298:6:HAL_LPTIM_AutoReloadMatchCallback	16	static
../Core/Src/timers.c:302:6:HAL_HRTIM_Compare2EventCallback	24	static
../Core/Src/timers.c:315:6:HAL_HRTIM_Compare3EventCallback	40	static
../Core/Src/timers.c:355:6:HAL_HRTIM_RepetitionEventCallback	16	static
