../Core/Src/timers.c:94:10:start_timer	16	static
../Core/Src/timers.c:107:10:stop_timer	16	static
../Core/Src/timers.c:118:10:check_timer	16	static
../Core/Src/timers.c:126:6:timer_delay	24	static
../Core/Src/timers.c:169:6:start_pop	8	static
../Core/Src/timers.c:146:6:stop_pop	8	static
../Core/Src/timers.c:312:6:HAL_LPTIM_AutoReloadMatchCallback	16	static
../Core/Src/timers.c:316:6:HAL_HRTIM_Compare2EventCallback	16	static
../Core/Src/timers.c:329:6:HAL_HRTIM_Compare3EventCallback	40	static
../Core/Src/timers.c:369:6:HAL_HRTIM_RepetitionEventCallback	16	static
