../Drivers/STM32H7xx_HAL_Driver/Src/stm32h7xx_hal_hrtim.c:699:13:HAL_HRTIM_MspInit	0	static
../Drivers/STM32H7xx_HAL_Driver/Src/stm32h7xx_hal_hrtim.c:521:19:HAL_HRTIM_Init	16	static
../Drivers/STM32H7xx_HAL_Driver/Src/stm32h7xx_hal_hrtim.c:714:13:HAL_HRTIM_MspDeInit	0	static
../Drivers/STM32H7xx_HAL_Driver/Src/stm32h7xx_hal_hrtim.c:663:19:HAL_HRTIM_DeInit	8	static
../Drivers/STM32H7xx_HAL_Driver/Src/stm32h7xx_hal_hrtim.c:744:19:HAL_HRTIM_TimeBaseConfig	8	static
../Drivers/STM32H7xx_HAL_Driver/Src/stm32h7xx_hal_hrtim.c:815:19:HAL_HRTIM_SimpleBaseStart	4	static
../Drivers/STM32H7xx_HAL_Driver/Src/stm32h7xx_hal_hrtim.c:850:19:HAL_HRTIM_SimpleBaseStop	0	static
../Drivers/STM32H7xx_HAL_Driver/Src/stm32h7xx_hal_hrtim.c:886:19:HAL_HRTIM_SimpleBaseStart_IT	8	static
../Drivers/STM32H7xx_HAL_Driver/Src/stm32h7xx_hal_hrtim.c:932:19:HAL_HRTIM_SimpleBaseStop_IT	0	static
../Drivers/STM32H7xx_HAL_Driver/Src/stm32h7xx_hal_hrtim.c:981:19:HAL_HRTIM_SimpleBaseStart_DMA	16	static
../Drivers/STM32H7xx_HAL_Driver/Src/stm32h7xx_hal_hrtim.c:1083:19:HAL_HRTIM_SimpleBaseStop_DMA	16	static
../Drivers/STM32H7xx_HAL_Driver/Src/stm32h7xx_hal_hrtim.c:1205:19:HAL_HRTIM_SimpleOCChannelConfig	20	static
../Drivers/STM32H7xx_HAL_Driver/Src/stm32h7xx_hal_hrtim.c:1379:19:HAL_HRTIM_SimpleOCStart	8	static
../Drivers/STM32H7xx_HAL_Driver/Src/stm32h7xx_hal_hrtim.c:1429:19:HAL_HRTIM_SimpleOCStop	0	static
../Drivers/STM32H7xx_HAL_Driver/Src/stm32h7xx_hal_hrtim.c:1484:19:HAL_HRTIM_SimpleOCStart_IT	12	static
../Drivers/STM32H7xx_HAL_Driver/Src/stm32h7xx_hal_hrtim.c:1543:19:HAL_HRTIM_SimpleOCStop_IT	8	static
../Drivers/STM32H7xx_HAL_Driver/Src/stm32h7xx_hal_hrtim.c:1610:19:HAL_HRTIM_SimpleOCStart_DMA	24	static
../Drivers/STM32H7xx_HAL_Driver/Src/stm32h7xx_hal_hrtim.c:1717:19:HAL_HRTIM_SimpleOCStop_DMA	16	static
../Drivers/STM32H7xx_HAL_Driver/Src/stm32h7xx_hal_hrtim.c:1825:19:HAL_HRTIM_SimplePWMChannelConfig	20	static
../Drivers/STM32H7xx_HAL_Driver/Src/stm32h7xx_hal_hrtim.c:1943:19:HAL_HRTIM_SimplePWMStart	4	static
../Drivers/STM32H7xx_HAL_Driver/Src/stm32h7xx_hal_hrtim.c:1993:19:HAL_HRTIM_SimplePWMStop	0	static
../Drivers/STM32H7xx_HAL_Driver/Src/stm32h7xx_hal_hrtim.c:2044:19:HAL_HRTIM_SimplePWMStart_IT	8	static
../Drivers/STM32H7xx_HAL_Driver/Src/stm32h7xx_hal_hrtim.c:2134:19:HAL_HRTIM_SimplePWMStop_IT	4	static
../Drivers/STM32H7xx_HAL_Driver/Src/stm32h7xx_hal_hrtim.c:2228:19:HAL_HRTIM_SimplePWMStart_DMA	16	static
../Drivers/STM32H7xx_HAL_Driver/Src/stm32h7xx_hal_hrtim.c:2367:19:HAL_HRTIM_SimplePWMStop_DMA	16	static
../Drivers/STM32H7xx_HAL_Driver/Src/stm32h7xx_hal_hrtim.c:2491:19:HAL_HRTIM_SimpleCaptureChannelConfig	28	static
../Drivers/STM32H7xx_HAL_Driver/Src/stm32h7xx_hal_hrtim.c:2562:19:HAL_HRTIM_SimpleCaptureStart	8	static
../Drivers/STM32H7xx_HAL_Driver/Src/stm32h7xx_hal_hrtim.c:2633:19:HAL_HRTIM_SimpleCaptureStop	4	static
../Drivers/STM32H7xx_HAL_Driver/Src/stm32h7xx_hal_hrtim.c:2715:19:HAL_HRTIM_SimpleCaptureStart_IT	8	static
../Drivers/STM32H7xx_HAL_Driver/Src/stm32h7xx_hal_hrtim.c:2793:19:HAL_HRTIM_SimpleCaptureStop_IT	4	static
../Drivers/STM32H7xx_HAL_Driver/Src/stm32h7xx_hal_hrtim.c:2886:19:HAL_HRTIM_SimpleCaptureStart_DMA	16	static
../Drivers/STM32H7xx_HAL_Driver/Src/stm32h7xx_hal_hrtim.c:2999:19:HAL_HRTIM_SimpleCaptureStop_DMA	16	static
../Drivers/STM32H7xx_HAL_Driver/Src/stm32h7xx_hal_hrtim.c:3146:19:HAL_HRTIM_SimpleOnePulseChannelConfig	24	static
../Drivers/STM32H7xx_HAL_Driver/Src/stm32h7xx_hal_hrtim.c:3282:19:HAL_HRTIM_SimpleOnePulseStart	4	static
../Drivers/STM32H7xx_HAL_Driver/Src/stm32h7xx_hal_hrtim.c:3332:19:HAL_HRTIM_SimpleOnePulseStop	0	static
../Drivers/STM32H7xx_HAL_Driver/Src/stm32h7xx_hal_hrtim.c:3383:19:HAL_HRTIM_SimpleOnePulseStart_IT	8	static
../Drivers/STM32H7xx_HAL_Driver/Src/stm32h7xx_hal_hrtim.c:3473:19:HAL_HRTIM_SimpleOnePulseStop_IT	4	static
../Drivers/STM32H7xx_HAL_Driver/Src/stm32h7xx_hal_hrtim.c:3570:19:HAL_HRTIM_BurstModeConfig	8	static
../Drivers/STM32H7xx_HAL_Driver/Src/stm32h7xx_hal_hrtim.c:3650:19:HAL_HRTIM_EventConfig	16	static
../Drivers/STM32H7xx_HAL_Driver/Src/stm32h7xx_hal_hrtim.c:3695:19:HAL_HRTIM_EventPrescalerConfig	0	static
../Drivers/STM32H7xx_HAL_Driver/Src/stm32h7xx_hal_hrtim.c:3737:19:HAL_HRTIM_FaultConfig	16	static
../Drivers/STM32H7xx_HAL_Driver/Src/stm32h7xx_hal_hrtim.c:3862:19:HAL_HRTIM_FaultPrescalerConfig	0	static
../Drivers/STM32H7xx_HAL_Driver/Src/stm32h7xx_hal_hrtim.c:3905:6:HAL_HRTIM_FaultModeCtl	4	static
../Drivers/STM32H7xx_HAL_Driver/Src/stm32h7xx_hal_hrtim.c:3949:19:HAL_HRTIM_ADCTriggerConfig	8	static
../Drivers/STM32H7xx_HAL_Driver/Src/stm32h7xx_hal_hrtim.c:4101:19:HAL_HRTIM_WaveformTimerConfig	36	static
../Drivers/STM32H7xx_HAL_Driver/Src/stm32h7xx_hal_hrtim.c:4202:19:HAL_HRTIM_TimerEventFilteringConfig	8	static
../Drivers/STM32H7xx_HAL_Driver/Src/stm32h7xx_hal_hrtim.c:4332:19:HAL_HRTIM_DeadTimeConfig	12	static
../Drivers/STM32H7xx_HAL_Driver/Src/stm32h7xx_hal_hrtim.c:4397:19:HAL_HRTIM_ChopperModeConfig	8	static
../Drivers/STM32H7xx_HAL_Driver/Src/stm32h7xx_hal_hrtim.c:4474:19:HAL_HRTIM_BurstDMAConfig	0	static
../Drivers/STM32H7xx_HAL_Driver/Src/stm32h7xx_hal_hrtim.c:4581:19:HAL_HRTIM_WaveformCompareConfig	8	static
../Drivers/STM32H7xx_HAL_Driver/Src/stm32h7xx_hal_hrtim.c:4782:19:HAL_HRTIM_WaveformCaptureConfig	4	static
../Drivers/STM32H7xx_HAL_Driver/Src/stm32h7xx_hal_hrtim.c:4868:19:HAL_HRTIM_WaveformOutputConfig	20	static
../Drivers/STM32H7xx_HAL_Driver/Src/stm32h7xx_hal_hrtim.c:4936:19:HAL_HRTIM_WaveformSetOutputLevel	4	static
../Drivers/STM32H7xx_HAL_Driver/Src/stm32h7xx_hal_hrtim.c:5038:19:HAL_HRTIM_WaveformOutputStart	4	static
../Drivers/STM32H7xx_HAL_Driver/Src/stm32h7xx_hal_hrtim.c:5078:19:HAL_HRTIM_WaveformOutputStop	4	static
../Drivers/STM32H7xx_HAL_Driver/Src/stm32h7xx_hal_hrtim.c:5114:19:HAL_HRTIM_WaveformCountStart	4	static
../Drivers/STM32H7xx_HAL_Driver/Src/stm32h7xx_hal_hrtim.c:5151:19:HAL_HRTIM_WaveformCountStop	4	static
../Drivers/STM32H7xx_HAL_Driver/Src/stm32h7xx_hal_hrtim.c:5191:19:HAL_HRTIM_WaveformCountStart_IT	8	static
../Drivers/STM32H7xx_HAL_Driver/Src/stm32h7xx_hal_hrtim.c:5253:19:HAL_HRTIM_WaveformCountStop_IT	16	static
../Drivers/STM32H7xx_HAL_Driver/Src/stm32h7xx_hal_hrtim.c:5325:19:HAL_HRTIM_WaveformCountStart_DMA	40	static
../Drivers/STM32H7xx_HAL_Driver/Src/stm32h7xx_hal_hrtim.c:5446:19:HAL_HRTIM_WaveformCountStop_DMA	40	static
../Drivers/STM32H7xx_HAL_Driver/Src/stm32h7xx_hal_hrtim.c:5521:19:HAL_HRTIM_BurstModeCtl	4	static
../Drivers/STM32H7xx_HAL_Driver/Src/stm32h7xx_hal_hrtim.c:5553:19:HAL_HRTIM_BurstModeSoftwareTrigger	0	static
../Drivers/STM32H7xx_HAL_Driver/Src/stm32h7xx_hal_hrtim.c:5594:19:HAL_HRTIM_SoftwareCapture	0	static
../Drivers/STM32H7xx_HAL_Driver/Src/stm32h7xx_hal_hrtim.c:5666:19:HAL_HRTIM_SoftwareUpdate	4	static
../Drivers/STM32H7xx_HAL_Driver/Src/stm32h7xx_hal_hrtim.c:5708:19:HAL_HRTIM_SoftwareReset	0	static
../Drivers/STM32H7xx_HAL_Driver/Src/stm32h7xx_hal_hrtim.c:5759:19:HAL_HRTIM_BurstDMATransfer	16	static
../Drivers/STM32H7xx_HAL_Driver/Src/stm32h7xx_hal_hrtim.c:5843:19:HAL_HRTIM_UpdateEnable	4	static
../Drivers/STM32H7xx_HAL_Driver/Src/stm32h7xx_hal_hrtim.c:5879:19:HAL_HRTIM_UpdateDisable	4	static
../Drivers/STM32H7xx_HAL_Driver/Src/stm32h7xx_hal_hrtim.c:5931:24:HAL_HRTIM_GetState	0	static
../Drivers/STM32H7xx_HAL_Driver/Src/stm32h7xx_hal_hrtim.c:5953:10:HAL_HRTIM_GetCapturedValue	0	static
../Drivers/STM32H7xx_HAL_Driver/Src/stm32h7xx_hal_hrtim.c:6016:10:HAL_HRTIM_WaveformGetOutputLevel	0	static
../Drivers/STM32H7xx_HAL_Driver/Src/stm32h7xx_hal_hrtim.c:6096:10:HAL_HRTIM_WaveformGetOutputState	0	static
../Drivers/STM32H7xx_HAL_Driver/Src/stm32h7xx_hal_hrtim.c:6226:10:HAL_HRTIM_GetDelayedProtectionStatus	0	static
../Drivers/STM32H7xx_HAL_Driver/Src/stm32h7xx_hal_hrtim.c:6291:10:HAL_HRTIM_GetBurstStatus	0	static
../Drivers/STM32H7xx_HAL_Driver/Src/stm32h7xx_hal_hrtim.c:6314:10:HAL_HRTIM_GetCurrentPushPullStatus	0	static
../Drivers/STM32H7xx_HAL_Driver/Src/stm32h7xx_hal_hrtim.c:6342:10:HAL_HRTIM_GetIdlePushPullStatus	0	static
../Drivers/STM32H7xx_HAL_Driver/Src/stm32h7xx_hal_hrtim.c:6453:13:HAL_HRTIM_Fault1Callback	0	static
../Drivers/STM32H7xx_HAL_Driver/Src/stm32h7xx_hal_hrtim.c:6468:13:HAL_HRTIM_Fault2Callback	0	static
../Drivers/STM32H7xx_HAL_Driver/Src/stm32h7xx_hal_hrtim.c:6483:13:HAL_HRTIM_Fault3Callback	0	static
../Drivers/STM32H7xx_HAL_Driver/Src/stm32h7xx_hal_hrtim.c:6498:13:HAL_HRTIM_Fault4Callback	0	static
../Drivers/STM32H7xx_HAL_Driver/Src/stm32h7xx_hal_hrtim.c:6513:13:HAL_HRTIM_Fault5Callback	0	static
../Drivers/STM32H7xx_HAL_Driver/Src/stm32h7xx_hal_hrtim.c:6528:13:HAL_HRTIM_SystemFaultCallback	0	static
../Drivers/STM32H7xx_HAL_Driver/Src/stm32h7xx_hal_hrtim.c:6543:13:HAL_HRTIM_BurstModePeriodCallback	0	static
../Drivers/STM32H7xx_HAL_Driver/Src/stm32h7xx_hal_hrtim.c:6558:13:HAL_HRTIM_SynchronizationEventCallback	0	static
../Drivers/STM32H7xx_HAL_Driver/Src/stm32h7xx_hal_hrtim.c:6581:13:HAL_HRTIM_RegistersUpdateCallback	0	static
../Drivers/STM32H7xx_HAL_Driver/Src/stm32h7xx_hal_hrtim.c:6606:13:HAL_HRTIM_RepetitionEventCallback	0	static
../Drivers/STM32H7xx_HAL_Driver/Src/stm32h7xx_hal_hrtim.c:6632:13:HAL_HRTIM_Compare1EventCallback	0	static
../Drivers/STM32H7xx_HAL_Driver/Src/stm32h7xx_hal_hrtim.c:6658:13:HAL_HRTIM_Compare2EventCallback	0	static
../Drivers/STM32H7xx_HAL_Driver/Src/stm32h7xx_hal_hrtim.c:6684:13:HAL_HRTIM_Compare3EventCallback	0	static
../Drivers/STM32H7xx_HAL_Driver/Src/stm32h7xx_hal_hrtim.c:6710:13:HAL_HRTIM_Compare4EventCallback	0	static
../Drivers/STM32H7xx_HAL_Driver/Src/stm32h7xx_hal_hrtim.c:9020:13:HRTIM_DMAMasterCplt	8	static
../Drivers/STM32H7xx_HAL_Driver/Src/stm32h7xx_hal_hrtim.c:6734:13:HAL_HRTIM_Capture1EventCallback	0	static
../Drivers/STM32H7xx_HAL_Driver/Src/stm32h7xx_hal_hrtim.c:6758:13:HAL_HRTIM_Capture2EventCallback	0	static
../Drivers/STM32H7xx_HAL_Driver/Src/stm32h7xx_hal_hrtim.c:6783:13:HAL_HRTIM_DelayedProtectionCallback	0	static
../Drivers/STM32H7xx_HAL_Driver/Src/stm32h7xx_hal_hrtim.c:6808:13:HAL_HRTIM_CounterResetCallback	0	static
../Drivers/STM32H7xx_HAL_Driver/Src/stm32h7xx_hal_hrtim.c:6832:13:HAL_HRTIM_Output1SetCallback	0	static
../Drivers/STM32H7xx_HAL_Driver/Src/stm32h7xx_hal_hrtim.c:6856:13:HAL_HRTIM_Output1ResetCallback	0	static
../Drivers/STM32H7xx_HAL_Driver/Src/stm32h7xx_hal_hrtim.c:6880:13:HAL_HRTIM_Output2SetCallback	0	static
../Drivers/STM32H7xx_HAL_Driver/Src/stm32h7xx_hal_hrtim.c:6904:13:HAL_HRTIM_Output2ResetCallback	0	static
../Drivers/STM32H7xx_HAL_Driver/Src/stm32h7xx_hal_hrtim.c:9091:13:HRTIM_DMATimerxCplt	8	static
../Drivers/STM32H7xx_HAL_Driver/Src/stm32h7xx_hal_hrtim.c:6427:6:HAL_HRTIM_IRQHandler	24	static
../Drivers/STM32H7xx_HAL_Driver/Src/stm32h7xx_hal_hrtim.c:6929:13:HAL_HRTIM_BurstDMATransferCallback	0	static
../Drivers/STM32H7xx_HAL_Driver/Src/stm32h7xx_hal_hrtim.c:9240:13:HRTIM_BurstDMACplt	8	static
../Drivers/STM32H7xx_HAL_Driver/Src/stm32h7xx_hal_hrtim.c:6946:13:HAL_HRTIM_ErrorCallback	0	static
../Drivers/STM32H7xx_HAL_Driver/Src/stm32h7xx_hal_hrtim.c:9224:13:HRTIM_DMAError	8	static
