Archive member included to satisfy reference by file (symbol)

c:/st/stm32cubeide_1.9.0/stm32cubeide/plugins/com.st.stm32cube.ide.mcu.externaltools.gnu-tools-for-stm32.10.3-2021.10.win32_1.0.100.202210260954/tools/bin/../lib/gcc/arm-none-eabi/10.3.1/../../../../arm-none-eabi/lib/thumb/v7e-m+dp/hard\libc_nano.a(lib_a-errno.o)
                              ./Core/Src/syscalls.o (__errno)
c:/st/stm32cubeide_1.9.0/stm32cubeide/plugins/com.st.stm32cube.ide.mcu.externaltools.gnu-tools-for-stm32.10.3-2021.10.win32_1.0.100.202210260954/tools/bin/../lib/gcc/arm-none-eabi/10.3.1/../../../../arm-none-eabi/lib/thumb/v7e-m+dp/hard\libc_nano.a(lib_a-exit.o)
                              c:/st/stm32cubeide_1.9.0/stm32cubeide/plugins/com.st.stm32cube.ide.mcu.externaltools.gnu-tools-for-stm32.10.3-2021.10.win32_1.0.100.202210260954/tools/bin/../lib/gcc/arm-none-eabi/10.3.1/../../../../arm-none-eabi/lib/thumb/v7e-m+dp/hard/crt0.o (exit)
c:/st/stm32cubeide_1.9.0/stm32cubeide/plugins/com.st.stm32cube.ide.mcu.externaltools.gnu-tools-for-stm32.10.3-2021.10.win32_1.0.100.202210260954/tools/bin/../lib/gcc/arm-none-eabi/10.3.1/../../../../arm-none-eabi/lib/thumb/v7e-m+dp/hard\libc_nano.a(lib_a-impure.o)
                              c:/st/stm32cubeide_1.9.0/stm32cubeide/plugins/com.st.stm32cube.ide.mcu.externaltools.gnu-tools-for-stm32.10.3-2021.10.win32_1.0.100.202210260954/tools/bin/../lib/gcc/arm-none-eabi/10.3.1/../../../../arm-none-eabi/lib/thumb/v7e-m+dp/hard\libc_nano.a(lib_a-exit.o) (_global_impure_ptr)
c:/st/stm32cubeide_1.9.0/stm32cubeide/plugins/com.st.stm32cube.ide.mcu.externaltools.gnu-tools-for-stm32.10.3-2021.10.win32_1.0.100.202210260954/tools/bin/../lib/gcc/arm-none-eabi/10.3.1/../../../../arm-none-eabi/lib/thumb/v7e-m+dp/hard\libc_nano.a(lib_a-init.o)
                              c:/st/stm32cubeide_1.9.0/stm32cubeide/plugins/com.st.stm32cube.ide.mcu.externaltools.gnu-tools-for-stm32.10.3-2021.10.win32_1.0.100.202210260954/tools/bin/../lib/gcc/arm-none-eabi/10.3.1/../../../../arm-none-eabi/lib/thumb/v7e-m+dp/hard/crt0.o (__libc_init_array)
c:/st/stm32cubeide_1.9.0/stm32cubeide/plugins/com.st.stm32cube.ide.mcu.externaltools.gnu-tools-for-stm32.10.3-2021.10.win32_1.0.100.202210260954/tools/bin/../lib/gcc/arm-none-eabi/10.3.1/../../../../arm-none-eabi/lib/thumb/v7e-m+dp/hard\libc_nano.a(lib_a-memcpy-stub.o)
                              ./Core/Src/main.o (memcpy)
c:/st/stm32cubeide_1.9.0/stm32cubeide/plugins/com.st.stm32cube.ide.mcu.externaltools.gnu-tools-for-stm32.10.3-2021.10.win32_1.0.100.202210260954/tools/bin/../lib/gcc/arm-none-eabi/10.3.1/../../../../arm-none-eabi/lib/thumb/v7e-m+dp/hard\libc_nano.a(lib_a-memset.o)
                              c:/st/stm32cubeide_1.9.0/stm32cubeide/plugins/com.st.stm32cube.ide.mcu.externaltools.gnu-tools-for-stm32.10.3-2021.10.win32_1.0.100.202210260954/tools/bin/../lib/gcc/arm-none-eabi/10.3.1/../../../../arm-none-eabi/lib/thumb/v7e-m+dp/hard/crt0.o (memset)
c:/st/stm32cubeide_1.9.0/stm32cubeide/plugins/com.st.stm32cube.ide.mcu.externaltools.gnu-tools-for-stm32.10.3-2021.10.win32_1.0.100.202210260954/tools/bin/../lib/gcc/arm-none-eabi/10.3.1/../../../../arm-none-eabi/lib/thumb/v7e-m+dp/hard\libc_nano.a(lib_a-printf.o)
                              ./Core/Src/main.o (printf)
c:/st/stm32cubeide_1.9.0/stm32cubeide/plugins/com.st.stm32cube.ide.mcu.externaltools.gnu-tools-for-stm32.10.3-2021.10.win32_1.0.100.202210260954/tools/bin/../lib/gcc/arm-none-eabi/10.3.1/../../../../arm-none-eabi/lib/thumb/v7e-m+dp/hard\libc_nano.a(lib_a-puts.o)
                              ./Core/Src/main.o (puts)
c:/st/stm32cubeide_1.9.0/stm32cubeide/plugins/com.st.stm32cube.ide.mcu.externaltools.gnu-tools-for-stm32.10.3-2021.10.win32_1.0.100.202210260954/tools/bin/../lib/gcc/arm-none-eabi/10.3.1/../../../../arm-none-eabi/lib/thumb/v7e-m+dp/hard\libc_nano.a(lib_a-wbuf.o)
                              c:/st/stm32cubeide_1.9.0/stm32cubeide/plugins/com.st.stm32cube.ide.mcu.externaltools.gnu-tools-for-stm32.10.3-2021.10.win32_1.0.100.202210260954/tools/bin/../lib/gcc/arm-none-eabi/10.3.1/../../../../arm-none-eabi/lib/thumb/v7e-m+dp/hard\libc_nano.a(lib_a-puts.o) (__swbuf_r)
c:/st/stm32cubeide_1.9.0/stm32cubeide/plugins/com.st.stm32cube.ide.mcu.externaltools.gnu-tools-for-stm32.10.3-2021.10.win32_1.0.100.202210260954/tools/bin/../lib/gcc/arm-none-eabi/10.3.1/../../../../arm-none-eabi/lib/thumb/v7e-m+dp/hard\libc_nano.a(lib_a-wsetup.o)
                              c:/st/stm32cubeide_1.9.0/stm32cubeide/plugins/com.st.stm32cube.ide.mcu.externaltools.gnu-tools-for-stm32.10.3-2021.10.win32_1.0.100.202210260954/tools/bin/../lib/gcc/arm-none-eabi/10.3.1/../../../../arm-none-eabi/lib/thumb/v7e-m+dp/hard\libc_nano.a(lib_a-puts.o) (__swsetup_r)
c:/st/stm32cubeide_1.9.0/stm32cubeide/plugins/com.st.stm32cube.ide.mcu.externaltools.gnu-tools-for-stm32.10.3-2021.10.win32_1.0.100.202210260954/tools/bin/../lib/gcc/arm-none-eabi/10.3.1/../../../../arm-none-eabi/lib/thumb/v7e-m+dp/hard\libc_nano.a(lib_a-fflush.o)
[...]
Memory Configuration

Name             Origin             Length             Attributes
BANK1_FLASH      0x0000000008000000 0x0000000000100000 xr
BANK2_FLASH      0x0000000008100000 0x0000000000100000 xr
DTCMRAM          0x0000000020000000 0x0000000000020000 xrw
RAM_D1           0x0000000024000000 0x0000000000080000 xrw
RAM_D2           0x0000000030000000 0x0000000000048000 xrw
RAM_D3           0x0000000038000000 0x0000000000010000 xrw
ITCMRAM          0x0000000000000000 0x0000000000010000 xrw
*default*        0x0000000000000000 0xffffffffffffffff

Linker script and memory map

LOAD c:/st/stm32cubeide_1.9.0/stm32cubeide/plugins/com.st.stm32cube.ide.mcu.externaltools.gnu-tools-for-stm32.10.3-2021.10.win32_1.0.100.202210260954/tools/bin/../lib/gcc/arm-none-eabi/10.3.1/thumb/v7e-m+dp/hard/crti.o
LOAD c:/st/stm32cubeide_1.9.0/stm32cubeide/plugins/com.st.stm32cube.ide.mcu.externaltools.gnu-tools-for-stm32.10.3-2021.10.win32_1.0.100.202210260954/tools/bin/../lib/gcc/arm-none-eabi/10.3.1/thumb/v7e-m+dp/hard/crtbegin.o
LOAD c:/st/stm32cubeide_1.9.0/stm32cubeide/plugins/com.st.stm32cube.ide.mcu.externaltools.gnu-tools-for-stm32.10.3-2021.10.win32_1.0.100.202210260954/tools/bin/../lib/gcc/arm-none-eabi/10.3.1/../../../../arm-none-eabi/lib/thumb/v7e-m+dp/hard/crt0.o
LOAD ./Core/Src/main.o
LOAD ./Core/Src/stm32h7xx_hal_msp.o
LOAD ./Core/Src/stm32h7xx_it.o
LOAD ./Core/Src/syscalls.o
LOAD ./Core/Src/sysmem.o
LOAD ./Core/Src/system_stm32h7xx.o
LOAD ./Core/Startup/startup_stm32h743zitx.o
LOAD ./Drivers/STM32H7xx_HAL_Driver/Src/stm32h7xx_hal.o
LOAD ./Drivers/STM32H7xx_HAL_Driver/Src/stm32h7xx_hal_cortex.o
LOAD ./Drivers/STM32H7xx_HAL_Driver/Src/stm32h7xx_hal_dac.o
LOAD ./Drivers/STM32H7xx_HAL_Driver/Src/stm32h7xx_hal_dac_ex.o
LOAD ./Drivers/STM32H7xx_HAL_Driver/Src/stm32h7xx_hal_dma.o
LOAD ./Drivers/STM32H7xx_HAL_Driver/Src/stm32h7xx_hal_dma_ex.o
LOAD ./Drivers/STM32H7xx_HAL_Driver/Src/stm32h7xx_hal_exti.o
LOAD ./Drivers/STM32H7xx_HAL_Driver/Src/stm32h7xx_hal_flash.o
LOAD ./Drivers/STM32H7xx_HAL_Driver/Src/stm32h7xx_hal_flash_ex.o
LOAD ./Drivers/STM32H7xx_HAL_Driver/Src/stm32h7xx_hal_gpio.o
LOAD ./Drivers/STM32H7xx_HAL_Driver/Src/stm32h7xx_hal_hrtim.o
LOAD ./Drivers/STM32H7xx_HAL_Driver/Src/stm32h7xx_hal_hsem.o
LOAD ./Drivers/STM32H7xx_HAL_Driver/Src/stm32h7xx_hal_i2c.o
LOAD ./Drivers/STM32H7xx_HAL_Driver/Src/stm32h7xx_hal_i2c_ex.o
LOAD ./Drivers/STM32H7xx_HAL_Driver/Src/stm32h7xx_hal_lptim.o
LOAD ./Drivers/STM32H7xx_HAL_Driver/Src/stm32h7xx_hal_mdma.o
LOAD ./Drivers/STM32H7xx_HAL_Driver/Src/stm32h7xx_hal_pwr.o
LOAD ./Drivers/STM32H7xx_HAL_Driver/Src/stm32h7xx_hal_pwr_ex.o
LOAD ./Drivers/STM32H7xx_HAL_Driver/Src/stm32h7xx_hal_rcc.o
LOAD ./Drivers/STM32H7xx_HAL_Driver/Src/stm32h7xx_hal_rcc_ex.o
LOAD ./Drivers/STM32H7xx_HAL_Driver/Src/stm32h7xx_hal_tim.o
LOAD ./Drivers/STM32H7xx_HAL_Driver/Src/stm32h7xx_hal_tim_ex.o
LOAD ./Drivers/STM32H7xx_HAL_Driver/Src/stm32h7xx_hal_uart.o
LOAD ./Drivers/STM32H7xx_HAL_Driver/Src/stm32h7xx_hal_uart_ex.o
START GROUP
LOAD c:/st/stm32cubeide_1.9.0/stm32cubeide/plugins/com.st.stm32cube.ide.mcu.externaltools.gnu-tools-for-stm32.10.3-2021.10.win32_1.0.100.202210260954/tools/bin/../lib/gcc/arm-none-eabi/10.3.1/../../../../arm-none-eabi/lib/thumb/v7e-m+dp/hard\libc_nano.a
LOAD c:/st/stm32cubeide_1.9.0/stm32cubeide/plugins/com.st.stm32cube.ide.mcu.externaltools.gnu-tools-for-stm32.10.3-2021.10.win32_1.0.100.202210260954/tools/bin/../lib/gcc/arm-none-eabi/10.3.1/../../../../arm-none-eabi/lib/thumb/v7e-m+dp/hard\libm.a
END GROUP
START GROUP
LOAD c:/st/stm32cubeide_1.9.0/stm32cubeide/plugins/com.st.stm32cube.ide.mcu.externaltools.gnu-tools-for-stm32.10.3-2021.10.win32_1.0.100.202210260954/tools/bin/../lib/gcc/arm-none-eabi/10.3.1/thumb/v7e-m+dp/hard\libgcc.a
LOAD c:/st/stm32cubeide_1.9.0/stm32cubeide/plugins/com.st.stm32cube.ide.mcu.externaltools.gnu-tools-for-stm32.10.3-2021.10.win32_1.0.100.202210260954/tools/bin/../lib/gcc/arm-none-eabi/10.3.1/../../../../arm-none-eabi/lib/thumb/v7e-m+dp/hard\libc_nano.a
END GROUP
START GROUP
LOAD c:/st/stm32cubeide_1.9.0/stm32cubeide/plugins/com.st.stm32cube.ide.mcu.externaltools.gnu-tools-for-stm32.10.3-2021.10.win32_1.0.100.202210260954/tools/bin/../lib/gcc/arm-none-eabi/10.3.1/thumb/v7e-m+dp/hard\libgcc.a
LOAD c:/st/stm32cubeide_1.9.0/stm32cubeide/plugins/com.st.stm32cube.ide.mcu.externaltools.gnu-tools-for-stm32.10.3-2021.10.win32_1.0.100.202210260954/tools/bin/../lib/gcc/arm-none-eabi/10.3.1/../../../../arm-none-eabi/lib/thumb/v7e-m+dp/hard\libc_nano.a
LOAD c:/st/stm32cubeide_1.9.0/stm32cubeide/plugins/com.st.stm32cube.ide.mcu.externaltools.gnu-tools-for-stm32.10.3-2021.10.win32_1.0.100.202210260954/tools/bin/../lib/gcc/arm-none-eabi/10.3.1/../../../../arm-none-eabi/lib/thumb/v7e-m+dp/hard\libnosys.a
END GROUP
START GROUP
LOAD c:/st/stm32cubeide_1.9.0/stm32cubeide/plugins/com.st.stm32cube.ide.mcu.externaltools.gnu-tools-for-stm32.10.3-2021.10.win32_1.0.100.202210260954/tools/bin/../lib/gcc/arm-none-eabi/10.3.1/thumb/v7e-m+dp/hard\libgcc.a
LOAD c:/st/stm32cubeide_1.9.0/stm32cubeide/plugins/com.st.stm32cube.ide.mcu.externaltools.gnu-tools-for-stm32.10.3-2021.10.win32_1.0.100.202210260954/tools/bin/../lib/gcc/arm-none-eabi/10.3.1/../../../../arm-none-eabi/lib/thumb/v7e-m+dp/hard\libc_nano.a
LOAD c:/st/stm32cubeide_1.9.0/stm32cubeide/plugins/com.st.stm32cube.ide.mcu.externaltools.gnu-tools-for-stm32.10.3-2021.10.win32_1.0.100.202210260954/tools/bin/../lib/gcc/arm-none-eabi/10.3.1/../../../../arm-none-eabi/lib/thumb/v7e-m+dp/hard\libnosys.a
END GROUP
LOAD c:/st/stm32cubeide_1.9.0/stm32cubeide/plugins/com.st.stm32cube.ide.mcu.externaltools.gnu-tools-for-stm32.10.3-2021.10.win32_1.0.100.202210260954/tools/bin/../lib/gcc/arm-none-eabi/10.3.1/thumb/v7e-m+dp/hard/crtend.o
LOAD c:/st/stm32cubeide_1.9.0/stm32cubeide/plugins/com.st.stm32cube.ide.mcu.externaltools.gnu-tools-for-stm32.10.3-2021.10.win32_1.0.100.202210260954/tools/bin/../lib/gcc/arm-none-eabi/10.3.1/thumb/v7e-m+dp/hard/crtn.o
                0x0000000020020000                _estack = (ORIGIN (DTCMRAM) + LENGTH (DTCMRAM))
                0x0000000000000200                _Min_Heap_Size = 0x200
                0x0000000000000400                _Min_Stack_Size = 0x400

.isr_vector     0x0000000008000000      0x298
                0x0000000008000000                . = ALIGN (0x4)
 *(.isr_vector)
 .isr_vector    0x0000000008000000      0x298 ./Core/Startup/startup_stm32h743zitx.o
                0x0000000008000000                g_pfnVectors
                0x0000000008000298                . = ALIGN (0x4)
                0x0000000008000298                _siitcm = LOADADDR (.itcm)

.itcm           0x0000000000000000      0x240 load address 0x0000000008000298
                0x0000000000000000                . = ALIGN (0x4)
                0x0000000000000000                _sitcm = .
 *(.itcm)
 .itcm          0x0000000000000000      0x21c ./Core/Src/main.o
 *fill*         0x000000000000021c        0x4 
 .itcm.__stub   0x0000000000000220       0x20 linker stubs
 *(.itcm*)
                0x0000000000000240                . = ALIGN (0x4)
                0x0000000000000240                _eitcm = .

.text           0x00000000080004e0     0x7060
                0x00000000080004e0                . = ALIGN (0x4)
 *(.text)
 .text          0x00000000080004e0       0x40 c:/st/stm32cubeide_1.9.0/stm32cubeide/plugins/com.st.stm32cube.ide.mcu.externaltools.gnu-tools-for-stm32.10.3-2021.10.win32_1.0.100.202210260954/tools/bin/../lib/gcc/arm-none-eabi/10.3.1/thumb/v7e-m+dp/hard/crtbegin.o
 .text          0x0000000008000520       0xa0 c:/st/stm32cubeide_1.9.0/stm32cubeide/plugins/com.st.stm32cube.ide.mcu.externaltools.gnu-tools-for-stm32.10.3-2021.10.win32_1.0.100.202210260954/tools/bin/../lib/gcc/arm-none-eabi/10.3.1/../../../../arm-none-eabi/lib/thumb/v7e-m+dp/hard\libc_nano.a(lib_a-memchr.o)
                0x0000000008000520                memchr
 .text          0x00000000080005c0       0x30 c:/st/stm32cubeide_1.9.0/stm32cubeide/plugins/com.st.stm32cube.ide.mcu.externaltools.gnu-tools-for-stm32.10.3-2021.10.win32_1.0.100.202210260954/tools/bin/../lib/gcc/arm-none-eabi/10.3.1/thumb/v7e-m+dp/hard\libgcc.a(_aeabi_uldivmod.o)
                0x00000000080005c0                __aeabi_uldivmod
 .text          0x00000000080005f0      0x2d0 c:/st/stm32cubeide_1.9.0/stm32cubeide/plugins/com.st.stm32cube.ide.mcu.externaltools.gnu-tools-for-stm32.10.3-2021.10.win32_1.0.100.202210260954/tools/bin/../lib/gcc/arm-none-eabi/10.3.1/thumb/v7e-m+dp/hard\libgcc.a(_udivmoddi4.o)
                0x00000000080005f0                __udivmoddi4
 .text          0x00000000080008c0        0x4 c:/st/stm32cubeide_1.9.0/stm32cubeide/plugins/com.st.stm32cube.ide.mcu.externaltools.gnu-tools-for-stm32.10.3-2021.10.win32_1.0.100.202210260954/tools/bin/../lib/gcc/arm-none-eabi/10.3.1/thumb/v7e-m+dp/hard\libgcc.a(_dvmd_tls.o)
                0x00000000080008c0                __aeabi_idiv0
                0x00000000080008c0                __aeabi_ldiv0
 *(.text*)
 .text.__io_putchar
                0x00000000080008c4       0x20 ./Core/Src/main.o
                0x00000000080008c4                __io_putchar
 .text.HAL_LPTIM_AutoReloadMatchCallback
                0x00000000080008e4        0xc ./Core/Src/main.o
                0x00000000080008e4                HAL_LPTIM_AutoReloadMatchCallback
 .text.HAL_HRTIM_Compare2EventCallback
                0x00000000080008f0       0x10 ./Core/Src/main.o
                0x00000000080008f0                HAL_HRTIM_Compare2EventCallback
 .text.HAL_HRTIM_RepetitionEventCallback
                0x0000000008000900        0x4 ./Core/Src/main.o
                0x0000000008000900                HAL_HRTIM_RepetitionEventCallback
 .text.Error_Handler
                0x0000000008000904       0x70 ./Core/Src/main.o
                0x0000000008000904                Error_Handler
 *fill*         0x0000000008000974        0x4 
 .text.SystemClock_Config
                0x0000000008000978      0x12c ./Core/Src/main.o
                0x0000000008000978                SystemClock_Config
 *fill*         0x0000000008000aa4        0x4 
 .text.startup.main
                0x0000000008000aa8      0x6b4 ./Core/Src/main.o
                0x0000000008000aa8                main
 *fill*         0x000000000800115c        0x4 
 .text.HAL_HRTIM_Compare3EventCallback
                0x0000000008001160      0x168 ./Core/Src/main.o
                0x0000000008001160                HAL_HRTIM_Compare3EventCallback
 .text.HAL_GPIO_EXTI_Callback
                0x00000000080012c8      0x414 ./Core/Src/main.o
                0x00000000080012c8                HAL_GPIO_EXTI_Callback
 .text.HAL_MspInit
                0x00000000080016dc       0x24 ./Core/Src/stm32h7xx_hal_msp.o
                0x00000000080016dc                HAL_MspInit
 .text.HAL_DAC_MspInit
                0x0000000008001700       0x7c ./Core/Src/stm32h7xx_hal_msp.o
                0x0000000008001700                HAL_DAC_MspInit
 .text.HAL_HRTIM_MspInit
                0x000000000800177c       0x7c ./Core/Src/stm32h7xx_hal_msp.o
                0x000000000800177c                HAL_HRTIM_MspInit
 .text.HAL_HRTIM_MspPostInit
                0x00000000080017f8       0x90 ./Core/Src/stm32h7xx_hal_msp.o
                0x00000000080017f8                HAL_HRTIM_MspPostInit
 .text.HAL_LPTIM_MspInit
                0x0000000008001888       0x78 ./Core/Src/stm32h7xx_hal_msp.o
                0x0000000008001888                HAL_LPTIM_MspInit
 .text.HAL_TIM_Base_MspInit
                0x0000000008001900       0x5c ./Core/Src/stm32h7xx_hal_msp.o
                0x0000000008001900                HAL_TIM_Base_MspInit
 *fill*         0x000000000800195c        0x4 
 .text.HAL_UART_MspInit
                0x0000000008001960       0xac ./Core/Src/stm32h7xx_hal_msp.o
                0x0000000008001960                HAL_UART_MspInit
 .text.NMI_Handler
                0x0000000008001a0c        0xc ./Core/Src/stm32h7xx_it.o
                0x0000000008001a0c                NMI_Handler
 .text.HardFault_Handler
                0x0000000008001a18        0x8 ./Core/Src/stm32h7xx_it.o
                0x0000000008001a18                HardFault_Handler
 .text.MemManage_Handler
                0x0000000008001a20        0x8 ./Core/Src/stm32h7xx_it.o
                0x0000000008001a20                MemManage_Handler
 .text.BusFault_Handler
                0x0000000008001a28        0x8 ./Core/Src/stm32h7xx_it.o
                0x0000000008001a28                BusFault_Handler
 .text.UsageFault_Handler
                0x0000000008001a30        0x8 ./Core/Src/stm32h7xx_it.o
                0x0000000008001a30                UsageFault_Handler
 .text.SVC_Handler
                0x0000000008001a38        0x4 ./Core/Src/stm32h7xx_it.o
                0x0000000008001a38                SVC_Handler
 .text.DebugMon_Handler
                0x0000000008001a3c        0x4 ./Core/Src/stm32h7xx_it.o
                0x0000000008001a3c                DebugMon_Handler
 .text.PendSV_Handler
                0x0000000008001a40        0x4 ./Core/Src/stm32h7xx_it.o
                0x0000000008001a40                PendSV_Handler
 .text.SysTick_Handler
                0x0000000008001a44        0x4 ./Core/Src/stm32h7xx_it.o
                0x0000000008001a44                SysTick_Handler
 .text.EXTI15_10_IRQHandler
                0x0000000008001a48        0x8 ./Core/Src/stm32h7xx_it.o
                0x0000000008001a48                EXTI15_10_IRQHandler
 .text.LPTIM1_IRQHandler
                0x0000000008001a50        0xc ./Core/Src/stm32h7xx_it.o
                0x0000000008001a50                LPTIM1_IRQHandler
 .text.HRTIM1_TIMA_IRQHandler
                0x0000000008001a5c        0xc ./Core/Src/stm32h7xx_it.o
                0x0000000008001a5c                HRTIM1_TIMA_IRQHandler
 .text.HRTIM1_TIME_IRQHandler
                0x0000000008001a68        0xc ./Core/Src/stm32h7xx_it.o
                0x0000000008001a68                HRTIM1_TIME_IRQHandler
 .text._read    0x0000000008001a74       0x1c ./Core/Src/syscalls.o
                0x0000000008001a74                _read
 .text._write   0x0000000008001a90       0x1c ./Core/Src/syscalls.o
                0x0000000008001a90                _write
 .text._close   0x0000000008001aac        0x8 ./Core/Src/syscalls.o
                0x0000000008001aac                _close
 .text._fstat   0x0000000008001ab4        0xc ./Core/Src/syscalls.o
                0x0000000008001ab4                _fstat
 .text._isatty  0x0000000008001ac0        0x4 ./Core/Src/syscalls.o
                0x0000000008001ac0                _isatty
 .text._lseek   0x0000000008001ac4        0x4 ./Core/Src/syscalls.o
                0x0000000008001ac4                _lseek
 .text._sbrk    0x0000000008001ac8       0x48 ./Core/Src/sysmem.o
                0x0000000008001ac8                _sbrk
 .text.SystemInit
                0x0000000008001b10       0xcc ./Core/Src/system_stm32h7xx.o
                0x0000000008001b10                SystemInit
 .text.Reset_Handler
                0x0000000008001bdc       0x50 ./Core/Startup/startup_stm32h743zitx.o
                0x0000000008001bdc                Reset_Handler
 .text.Default_Handler
                0x0000000008001c2c        0x2 ./Core/Startup/startup_stm32h743zitx.o
                0x0000000008001c2c                RTC_Alarm_IRQHandler
                0x0000000008001c2c                EXTI2_IRQHandler
                0x0000000008001c2c                TIM8_CC_IRQHandler
                0x0000000008001c2c                HRTIM1_Master_IRQHandler
                0x0000000008001c2c                UART8_IRQHandler
                0x0000000008001c2c                SPI4_IRQHandler
                0x0000000008001c2c                TIM1_CC_IRQHandler
                0x0000000008001c2c                BDMA_Channel6_IRQHandler
                0x0000000008001c2c                DMA2_Stream5_IRQHandler
                0x0000000008001c2c                HRTIM1_FLT_IRQHandler
                0x0000000008001c2c                JPEG_IRQHandler
                0x0000000008001c2c                DMA1_Stream5_IRQHandler
                0x0000000008001c2c                BDMA_Channel1_IRQHandler
                0x0000000008001c2c                HRTIM1_TIMD_IRQHandler
                0x0000000008001c2c                TAMP_STAMP_IRQHandler
                0x0000000008001c2c                EXTI3_IRQHandler
                0x0000000008001c2c                LPTIM4_IRQHandler
                0x0000000008001c2c                TIM8_TRG_COM_TIM14_IRQHandler
                0x0000000008001c2c                LPTIM2_IRQHandler
                0x0000000008001c2c                DFSDM1_FLT1_IRQHandler
                0x0000000008001c2c                DMAMUX2_OVR_IRQHandler
                0x0000000008001c2c                TIM8_UP_TIM13_IRQHandler
                0x0000000008001c2c                I2C3_ER_IRQHandler
                0x0000000008001c2c                DFSDM1_FLT2_IRQHandler
                0x0000000008001c2c                MDMA_IRQHandler
                0x0000000008001c2c                LPTIM3_IRQHandler
                0x0000000008001c2c                HSEM1_IRQHandler
                0x0000000008001c2c                EXTI0_IRQHandler
                0x0000000008001c2c                I2C2_EV_IRQHandler
                0x0000000008001c2c                DMA1_Stream2_IRQHandler
                0x0000000008001c2c                FPU_IRQHandler
                0x0000000008001c2c                OTG_HS_WKUP_IRQHandler
                0x0000000008001c2c                FDCAN1_IT1_IRQHandler
                0x0000000008001c2c                LTDC_ER_IRQHandler
                0x0000000008001c2c                DMA2_Stream2_IRQHandler
                0x0000000008001c2c                SPI1_IRQHandler
                0x0000000008001c2c                TIM6_DAC_IRQHandler
                0x0000000008001c2c                DCMI_IRQHandler
                0x0000000008001c2c                HRTIM1_TIMC_IRQHandler
                0x0000000008001c2c                DMA2_Stream3_IRQHandler
                0x0000000008001c2c                SAI2_IRQHandler
                0x0000000008001c2c                DFSDM1_FLT3_IRQHandler
                0x0000000008001c2c                USART6_IRQHandler
                0x0000000008001c2c                TIM17_IRQHandler
                0x0000000008001c2c                USART3_IRQHandler
                0x0000000008001c2c                BDMA_Channel7_IRQHandler
                0x0000000008001c2c                LPTIM5_IRQHandler
                0x0000000008001c2c                UART5_IRQHandler
                0x0000000008001c2c                ADC3_IRQHandler
                0x0000000008001c2c                DMA2_Stream0_IRQHandler
                0x0000000008001c2c                TIM4_IRQHandler
                0x0000000008001c2c                BDMA_Channel2_IRQHandler
                0x0000000008001c2c                QUADSPI_IRQHandler
                0x0000000008001c2c                I2C1_EV_IRQHandler
                0x0000000008001c2c                DMA1_Stream6_IRQHandler
                0x0000000008001c2c                DMAMUX1_OVR_IRQHandler
                0x0000000008001c2c                DMA1_Stream1_IRQHandler
                0x0000000008001c2c                TIM16_IRQHandler
                0x0000000008001c2c                UART4_IRQHandler
                0x0000000008001c2c                BDMA_Channel5_IRQHandler
                0x0000000008001c2c                TIM3_IRQHandler
                0x0000000008001c2c                RCC_IRQHandler
                0x0000000008001c2c                TIM8_BRK_TIM12_IRQHandler
                0x0000000008001c2c                TIM1_TRG_COM_IRQHandler
                0x0000000008001c2c                Default_Handler
                0x0000000008001c2c                ECC_IRQHandler
                0x0000000008001c2c                CEC_IRQHandler
                0x0000000008001c2c                BDMA_Channel0_IRQHandler
                0x0000000008001c2c                ADC_IRQHandler
                0x0000000008001c2c                DMA1_Stream7_IRQHandler
                0x0000000008001c2c                SPI5_IRQHandler
                0x0000000008001c2c                TIM7_IRQHandler
                0x0000000008001c2c                SDMMC1_IRQHandler
                0x0000000008001c2c                TIM5_IRQHandler
                0x0000000008001c2c                DMA2_Stream7_IRQHandler
                0x0000000008001c2c                TIM15_IRQHandler
                0x0000000008001c2c                PVD_AVD_IRQHandler
                0x0000000008001c2c                I2C3_EV_IRQHandler
                0x0000000008001c2c                EXTI9_5_IRQHandler
                0x0000000008001c2c                RTC_WKUP_IRQHandler
                0x0000000008001c2c                LTDC_IRQHandler
                0x0000000008001c2c                SAI3_IRQHandler
                0x0000000008001c2c                ETH_WKUP_IRQHandler
                0x0000000008001c2c                SPDIF_RX_IRQHandler
                0x0000000008001c2c                SPI2_IRQHandler
                0x0000000008001c2c                OTG_HS_EP1_IN_IRQHandler
                0x0000000008001c2c                DMA1_Stream0_IRQHandler
                0x0000000008001c2c                CRS_IRQHandler
                0x0000000008001c2c                EXTI4_IRQHandler
                0x0000000008001c2c                RNG_IRQHandler
                0x0000000008001c2c                HRTIM1_TIMB_IRQHandler
                0x0000000008001c2c                FDCAN2_IT1_IRQHandler
                0x0000000008001c2c                ETH_IRQHandler
                0x0000000008001c2c                TIM1_UP_IRQHandler
                0x0000000008001c2c                BDMA_Channel4_IRQHandler
                0x0000000008001c2c                OTG_HS_EP1_OUT_IRQHandler
                0x0000000008001c2c                WWDG_IRQHandler
                0x0000000008001c2c                SPI6_IRQHandler
                0x0000000008001c2c                MDIOS_IRQHandler
                0x0000000008001c2c                I2C4_EV_IRQHandler
                0x0000000008001c2c                FDCAN2_IT0_IRQHandler
                0x0000000008001c2c                LPUART1_IRQHandler
                0x0000000008001c2c                FDCAN1_IT0_IRQHandler
                0x0000000008001c2c                TIM2_IRQHandler
                0x0000000008001c2c                OTG_FS_WKUP_IRQHandler
                0x0000000008001c2c                OTG_HS_IRQHandler
                0x0000000008001c2c                DMA2D_IRQHandler
                0x0000000008001c2c                TIM1_BRK_IRQHandler
                0x0000000008001c2c                EXTI1_IRQHandler
                0x0000000008001c2c                SDMMC2_IRQHandler
                0x0000000008001c2c                OTG_FS_EP1_OUT_IRQHandler
                0x0000000008001c2c                BDMA_Channel3_IRQHandler
                0x0000000008001c2c                UART7_IRQHandler
                0x0000000008001c2c                MDIOS_WKUP_IRQHandler
                0x0000000008001c2c                USART2_IRQHandler
                0x0000000008001c2c                DFSDM1_FLT0_IRQHandler
                0x0000000008001c2c                SAI4_IRQHandler
                0x0000000008001c2c                I2C2_ER_IRQHandler
                0x0000000008001c2c                DMA2_Stream1_IRQHandler
                0x0000000008001c2c                FLASH_IRQHandler
                0x0000000008001c2c                DMA2_Stream4_IRQHandler
                0x0000000008001c2c                USART1_IRQHandler
                0x0000000008001c2c                OTG_FS_IRQHandler
                0x0000000008001c2c                SPI3_IRQHandler
                0x0000000008001c2c                WAKEUP_PIN_IRQHandler
                0x0000000008001c2c                DMA1_Stream4_IRQHandler
                0x0000000008001c2c                OTG_FS_EP1_IN_IRQHandler
                0x0000000008001c2c                I2C1_ER_IRQHandler
                0x0000000008001c2c                FMC_IRQHandler
                0x0000000008001c2c                FDCAN_CAL_IRQHandler
                0x0000000008001c2c                SWPMI1_IRQHandler
                0x0000000008001c2c                COMP1_IRQHandler
                0x0000000008001c2c                I2C4_ER_IRQHandler
                0x0000000008001c2c                DMA2_Stream6_IRQHandler
                0x0000000008001c2c                SAI1_IRQHandler
                0x0000000008001c2c                DMA1_Stream3_IRQHandler
 *fill*         0x0000000008001c2e        0x2 
 .text.HAL_InitTick
                0x0000000008001c30       0x4c ./Drivers/STM32H7xx_HAL_Driver/Src/stm32h7xx_hal.o
                0x0000000008001c30                HAL_InitTick
 .text.HAL_Init
                0x0000000008001c7c       0x60 ./Drivers/STM32H7xx_HAL_Driver/Src/stm32h7xx_hal.o
                0x0000000008001c7c                HAL_Init
 .text.HAL_IncTick
                0x0000000008001cdc       0x18 ./Drivers/STM32H7xx_HAL_Driver/Src/stm32h7xx_hal.o
                0x0000000008001cdc                HAL_IncTick
 .text.HAL_GetTick
                0x0000000008001cf4        0xc ./Drivers/STM32H7xx_HAL_Driver/Src/stm32h7xx_hal.o
                0x0000000008001cf4                HAL_GetTick
 .text.HAL_Delay
                0x0000000008001d00       0x24 ./Drivers/STM32H7xx_HAL_Driver/Src/stm32h7xx_hal.o
                0x0000000008001d00                HAL_Delay
 .text.HAL_SuspendTick
                0x0000000008001d24       0x10 ./Drivers/STM32H7xx_HAL_Driver/Src/stm32h7xx_hal.o
                0x0000000008001d24                HAL_SuspendTick
 .text.HAL_ResumeTick
                0x0000000008001d34       0x10 ./Drivers/STM32H7xx_HAL_Driver/Src/stm32h7xx_hal.o
                0x0000000008001d34                HAL_ResumeTick
 .text.HAL_GetREVID
                0x0000000008001d44        0xc ./Drivers/STM32H7xx_HAL_Driver/Src/stm32h7xx_hal.o
                0x0000000008001d44                HAL_GetREVID
 .text.HAL_NVIC_SetPriorityGrouping
                0x0000000008001d50       0x24 ./Drivers/STM32H7xx_HAL_Driver/Src/stm32h7xx_hal_cortex.o
                0x0000000008001d50                HAL_NVIC_SetPriorityGrouping
 .text.HAL_NVIC_SetPriority
                0x0000000008001d74       0x7c ./Drivers/STM32H7xx_HAL_Driver/Src/stm32h7xx_hal_cortex.o
                0x0000000008001d74                HAL_NVIC_SetPriority
 .text.HAL_NVIC_EnableIRQ
                0x0000000008001df0       0x1c ./Drivers/STM32H7xx_HAL_Driver/Src/stm32h7xx_hal_cortex.o
                0x0000000008001df0                HAL_NVIC_EnableIRQ
 .text.HAL_SYSTICK_Config
                0x0000000008001e0c       0x2c ./Drivers/STM32H7xx_HAL_Driver/Src/stm32h7xx_hal_cortex.o
                0x0000000008001e0c                HAL_SYSTICK_Config
 .text.HAL_DAC_Init
                0x0000000008001e38       0x2c ./Drivers/STM32H7xx_HAL_Driver/Src/stm32h7xx_hal_dac.o
                0x0000000008001e38                HAL_DAC_Init
 .text.HAL_DAC_Start
                0x0000000008001e64       0x68 ./Drivers/STM32H7xx_HAL_Driver/Src/stm32h7xx_hal_dac.o
                0x0000000008001e64                HAL_DAC_Start
 .text.HAL_DAC_Stop
                0x0000000008001ecc       0x28 ./Drivers/STM32H7xx_HAL_Driver/Src/stm32h7xx_hal_dac.o
                0x0000000008001ecc                HAL_DAC_Stop
 .text.HAL_DAC_SetValue
                0x0000000008001ef4       0x30 ./Drivers/STM32H7xx_HAL_Driver/Src/stm32h7xx_hal_dac.o
                0x0000000008001ef4                HAL_DAC_SetValue
 .text.HAL_DAC_ConfigChannel
                0x0000000008001f24      0x15c ./Drivers/STM32H7xx_HAL_Driver/Src/stm32h7xx_hal_dac.o
                0x0000000008001f24                HAL_DAC_ConfigChannel
 .text.HAL_GPIO_Init
                0x0000000008002080      0x274 ./Drivers/STM32H7xx_HAL_Driver/Src/stm32h7xx_hal_gpio.o
                0x0000000008002080                HAL_GPIO_Init
 .text.HAL_GPIO_ReadPin
                0x00000000080022f4        0xc ./Drivers/STM32H7xx_HAL_Driver/Src/stm32h7xx_hal_gpio.o
                0x00000000080022f4                HAL_GPIO_ReadPin
 .text.HAL_GPIO_WritePin
                0x0000000008002300        0x8 ./Drivers/STM32H7xx_HAL_Driver/Src/stm32h7xx_hal_gpio.o
                0x0000000008002300                HAL_GPIO_WritePin
 .text.HAL_GPIO_TogglePin
                0x0000000008002308       0x14 ./Drivers/STM32H7xx_HAL_Driver/Src/stm32h7xx_hal_gpio.o
                0x0000000008002308                HAL_GPIO_TogglePin
 .text.HAL_GPIO_EXTI_IRQHandler
                0x000000000800231c       0x1c ./Drivers/STM32H7xx_HAL_Driver/Src/stm32h7xx_hal_gpio.o
                0x000000000800231c                HAL_GPIO_EXTI_IRQHandler
 .text.HAL_HRTIM_Init
                0x0000000008002338       0xec ./Drivers/STM32H7xx_HAL_Driver/Src/stm32h7xx_hal_hrtim.o
                0x0000000008002338                HAL_HRTIM_Init
 .text.HAL_HRTIM_TimeBaseConfig
                0x0000000008002424       0x78 ./Drivers/STM32H7xx_HAL_Driver/Src/stm32h7xx_hal_hrtim.o
                0x0000000008002424                HAL_HRTIM_TimeBaseConfig
 .text.HAL_HRTIM_WaveformTimerConfig
                0x000000000800249c      0x254 ./Drivers/STM32H7xx_HAL_Driver/Src/stm32h7xx_hal_hrtim.o
                0x000000000800249c                HAL_HRTIM_WaveformTimerConfig
 .text.HAL_HRTIM_WaveformCompareConfig
                0x00000000080026f0      0x178 ./Drivers/STM32H7xx_HAL_Driver/Src/stm32h7xx_hal_hrtim.o
                0x00000000080026f0                HAL_HRTIM_WaveformCompareConfig
 .text.HAL_HRTIM_WaveformOutputConfig
                0x0000000008002868      0x114 ./Drivers/STM32H7xx_HAL_Driver/Src/stm32h7xx_hal_hrtim.o
                0x0000000008002868                HAL_HRTIM_WaveformOutputConfig
 .text.HAL_HRTIM_WaveformSetOutputLevel
                0x000000000800297c      0x170 ./Drivers/STM32H7xx_HAL_Driver/Src/stm32h7xx_hal_hrtim.o
                0x000000000800297c                HAL_HRTIM_WaveformSetOutputLevel
 .text.HAL_HRTIM_WaveformOutputStart
                0x0000000008002aec       0x38 ./Drivers/STM32H7xx_HAL_Driver/Src/stm32h7xx_hal_hrtim.o
                0x0000000008002aec                HAL_HRTIM_WaveformOutputStart
 .text.HAL_HRTIM_WaveformOutputStop
                0x0000000008002b24       0x38 ./Drivers/STM32H7xx_HAL_Driver/Src/stm32h7xx_hal_hrtim.o
                0x0000000008002b24                HAL_HRTIM_WaveformOutputStop
 .text.HAL_HRTIM_WaveformCountStart_IT
                0x0000000008002b5c       0xa0 ./Drivers/STM32H7xx_HAL_Driver/Src/stm32h7xx_hal_hrtim.o
                0x0000000008002b5c                HAL_HRTIM_WaveformCountStart_IT
 .text.HAL_HRTIM_WaveformCountStop_IT
                0x0000000008002bfc       0xc8 ./Drivers/STM32H7xx_HAL_Driver/Src/stm32h7xx_hal_hrtim.o
                0x0000000008002bfc                HAL_HRTIM_WaveformCountStop_IT
 .text.HAL_HRTIM_Fault1Callback
                0x0000000008002cc4        0x4 ./Drivers/STM32H7xx_HAL_Driver/Src/stm32h7xx_hal_hrtim.o
                0x0000000008002cc4                HAL_HRTIM_Fault1Callback
 .text.HAL_HRTIM_Fault2Callback
                0x0000000008002cc8        0x4 ./Drivers/STM32H7xx_HAL_Driver/Src/stm32h7xx_hal_hrtim.o
                0x0000000008002cc8                HAL_HRTIM_Fault2Callback
 .text.HAL_HRTIM_Fault3Callback
                0x0000000008002ccc        0x4 ./Drivers/STM32H7xx_HAL_Driver/Src/stm32h7xx_hal_hrtim.o
                0x0000000008002ccc                HAL_HRTIM_Fault3Callback
 .text.HAL_HRTIM_Fault4Callback
                0x0000000008002cd0        0x4 ./Drivers/STM32H7xx_HAL_Driver/Src/stm32h7xx_hal_hrtim.o
                0x0000000008002cd0                HAL_HRTIM_Fault4Callback
 .text.HAL_HRTIM_Fault5Callback
                0x0000000008002cd4        0x4 ./Drivers/STM32H7xx_HAL_Driver/Src/stm32h7xx_hal_hrtim.o
                0x0000000008002cd4                HAL_HRTIM_Fault5Callback
 .text.HAL_HRTIM_SystemFaultCallback
                0x0000000008002cd8        0x4 ./Drivers/STM32H7xx_HAL_Driver/Src/stm32h7xx_hal_hrtim.o
                0x0000000008002cd8                HAL_HRTIM_SystemFaultCallback
 .text.HAL_HRTIM_BurstModePeriodCallback
                0x0000000008002cdc        0x4 ./Drivers/STM32H7xx_HAL_Driver/Src/stm32h7xx_hal_hrtim.o
                0x0000000008002cdc                HAL_HRTIM_BurstModePeriodCallback
 .text.HAL_HRTIM_SynchronizationEventCallback
                0x0000000008002ce0        0x4 ./Drivers/STM32H7xx_HAL_Driver/Src/stm32h7xx_hal_hrtim.o
                0x0000000008002ce0                HAL_HRTIM_SynchronizationEventCallback
 .text.HAL_HRTIM_RegistersUpdateCallback
                0x0000000008002ce4        0x4 ./Drivers/STM32H7xx_HAL_Driver/Src/stm32h7xx_hal_hrtim.o
                0x0000000008002ce4                HAL_HRTIM_RegistersUpdateCallback
 .text.HAL_HRTIM_Compare1EventCallback
                0x0000000008002ce8        0x4 ./Drivers/STM32H7xx_HAL_Driver/Src/stm32h7xx_hal_hrtim.o
                0x0000000008002ce8                HAL_HRTIM_Compare1EventCallback
 .text.HAL_HRTIM_Compare4EventCallback
                0x0000000008002cec        0x4 ./Drivers/STM32H7xx_HAL_Driver/Src/stm32h7xx_hal_hrtim.o
                0x0000000008002cec                HAL_HRTIM_Compare4EventCallback
 .text.HAL_HRTIM_Capture1EventCallback
                0x0000000008002cf0        0x4 ./Drivers/STM32H7xx_HAL_Driver/Src/stm32h7xx_hal_hrtim.o
                0x0000000008002cf0                HAL_HRTIM_Capture1EventCallback
 .text.HAL_HRTIM_Capture2EventCallback
                0x0000000008002cf4        0x4 ./Drivers/STM32H7xx_HAL_Driver/Src/stm32h7xx_hal_hrtim.o
                0x0000000008002cf4                HAL_HRTIM_Capture2EventCallback
 .text.HAL_HRTIM_DelayedProtectionCallback
                0x0000000008002cf8        0x4 ./Drivers/STM32H7xx_HAL_Driver/Src/stm32h7xx_hal_hrtim.o
                0x0000000008002cf8                HAL_HRTIM_DelayedProtectionCallback
 .text.HAL_HRTIM_CounterResetCallback
                0x0000000008002cfc        0x4 ./Drivers/STM32H7xx_HAL_Driver/Src/stm32h7xx_hal_hrtim.o
                0x0000000008002cfc                HAL_HRTIM_CounterResetCallback
 .text.HAL_HRTIM_Output1SetCallback
                0x0000000008002d00        0x4 ./Drivers/STM32H7xx_HAL_Driver/Src/stm32h7xx_hal_hrtim.o
                0x0000000008002d00                HAL_HRTIM_Output1SetCallback
 .text.HAL_HRTIM_Output1ResetCallback
                0x0000000008002d04        0x4 ./Drivers/STM32H7xx_HAL_Driver/Src/stm32h7xx_hal_hrtim.o
                0x0000000008002d04                HAL_HRTIM_Output1ResetCallback
 .text.HAL_HRTIM_Output2SetCallback
                0x0000000008002d08        0x4 ./Drivers/STM32H7xx_HAL_Driver/Src/stm32h7xx_hal_hrtim.o
                0x0000000008002d08                HAL_HRTIM_Output2SetCallback
 .text.HAL_HRTIM_Output2ResetCallback
                0x0000000008002d0c        0x4 ./Drivers/STM32H7xx_HAL_Driver/Src/stm32h7xx_hal_hrtim.o
                0x0000000008002d0c                HAL_HRTIM_Output2ResetCallback
 .text.HAL_HRTIM_IRQHandler
                0x0000000008002d10      0x348 ./Drivers/STM32H7xx_HAL_Driver/Src/stm32h7xx_hal_hrtim.o
                0x0000000008002d10                HAL_HRTIM_IRQHandler
 .text.HAL_LPTIM_Init
                0x0000000008003058       0xe4 ./Drivers/STM32H7xx_HAL_Driver/Src/stm32h7xx_hal_lptim.o
                0x0000000008003058                HAL_LPTIM_Init
 .text.HAL_LPTIM_CompareMatchCallback
                0x000000000800313c        0x4 ./Drivers/STM32H7xx_HAL_Driver/Src/stm32h7xx_hal_lptim.o
                0x000000000800313c                HAL_LPTIM_CompareMatchCallback
 .text.HAL_LPTIM_TriggerCallback
                0x0000000008003140        0x4 ./Drivers/STM32H7xx_HAL_Driver/Src/stm32h7xx_hal_lptim.o
                0x0000000008003140                HAL_LPTIM_TriggerCallback
 .text.HAL_LPTIM_CompareWriteCallback
                0x0000000008003144        0x4 ./Drivers/STM32H7xx_HAL_Driver/Src/stm32h7xx_hal_lptim.o
                0x0000000008003144                HAL_LPTIM_CompareWriteCallback
 .text.HAL_LPTIM_AutoReloadWriteCallback
                0x0000000008003148        0x4 ./Drivers/STM32H7xx_HAL_Driver/Src/stm32h7xx_hal_lptim.o
                0x0000000008003148                HAL_LPTIM_AutoReloadWriteCallback
 .text.HAL_LPTIM_DirectionUpCallback
                0x000000000800314c        0x4 ./Drivers/STM32H7xx_HAL_Driver/Src/stm32h7xx_hal_lptim.o
                0x000000000800314c                HAL_LPTIM_DirectionUpCallback
 .text.HAL_LPTIM_DirectionDownCallback
                0x0000000008003150        0x4 ./Drivers/STM32H7xx_HAL_Driver/Src/stm32h7xx_hal_lptim.o
                0x0000000008003150                HAL_LPTIM_DirectionDownCallback
 .text.HAL_LPTIM_IRQHandler
                0x0000000008003154       0xbc ./Drivers/STM32H7xx_HAL_Driver/Src/stm32h7xx_hal_lptim.o
                0x0000000008003154                HAL_LPTIM_IRQHandler
 .text.LPTIM_Disable
                0x0000000008003210      0x2f8 ./Drivers/STM32H7xx_HAL_Driver/Src/stm32h7xx_hal_lptim.o
                0x0000000008003210                LPTIM_Disable
 .text.HAL_LPTIM_Counter_Start_IT
                0x0000000008003508       0x9c ./Drivers/STM32H7xx_HAL_Driver/Src/stm32h7xx_hal_lptim.o
                0x0000000008003508                HAL_LPTIM_Counter_Start_IT
 .text.HAL_PWR_EnableBkUpAccess
                0x00000000080035a4       0x10 ./Drivers/STM32H7xx_HAL_Driver/Src/stm32h7xx_hal_pwr.o
                0x00000000080035a4                HAL_PWR_EnableBkUpAccess
 .text.HAL_PWR_EnterSLEEPMode
                0x00000000080035b4       0x1c ./Drivers/STM32H7xx_HAL_Driver/Src/stm32h7xx_hal_pwr.o
                0x00000000080035b4                HAL_PWR_EnterSLEEPMode
 .text.HAL_PWR_EnterSTOPMode
                0x00000000080035d0       0x54 ./Drivers/STM32H7xx_HAL_Driver/Src/stm32h7xx_hal_pwr.o
                0x00000000080035d0                HAL_PWR_EnterSTOPMode
 .text.HAL_PWREx_ConfigSupply
                0x0000000008003624       0x48 ./Drivers/STM32H7xx_HAL_Driver/Src/stm32h7xx_hal_pwr_ex.o
                0x0000000008003624                HAL_PWREx_ConfigSupply
 .text.HAL_PWREx_EnableFlashPowerDown
                0x000000000800366c       0x10 ./Drivers/STM32H7xx_HAL_Driver/Src/stm32h7xx_hal_pwr_ex.o
                0x000000000800366c                HAL_PWREx_EnableFlashPowerDown
 .text.HAL_RCC_GetSysClockFreq.part.0
                0x000000000800367c      0x130 ./Drivers/STM32H7xx_HAL_Driver/Src/stm32h7xx_hal_rcc.o
 .text.HAL_RCC_OscConfig
                0x00000000080037ac      0x5e8 ./Drivers/STM32H7xx_HAL_Driver/Src/stm32h7xx_hal_rcc.o
                0x00000000080037ac                HAL_RCC_OscConfig
 .text.HAL_RCC_EnableCSS
                0x0000000008003d94       0x10 ./Drivers/STM32H7xx_HAL_Driver/Src/stm32h7xx_hal_rcc.o
                0x0000000008003d94                HAL_RCC_EnableCSS
 .text.HAL_RCC_GetSysClockFreq
                0x0000000008003da4      0x140 ./Drivers/STM32H7xx_HAL_Driver/Src/stm32h7xx_hal_rcc.o
                0x0000000008003da4                HAL_RCC_GetSysClockFreq
 .text.HAL_RCC_ClockConfig
                0x0000000008003ee4      0x250 ./Drivers/STM32H7xx_HAL_Driver/Src/stm32h7xx_hal_rcc.o
                0x0000000008003ee4                HAL_RCC_ClockConfig
 .text.HAL_RCC_GetHCLKFreq
                0x0000000008004134       0x80 ./Drivers/STM32H7xx_HAL_Driver/Src/stm32h7xx_hal_rcc.o
                0x0000000008004134                HAL_RCC_GetHCLKFreq
 .text.HAL_RCC_GetPCLK1Freq
                0x00000000080041b4       0x90 ./Drivers/STM32H7xx_HAL_Driver/Src/stm32h7xx_hal_rcc.o
                0x00000000080041b4                HAL_RCC_GetPCLK1Freq
 .text.HAL_RCC_GetPCLK2Freq
                0x0000000008004244       0x90 ./Drivers/STM32H7xx_HAL_Driver/Src/stm32h7xx_hal_rcc.o
                0x0000000008004244                HAL_RCC_GetPCLK2Freq
 .text.HAL_RCC_CSSCallback
                0x00000000080042d4        0x4 ./Drivers/STM32H7xx_HAL_Driver/Src/stm32h7xx_hal_rcc.o
                0x00000000080042d4                HAL_RCC_CSSCallback
 .text.HAL_RCC_NMI_IRQHandler
                0x00000000080042d8       0x1c ./Drivers/STM32H7xx_HAL_Driver/Src/stm32h7xx_hal_rcc.o
                0x00000000080042d8                HAL_RCC_NMI_IRQHandler
 .text.RCCEx_PLL2_Config
                0x00000000080042f4       0xf4 ./Drivers/STM32H7xx_HAL_Driver/Src/stm32h7xx_hal_rcc_ex.o
 .text.RCCEx_PLL3_Config
                0x00000000080043e8       0xf4 ./Drivers/STM32H7xx_HAL_Driver/Src/stm32h7xx_hal_rcc_ex.o
 .text.HAL_RCCEx_PeriphCLKConfig
                0x00000000080044dc      0xbf8 ./Drivers/STM32H7xx_HAL_Driver/Src/stm32h7xx_hal_rcc_ex.o
                0x00000000080044dc                HAL_RCCEx_PeriphCLKConfig
 .text.HAL_RCCEx_GetD3PCLK1Freq
                0x00000000080050d4       0x24 ./Drivers/STM32H7xx_HAL_Driver/Src/stm32h7xx_hal_rcc_ex.o
                0x00000000080050d4                HAL_RCCEx_GetD3PCLK1Freq
 .text.HAL_RCCEx_GetPLL2ClockFreq
                0x00000000080050f8      0x17c ./Drivers/STM32H7xx_HAL_Driver/Src/stm32h7xx_hal_rcc_ex.o
                0x00000000080050f8                HAL_RCCEx_GetPLL2ClockFreq
 .text.HAL_RCCEx_GetPLL3ClockFreq
                0x0000000008005274      0x17c ./Drivers/STM32H7xx_HAL_Driver/Src/stm32h7xx_hal_rcc_ex.o
                0x0000000008005274                HAL_RCCEx_GetPLL3ClockFreq
 .text.HAL_RCCEx_CRSConfig
                0x00000000080053f0       0x70 ./Drivers/STM32H7xx_HAL_Driver/Src/stm32h7xx_hal_rcc_ex.o
                0x00000000080053f0                HAL_RCCEx_CRSConfig
 .text.HAL_TIM_Base_Init
                0x0000000008005460      0x16c ./Drivers/STM32H7xx_HAL_Driver/Src/stm32h7xx_hal_tim.o
                0x0000000008005460                HAL_TIM_Base_Init
 .text.HAL_TIM_ConfigClockSource
                0x00000000080055cc      0x198 ./Drivers/STM32H7xx_HAL_Driver/Src/stm32h7xx_hal_tim.o
                0x00000000080055cc                HAL_TIM_ConfigClockSource
 .text.HAL_TIMEx_MasterConfigSynchronization
                0x0000000008005764       0xb4 ./Drivers/STM32H7xx_HAL_Driver/Src/stm32h7xx_hal_tim_ex.o
                0x0000000008005764                HAL_TIMEx_MasterConfigSynchronization
 .text.HAL_UART_Transmit
                0x0000000008005818      0x27c ./Drivers/STM32H7xx_HAL_Driver/Src/stm32h7xx_hal_uart.o
                0x0000000008005818                HAL_UART_Transmit
 .text.UART_SetConfig
                0x0000000008005a94      0x534 ./Drivers/STM32H7xx_HAL_Driver/Src/stm32h7xx_hal_uart.o
                0x0000000008005a94                UART_SetConfig
 .text.UART_AdvFeatureConfig
                0x0000000008005fc8       0xb0 ./Drivers/STM32H7xx_HAL_Driver/Src/stm32h7xx_hal_uart.o
                0x0000000008005fc8                UART_AdvFeatureConfig
 .text.UART_CheckIdleState
                0x0000000008006078      0x260 ./Drivers/STM32H7xx_HAL_Driver/Src/stm32h7xx_hal_uart.o
                0x0000000008006078                UART_CheckIdleState
 .text.HAL_UART_Init
                0x00000000080062d8       0x68 ./Drivers/STM32H7xx_HAL_Driver/Src/stm32h7xx_hal_uart.o
                0x00000000080062d8                HAL_UART_Init
 .text.HAL_UARTEx_DisableFifoMode
                0x0000000008006340       0x3c ./Drivers/STM32H7xx_HAL_Driver/Src/stm32h7xx_hal_uart_ex.o
                0x0000000008006340                HAL_UARTEx_DisableFifoMode
 .text.HAL_UARTEx_SetTxFifoThreshold
                0x000000000800637c       0x84 ./Drivers/STM32H7xx_HAL_Driver/Src/stm32h7xx_hal_uart_ex.o
                0x000000000800637c                HAL_UARTEx_SetTxFifoThreshold
 .text.HAL_UARTEx_SetRxFifoThreshold
                0x0000000008006400       0x84 ./Drivers/STM32H7xx_HAL_Driver/Src/stm32h7xx_hal_uart_ex.o
                0x0000000008006400                HAL_UARTEx_SetRxFifoThreshold
 .text.__errno  0x0000000008006484        0xc c:/st/stm32cubeide_1.9.0/stm32cubeide/plugins/com.st.stm32cube.ide.mcu.externaltools.gnu-tools-for-stm32.10.3-2021.10.win32_1.0.100.202210260954/tools/bin/../lib/gcc/arm-none-eabi/10.3.1/../../../../arm-none-eabi/lib/thumb/v7e-m+dp/hard\libc_nano.a(lib_a-errno.o)
                0x0000000008006484                __errno
 .text.__libc_init_array
                0x0000000008006490       0x48 c:/st/stm32cubeide_1.9.0/stm32cubeide/plugins/com.st.stm32cube.ide.mcu.externaltools.gnu-tools-for-stm32.10.3-2021.10.win32_1.0.100.202210260954/tools/bin/../lib/gcc/arm-none-eabi/10.3.1/../../../../arm-none-eabi/lib/thumb/v7e-m+dp/hard\libc_nano.a(lib_a-init.o)
                0x0000000008006490                __libc_init_array
 .text.memcpy   0x00000000080064d8       0x1c c:/st/stm32cubeide_1.9.0/stm32cubeide/plugins/com.st.stm32cube.ide.mcu.externaltools.gnu-tools-for-stm32.10.3-2021.10.win32_1.0.100.202210260954/tools/bin/../lib/gcc/arm-none-eabi/10.3.1/../../../../arm-none-eabi/lib/thumb/v7e-m+dp/hard\libc_nano.a(lib_a-memcpy-stub.o)
                0x00000000080064d8                memcpy
 .text.memset   0x00000000080064f4       0x10 c:/st/stm32cubeide_1.9.0/stm32cubeide/plugins/com.st.stm32cube.ide.mcu.externaltools.gnu-tools-for-stm32.10.3-2021.10.win32_1.0.100.202210260954/tools/bin/../lib/gcc/arm-none-eabi/10.3.1/../../../../arm-none-eabi/lib/thumb/v7e-m+dp/hard\libc_nano.a(lib_a-memset.o)
                0x00000000080064f4                memset
 .text.printf   0x0000000008006504       0x30 c:/st/stm32cubeide_1.9.0/stm32cubeide/plugins/com.st.stm32cube.ide.mcu.externaltools.gnu-tools-for-stm32.10.3-2021.10.win32_1.0.100.202210260954/tools/bin/../lib/gcc/arm-none-eabi/10.3.1/../../../../arm-none-eabi/lib/thumb/v7e-m+dp/hard\libc_nano.a(lib_a-printf.o)
                0x0000000008006504                iprintf
                0x0000000008006504                printf
 .text._puts_r  0x0000000008006534       0xdc c:/st/stm32cubeide_1.9.0/stm32cubeide/plugins/com.st.stm32cube.ide.mcu.externaltools.gnu-tools-for-stm32.10.3-2021.10.win32_1.0.100.202210260954/tools/bin/../lib/gcc/arm-none-eabi/10.3.1/../../../../arm-none-eabi/lib/thumb/v7e-m+dp/hard\libc_nano.a(lib_a-puts.o)
                0x0000000008006534                _puts_r
 .text.puts     0x0000000008006610       0x10 c:/st/stm32cubeide_1.9.0/stm32cubeide/plugins/com.st.stm32cube.ide.mcu.externaltools.gnu-tools-for-stm32.10.3-2021.10.win32_1.0.100.202210260954/tools/bin/../lib/gcc/arm-none-eabi/10.3.1/../../../../arm-none-eabi/lib/thumb/v7e-m+dp/hard\libc_nano.a(lib_a-puts.o)
                0x0000000008006610                puts
 .text.__swbuf_r
                0x0000000008006620       0xa4 c:/st/stm32cubeide_1.9.0/stm32cubeide/plugins/com.st.stm32cube.ide.mcu.externaltools.gnu-tools-for-stm32.10.3-2021.10.win32_1.0.100.202210260954/tools/bin/../lib/gcc/arm-none-eabi/10.3.1/../../../../arm-none-eabi/lib/thumb/v7e-m+dp/hard\libc_nano.a(lib_a-wbuf.o)
                0x0000000008006620                __swbuf_r
 .text.__swsetup_r
                0x00000000080066c4       0xdc c:/st/stm32cubeide_1.9.0/stm32cubeide/plugins/com.st.stm32cube.ide.mcu.externaltools.gnu-tools-for-stm32.10.3-2021.10.win32_1.0.100.202210260954/tools/bin/../lib/gcc/arm-none-eabi/10.3.1/../../../../arm-none-eabi/lib/thumb/v7e-m+dp/hard\libc_nano.a(lib_a-wsetup.o)
                0x00000000080066c4                __swsetup_r
 .text.__sflush_r
                0x00000000080067a0      0x10c c:/st/stm32cubeide_1.9.0/stm32cubeide/plugins/com.st.stm32cube.ide.mcu.externaltools.gnu-tools-for-stm32.10.3-2021.10.win32_1.0.100.202210260954/tools/bin/../lib/gcc/arm-none-eabi/10.3.1/../../../../arm-none-eabi/lib/thumb/v7e-m+dp/hard\libc_nano.a(lib_a-fflush.o)
                0x00000000080067a0                __sflush_r
 .text._fflush_r
                0x00000000080068ac       0x78 c:/st/stm32cubeide_1.9.0/stm32cubeide/plugins/com.st.stm32cube.ide.mcu.externaltools.gnu-tools-for-stm32.10.3-2021.10.win32_1.0.100.202210260954/tools/bin/../lib/gcc/arm-none-eabi/10.3.1/../../../../arm-none-eabi/lib/thumb/v7e-m+dp/hard\libc_nano.a(lib_a-fflush.o)
                0x00000000080068ac                _fflush_r
 .text.std      0x0000000008006924       0x48 c:/st/stm32cubeide_1.9.0/stm32cubeide/plugins/com.st.stm32cube.ide.mcu.externaltools.gnu-tools-for-stm32.10.3-2021.10.win32_1.0.100.202210260954/tools/bin/../lib/gcc/arm-none-eabi/10.3.1/../../../../arm-none-eabi/lib/thumb/v7e-m+dp/hard\libc_nano.a(lib_a-findfp.o)
 .text._cleanup_r
                0x000000000800696c        0xc c:/st/stm32cubeide_1.9.0/stm32cubeide/plugins/com.st.stm32cube.ide.mcu.externaltools.gnu-tools-for-stm32.10.3-2021.10.win32_1.0.100.202210260954/tools/bin/../lib/gcc/arm-none-eabi/10.3.1/../../../../arm-none-eabi/lib/thumb/v7e-m+dp/hard\libc_nano.a(lib_a-findfp.o)
                0x000000000800696c                _cleanup_r
 .text.__sfmoreglue
                0x0000000008006978       0x2c c:/st/stm32cubeide_1.9.0/stm32cubeide/plugins/com.st.stm32cube.ide.mcu.externaltools.gnu-tools-for-stm32.10.3-2021.10.win32_1.0.100.202210260954/tools/bin/../lib/gcc/arm-none-eabi/10.3.1/../../../../arm-none-eabi/lib/thumb/v7e-m+dp/hard\libc_nano.a(lib_a-findfp.o)
                0x0000000008006978                __sfmoreglue
 .text.__sfp_lock_acquire
                0x00000000080069a4        0xc c:/st/stm32cubeide_1.9.0/stm32cubeide/plugins/com.st.stm32cube.ide.mcu.externaltools.gnu-tools-for-stm32.10.3-2021.10.win32_1.0.100.202210260954/tools/bin/../lib/gcc/arm-none-eabi/10.3.1/../../../../arm-none-eabi/lib/thumb/v7e-m+dp/hard\libc_nano.a(lib_a-findfp.o)
                0x00000000080069a4                __sfp_lock_acquire
 .text.__sfp_lock_release
                0x00000000080069b0        0xc c:/st/stm32cubeide_1.9.0/stm32cubeide/plugins/com.st.stm32cube.ide.mcu.externaltools.gnu-tools-for-stm32.10.3-2021.10.win32_1.0.100.202210260954/tools/bin/../lib/gcc/arm-none-eabi/10.3.1/../../../../arm-none-eabi/lib/thumb/v7e-m+dp/hard\libc_nano.a(lib_a-findfp.o)
                0x00000000080069b0                __sfp_lock_release
 .text.__sinit_lock_acquire
                0x00000000080069bc        0xc c:/st/stm32cubeide_1.9.0/stm32cubeide/plugins/com.st.stm32cube.ide.mcu.externaltools.gnu-tools-for-stm32.10.3-2021.10.win32_1.0.100.202210260954/tools/bin/../lib/gcc/arm-none-eabi/10.3.1/../../../../arm-none-eabi/lib/thumb/v7e-m+dp/hard\libc_nano.a(lib_a-findfp.o)
                0x00000000080069bc                __sinit_lock_acquire
 .text.__sinit_lock_release
                0x00000000080069c8        0xc c:/st/stm32cubeide_1.9.0/stm32cubeide/plugins/com.st.stm32cube.ide.mcu.externaltools.gnu-tools-for-stm32.10.3-2021.10.win32_1.0.100.202210260954/tools/bin/../lib/gcc/arm-none-eabi/10.3.1/../../../../arm-none-eabi/lib/thumb/v7e-m+dp/hard\libc_nano.a(lib_a-findfp.o)
                0x00000000080069c8                __sinit_lock_release
 .text.__sinit  0x00000000080069d4       0x70 c:/st/stm32cubeide_1.9.0/stm32cubeide/plugins/com.st.stm32cube.ide.mcu.externaltools.gnu-tools-for-stm32.10.3-2021.10.win32_1.0.100.202210260954/tools/bin/../lib/gcc/arm-none-eabi/10.3.1/../../../../arm-none-eabi/lib/thumb/v7e-m+dp/hard\libc_nano.a(lib_a-findfp.o)
                0x00000000080069d4                __sinit
 .text.__sfp    0x0000000008006a44       0x8c c:/st/stm32cubeide_1.9.0/stm32cubeide/plugins/com.st.stm32cube.ide.mcu.externaltools.gnu-tools-for-stm32.10.3-2021.10.win32_1.0.100.202210260954/tools/bin/../lib/gcc/arm-none-eabi/10.3.1/../../../../arm-none-eabi/lib/thumb/v7e-m+dp/hard\libc_nano.a(lib_a-findfp.o)
                0x0000000008006a44                __sfp
 .text._fwalk_reent
                0x0000000008006ad0       0x3e c:/st/stm32cubeide_1.9.0/stm32cubeide/plugins/com.st.stm32cube.ide.mcu.externaltools.gnu-tools-for-stm32.10.3-2021.10.win32_1.0.100.202210260954/tools/bin/../lib/gcc/arm-none-eabi/10.3.1/../../../../arm-none-eabi/lib/thumb/v7e-m+dp/hard\libc_nano.a(lib_a-fwalk.o)
                0x0000000008006ad0                _fwalk_reent
 .text.__retarget_lock_init_recursive
                0x0000000008006b0e        0x2 c:/st/stm32cubeide_1.9.0/stm32cubeide/plugins/com.st.stm32cube.ide.mcu.externaltools.gnu-tools-for-stm32.10.3-2021.10.win32_1.0.100.202210260954/tools/bin/../lib/gcc/arm-none-eabi/10.3.1/../../../../arm-none-eabi/lib/thumb/v7e-m+dp/hard\libc_nano.a(lib_a-lock.o)
                0x0000000008006b0e                __retarget_lock_init_recursive
 .text.__retarget_lock_acquire_recursive
                0x0000000008006b10        0x2 c:/st/stm32cubeide_1.9.0/stm32cubeide/plugins/com.st.stm32cube.ide.mcu.externaltools.gnu-tools-for-stm32.10.3-2021.10.win32_1.0.100.202210260954/tools/bin/../lib/gcc/arm-none-eabi/10.3.1/../../../../arm-none-eabi/lib/thumb/v7e-m+dp/hard\libc_nano.a(lib_a-lock.o)
                0x0000000008006b10                __retarget_lock_acquire_recursive
 .text.__retarget_lock_release_recursive
                0x0000000008006b12        0x2 c:/st/stm32cubeide_1.9.0/stm32cubeide/plugins/com.st.stm32cube.ide.mcu.externaltools.gnu-tools-for-stm32.10.3-2021.10.win32_1.0.100.202210260954/tools/bin/../lib/gcc/arm-none-eabi/10.3.1/../../../../arm-none-eabi/lib/thumb/v7e-m+dp/hard\libc_nano.a(lib_a-lock.o)
                0x0000000008006b12                __retarget_lock_release_recursive
 .text.__swhatbuf_r
                0x0000000008006b14       0x4a c:/st/stm32cubeide_1.9.0/stm32cubeide/plugins/com.st.stm32cube.ide.mcu.externaltools.gnu-tools-for-stm32.10.3-2021.10.win32_1.0.100.202210260954/tools/bin/../lib/gcc/arm-none-eabi/10.3.1/../../../../arm-none-eabi/lib/thumb/v7e-m+dp/hard\libc_nano.a(lib_a-makebuf.o)
                0x0000000008006b14                __swhatbuf_r
 *fill*         0x0000000008006b5e        0x2 
 .text.__smakebuf_r
                0x0000000008006b60       0x80 c:/st/stm32cubeide_1.9.0/stm32cubeide/plugins/com.st.stm32cube.ide.mcu.externaltools.gnu-tools-for-stm32.10.3-2021.10.win32_1.0.100.202210260954/tools/bin/../lib/gcc/arm-none-eabi/10.3.1/../../../../arm-none-eabi/lib/thumb/v7e-m+dp/hard\libc_nano.a(lib_a-makebuf.o)
                0x0000000008006b60                __smakebuf_r
 .text._free_r  0x0000000008006be0       0x98 c:/st/stm32cubeide_1.9.0/stm32cubeide/plugins/com.st.stm32cube.ide.mcu.externaltools.gnu-tools-for-stm32.10.3-2021.10.win32_1.0.100.202210260954/tools/bin/../lib/gcc/arm-none-eabi/10.3.1/../../../../arm-none-eabi/lib/thumb/v7e-m+dp/hard\libc_nano.a(lib_a-nano-freer.o)
                0x0000000008006be0                _free_r
 .text.sbrk_aligned
                0x0000000008006c78       0x40 c:/st/stm32cubeide_1.9.0/stm32cubeide/plugins/com.st.stm32cube.ide.mcu.externaltools.gnu-tools-for-stm32.10.3-2021.10.win32_1.0.100.202210260954/tools/bin/../lib/gcc/arm-none-eabi/10.3.1/../../../../arm-none-eabi/lib/thumb/v7e-m+dp/hard\libc_nano.a(lib_a-nano-mallocr.o)
 .text._malloc_r
                0x0000000008006cb8       0xe8 c:/st/stm32cubeide_1.9.0/stm32cubeide/plugins/com.st.stm32cube.ide.mcu.externaltools.gnu-tools-for-stm32.10.3-2021.10.win32_1.0.100.202210260954/tools/bin/../lib/gcc/arm-none-eabi/10.3.1/../../../../arm-none-eabi/lib/thumb/v7e-m+dp/hard\libc_nano.a(lib_a-nano-mallocr.o)
                0x0000000008006cb8                _malloc_r
 .text.__sfputc_r
                0x0000000008006da0       0x2e c:/st/stm32cubeide_1.9.0/stm32cubeide/plugins/com.st.stm32cube.ide.mcu.externaltools.gnu-tools-for-stm32.10.3-2021.10.win32_1.0.100.202210260954/tools/bin/../lib/gcc/arm-none-eabi/10.3.1/../../../../arm-none-eabi/lib/thumb/v7e-m+dp/hard\libc_nano.a(lib_a-nano-vfprintf.o)
 .text.__sfputs_r
                0x0000000008006dce       0x24 c:/st/stm32cubeide_1.9.0/stm32cubeide/plugins/com.st.stm32cube.ide.mcu.externaltools.gnu-tools-for-stm32.10.3-2021.10.win32_1.0.100.202210260954/tools/bin/../lib/gcc/arm-none-eabi/10.3.1/../../../../arm-none-eabi/lib/thumb/v7e-m+dp/hard\libc_nano.a(lib_a-nano-vfprintf.o)
                0x0000000008006dce                __sfputs_r
 *fill*         0x0000000008006df2        0x2 
 .text._vfprintf_r
                0x0000000008006df4      0x260 c:/st/stm32cubeide_1.9.0/stm32cubeide/plugins/com.st.stm32cube.ide.mcu.externaltools.gnu-tools-for-stm32.10.3-2021.10.win32_1.0.100.202210260954/tools/bin/../lib/gcc/arm-none-eabi/10.3.1/../../../../arm-none-eabi/lib/thumb/v7e-m+dp/hard\libc_nano.a(lib_a-nano-vfprintf.o)
                0x0000000008006df4                _vfprintf_r
                0x0000000008006df4                _vfiprintf_r
 .text._printf_common
                0x0000000008007054       0xda c:/st/stm32cubeide_1.9.0/stm32cubeide/plugins/com.st.stm32cube.ide.mcu.externaltools.gnu-tools-for-stm32.10.3-2021.10.win32_1.0.100.202210260954/tools/bin/../lib/gcc/arm-none-eabi/10.3.1/../../../../arm-none-eabi/lib/thumb/v7e-m+dp/hard\libc_nano.a(lib_a-nano-vfprintf_i.o)
                0x0000000008007054                _printf_common
 *fill*         0x000000000800712e        0x2 
 .text._printf_i
                0x0000000008007130      0x24c c:/st/stm32cubeide_1.9.0/stm32cubeide/plugins/com.st.stm32cube.ide.mcu.externaltools.gnu-tools-for-stm32.10.3-2021.10.win32_1.0.100.202210260954/tools/bin/../lib/gcc/arm-none-eabi/10.3.1/../../../../arm-none-eabi/lib/thumb/v7e-m+dp/hard\libc_nano.a(lib_a-nano-vfprintf_i.o)
                0x0000000008007130                _printf_i
 .text._sbrk_r  0x000000000800737c       0x20 c:/st/stm32cubeide_1.9.0/stm32cubeide/plugins/com.st.stm32cube.ide.mcu.externaltools.gnu-tools-for-stm32.10.3-2021.10.win32_1.0.100.202210260954/tools/bin/../lib/gcc/arm-none-eabi/10.3.1/../../../../arm-none-eabi/lib/thumb/v7e-m+dp/hard\libc_nano.a(lib_a-sbrkr.o)
                0x000000000800737c                _sbrk_r
 .text.__sread  0x000000000800739c       0x22 c:/st/stm32cubeide_1.9.0/stm32cubeide/plugins/com.st.stm32cube.ide.mcu.externaltools.gnu-tools-for-stm32.10.3-2021.10.win32_1.0.100.202210260954/tools/bin/../lib/gcc/arm-none-eabi/10.3.1/../../../../arm-none-eabi/lib/thumb/v7e-m+dp/hard\libc_nano.a(lib_a-stdio.o)
                0x000000000800739c                __sread
 .text.__swrite
                0x00000000080073be       0x38 c:/st/stm32cubeide_1.9.0/stm32cubeide/plugins/com.st.stm32cube.ide.mcu.externaltools.gnu-tools-for-stm32.10.3-2021.10.win32_1.0.100.202210260954/tools/bin/../lib/gcc/arm-none-eabi/10.3.1/../../../../arm-none-eabi/lib/thumb/v7e-m+dp/hard\libc_nano.a(lib_a-stdio.o)
                0x00000000080073be                __swrite
 .text.__sseek  0x00000000080073f6       0x24 c:/st/stm32cubeide_1.9.0/stm32cubeide/plugins/com.st.stm32cube.ide.mcu.externaltools.gnu-tools-for-stm32.10.3-2021.10.win32_1.0.100.202210260954/tools/bin/../lib/gcc/arm-none-eabi/10.3.1/../../../../arm-none-eabi/lib/thumb/v7e-m+dp/hard\libc_nano.a(lib_a-stdio.o)
                0x00000000080073f6                __sseek
 .text.__sclose
                0x000000000800741a        0x8 c:/st/stm32cubeide_1.9.0/stm32cubeide/plugins/com.st.stm32cube.ide.mcu.externaltools.gnu-tools-for-stm32.10.3-2021.10.win32_1.0.100.202210260954/tools/bin/../lib/gcc/arm-none-eabi/10.3.1/../../../../arm-none-eabi/lib/thumb/v7e-m+dp/hard\libc_nano.a(lib_a-stdio.o)
                0x000000000800741a                __sclose
 *fill*         0x0000000008007422        0x2 
 .text._write_r
                0x0000000008007424       0x24 c:/st/stm32cubeide_1.9.0/stm32cubeide/plugins/com.st.stm32cube.ide.mcu.externaltools.gnu-tools-for-stm32.10.3-2021.10.win32_1.0.100.202210260954/tools/bin/../lib/gcc/arm-none-eabi/10.3.1/../../../../arm-none-eabi/lib/thumb/v7e-m+dp/hard\libc_nano.a(lib_a-writer.o)
                0x0000000008007424                _write_r
 .text._close_r
                0x0000000008007448       0x20 c:/st/stm32cubeide_1.9.0/stm32cubeide/plugins/com.st.stm32cube.ide.mcu.externaltools.gnu-tools-for-stm32.10.3-2021.10.win32_1.0.100.202210260954/tools/bin/../lib/gcc/arm-none-eabi/10.3.1/../../../../arm-none-eabi/lib/thumb/v7e-m+dp/hard\libc_nano.a(lib_a-closer.o)
                0x0000000008007448                _close_r
 .text._fstat_r
                0x0000000008007468       0x24 c:/st/stm32cubeide_1.9.0/stm32cubeide/plugins/com.st.stm32cube.ide.mcu.externaltools.gnu-tools-for-stm32.10.3-2021.10.win32_1.0.100.202210260954/tools/bin/../lib/gcc/arm-none-eabi/10.3.1/../../../../arm-none-eabi/lib/thumb/v7e-m+dp/hard\libc_nano.a(lib_a-fstatr.o)
                0x0000000008007468                _fstat_r
 .text._isatty_r
                0x000000000800748c       0x20 c:/st/stm32cubeide_1.9.0/stm32cubeide/plugins/com.st.stm32cube.ide.mcu.externaltools.gnu-tools-for-stm32.10.3-2021.10.win32_1.0.100.202210260954/tools/bin/../lib/gcc/arm-none-eabi/10.3.1/../../../../arm-none-eabi/lib/thumb/v7e-m+dp/hard\libc_nano.a(lib_a-isattyr.o)
                0x000000000800748c                _isatty_r
 .text._lseek_r
                0x00000000080074ac       0x24 c:/st/stm32cubeide_1.9.0/stm32cubeide/plugins/com.st.stm32cube.ide.mcu.externaltools.gnu-tools-for-stm32.10.3-2021.10.win32_1.0.100.202210260954/tools/bin/../lib/gcc/arm-none-eabi/10.3.1/../../../../arm-none-eabi/lib/thumb/v7e-m+dp/hard\libc_nano.a(lib_a-lseekr.o)
                0x00000000080074ac                _lseek_r
 .text.__malloc_lock
                0x00000000080074d0        0xc c:/st/stm32cubeide_1.9.0/stm32cubeide/plugins/com.st.stm32cube.ide.mcu.externaltools.gnu-tools-for-stm32.10.3-2021.10.win32_1.0.100.202210260954/tools/bin/../lib/gcc/arm-none-eabi/10.3.1/../../../../arm-none-eabi/lib/thumb/v7e-m+dp/hard\libc_nano.a(lib_a-mlock.o)
                0x00000000080074d0                __malloc_lock
 .text.__malloc_unlock
                0x00000000080074dc        0xc c:/st/stm32cubeide_1.9.0/stm32cubeide/plugins/com.st.stm32cube.ide.mcu.externaltools.gnu-tools-for-stm32.10.3-2021.10.win32_1.0.100.202210260954/tools/bin/../lib/gcc/arm-none-eabi/10.3.1/../../../../arm-none-eabi/lib/thumb/v7e-m+dp/hard\libc_nano.a(lib_a-mlock.o)
                0x00000000080074dc                __malloc_unlock
 .text._read_r  0x00000000080074e8       0x24 c:/st/stm32cubeide_1.9.0/stm32cubeide/plugins/com.st.stm32cube.ide.mcu.externaltools.gnu-tools-for-stm32.10.3-2021.10.win32_1.0.100.202210260954/tools/bin/../lib/gcc/arm-none-eabi/10.3.1/../../../../arm-none-eabi/lib/thumb/v7e-m+dp/hard\libc_nano.a(lib_a-readr.o)
                0x00000000080074e8                _read_r
 *(.glue_7)
 .glue_7        0x000000000800750c        0x0 linker stubs
 *(.glue_7t)
 .glue_7t       0x000000000800750c        0x0 linker stubs
 *(.eh_frame)
 .eh_frame      0x000000000800750c        0x0 c:/st/stm32cubeide_1.9.0/stm32cubeide/plugins/com.st.stm32cube.ide.mcu.externaltools.gnu-tools-for-stm32.10.3-2021.10.win32_1.0.100.202210260954/tools/bin/../lib/gcc/arm-none-eabi/10.3.1/thumb/v7e-m+dp/hard/crtbegin.o
 *(.init)
 .init          0x000000000800750c        0x4 c:/st/stm32cubeide_1.9.0/stm32cubeide/plugins/com.st.stm32cube.ide.mcu.externaltools.gnu-tools-for-stm32.10.3-2021.10.win32_1.0.100.202210260954/tools/bin/../lib/gcc/arm-none-eabi/10.3.1/thumb/v7e-m+dp/hard/crti.o
                0x000000000800750c                _init
 .init          0x0000000008007510        0x8 c:/st/stm32cubeide_1.9.0/stm32cubeide/plugins/com.st.stm32cube.ide.mcu.externaltools.gnu-tools-for-stm32.10.3-2021.10.win32_1.0.100.202210260954/tools/bin/../lib/gcc/arm-none-eabi/10.3.1/thumb/v7e-m+dp/hard/crtn.o
 *(.fini)
 .fini          0x0000000008007518        0x4 c:/st/stm32cubeide_1.9.0/stm32cubeide/plugins/com.st.stm32cube.ide.mcu.externaltools.gnu-tools-for-stm32.10.3-2021.10.win32_1.0.100.202210260954/tools/bin/../lib/gcc/arm-none-eabi/10.3.1/thumb/v7e-m+dp/hard/crti.o
                0x0000000008007518                _fini
 .fini          0x000000000800751c        0x8 c:/st/stm32cubeide_1.9.0/stm32cubeide/plugins/com.st.stm32cube.ide.mcu.externaltools.gnu-tools-for-stm32.10.3-2021.10.win32_1.0.100.202210260954/tools/bin/../lib/gcc/arm-none-eabi/10.3.1/thumb/v7e-m+dp/hard/crtn.o
 *fill*         0x0000000008007524        0x4 
 .fini.__stub   0x0000000008007528       0x18 linker stubs
                0x0000000008007540                . = ALIGN (0x4)
                0x0000000008007540                _etext = .

.vfp11_veneer   0x0000000008007540        0x0
 .vfp11_veneer  0x0000000008007540        0x0 linker stubs

.v4_bx          0x0000000008007540        0x0
 .v4_bx         0x0000000008007540        0x0 linker stubs

.iplt           0x0000000008007540        0x0
 .iplt          0x0000000008007540        0x0 c:/st/stm32cubeide_1.9.0/stm32cubeide/plugins/com.st.stm32cube.ide.mcu.externaltools.gnu-tools-for-stm32.10.3-2021.10.win32_1.0.100.202210260954/tools/bin/../lib/gcc/arm-none-eabi/10.3.1/thumb/v7e-m+dp/hard/crtbegin.o

.user_flash     0x0000000008100000        0x0
                0x0000000008100000                . = ALIGN (0x4)
 *(.user_flash)
                0x0000000008100000                . = ALIGN (0x4)

.rodata         0x0000000008007540      0x280
                0x0000000008007540                . = ALIGN (0x4)
 *(.rodata)
 *(.rodata*)
 .rodata.main.str1.4
                0x0000000008007540       0x46 ./Core/Src/main.o
 *fill*         0x0000000008007586        0x2 
 .rodata.str1.4
                0x0000000008007588       0x26 ./Core/Src/main.o
 *fill*         0x00000000080075ae        0x2 
 .rodata.HAL_HRTIM_Compare3EventCallback.str1.4
                0x00000000080075b0       0x16 ./Core/Src/main.o
 *fill*         0x00000000080075c6        0x2 
 .rodata.HAL_GPIO_EXTI_Callback.str1.4
                0x00000000080075c8       0xe9 ./Core/Src/main.o
 *fill*         0x00000000080076b1        0x3 
 .rodata.D1CorePrescTable
                0x00000000080076b4       0x10 ./Core/Src/system_stm32h7xx.o
                0x00000000080076b4                D1CorePrescTable
 .rodata.CSWTCH.61
                0x00000000080076c4       0x29 ./Drivers/STM32H7xx_HAL_Driver/Src/stm32h7xx_hal_uart.o
 *fill*         0x00000000080076ed        0x3 
 .rodata.CSWTCH.62
                0x00000000080076f0        0x6 ./Drivers/STM32H7xx_HAL_Driver/Src/stm32h7xx_hal_uart.o
 *fill*         0x00000000080076f6        0x2 
 .rodata.CSWTCH.69
                0x00000000080076f8        0x6 ./Drivers/STM32H7xx_HAL_Driver/Src/stm32h7xx_hal_uart.o
 *fill*         0x00000000080076fe        0x2 
 .rodata.UARTPrescTable
                0x0000000008007700       0x18 ./Drivers/STM32H7xx_HAL_Driver/Src/stm32h7xx_hal_uart.o
                0x0000000008007700                UARTPrescTable
 .rodata.denominator.0
                0x0000000008007718        0x8 ./Drivers/STM32H7xx_HAL_Driver/Src/stm32h7xx_hal_uart_ex.o
 .rodata.numerator.1
                0x0000000008007720        0x8 ./Drivers/STM32H7xx_HAL_Driver/Src/stm32h7xx_hal_uart_ex.o
 .rodata._global_impure_ptr
                0x0000000008007728        0x4 c:/st/stm32cubeide_1.9.0/stm32cubeide/plugins/com.st.stm32cube.ide.mcu.externaltools.gnu-tools-for-stm32.10.3-2021.10.win32_1.0.100.202210260954/tools/bin/../lib/gcc/arm-none-eabi/10.3.1/../../../../arm-none-eabi/lib/thumb/v7e-m+dp/hard\libc_nano.a(lib_a-impure.o)
                0x0000000008007728                _global_impure_ptr
 .rodata.__sf_fake_stderr
                0x000000000800772c       0x20 c:/st/stm32cubeide_1.9.0/stm32cubeide/plugins/com.st.stm32cube.ide.mcu.externaltools.gnu-tools-for-stm32.10.3-2021.10.win32_1.0.100.202210260954/tools/bin/../lib/gcc/arm-none-eabi/10.3.1/../../../../arm-none-eabi/lib/thumb/v7e-m+dp/hard\libc_nano.a(lib_a-findfp.o)
                0x000000000800772c                __sf_fake_stderr
 .rodata.__sf_fake_stdin
                0x000000000800774c       0x20 c:/st/stm32cubeide_1.9.0/stm32cubeide/plugins/com.st.stm32cube.ide.mcu.externaltools.gnu-tools-for-stm32.10.3-2021.10.win32_1.0.100.202210260954/tools/bin/../lib/gcc/arm-none-eabi/10.3.1/../../../../arm-none-eabi/lib/thumb/v7e-m+dp/hard\libc_nano.a(lib_a-findfp.o)
                0x000000000800774c                __sf_fake_stdin
 .rodata.__sf_fake_stdout
                0x000000000800776c       0x20 c:/st/stm32cubeide_1.9.0/stm32cubeide/plugins/com.st.stm32cube.ide.mcu.externaltools.gnu-tools-for-stm32.10.3-2021.10.win32_1.0.100.202210260954/tools/bin/../lib/gcc/arm-none-eabi/10.3.1/../../../../arm-none-eabi/lib/thumb/v7e-m+dp/hard\libc_nano.a(lib_a-findfp.o)
                0x000000000800776c                __sf_fake_stdout
 .rodata._vfprintf_r.str1.1
                0x000000000800778c       0x11 c:/st/stm32cubeide_1.9.0/stm32cubeide/plugins/com.st.stm32cube.ide.mcu.externaltools.gnu-tools-for-stm32.10.3-2021.10.win32_1.0.100.202210260954/tools/bin/../lib/gcc/arm-none-eabi/10.3.1/../../../../arm-none-eabi/lib/thumb/v7e-m+dp/hard\libc_nano.a(lib_a-nano-vfprintf.o)
 .rodata._printf_i.str1.1
                0x000000000800779d       0x22 c:/st/stm32cubeide_1.9.0/stm32cubeide/plugins/com.st.stm32cube.ide.mcu.externaltools.gnu-tools-for-stm32.10.3-2021.10.win32_1.0.100.202210260954/tools/bin/../lib/gcc/arm-none-eabi/10.3.1/../../../../arm-none-eabi/lib/thumb/v7e-m+dp/hard\libc_nano.a(lib_a-nano-vfprintf_i.o)
                0x00000000080077c0                . = ALIGN (0x4)
 *fill*         0x00000000080077bf        0x1 

.ARM.extab
 *(.ARM.extab* .gnu.linkonce.armextab.*)

.ARM            0x00000000080077c0        0x8
                0x00000000080077c0                __exidx_start = .
 *(.ARM.exidx*)
 .ARM.exidx     0x00000000080077c0        0x8 c:/st/stm32cubeide_1.9.0/stm32cubeide/plugins/com.st.stm32cube.ide.mcu.externaltools.gnu-tools-for-stm32.10.3-2021.10.win32_1.0.100.202210260954/tools/bin/../lib/gcc/arm-none-eabi/10.3.1/thumb/v7e-m+dp/hard\libgcc.a(_udivmoddi4.o)
                0x00000000080077c8                __exidx_end = .

.rel.dyn        0x00000000080077c8        0x0
 .rel.iplt      0x00000000080077c8        0x0 c:/st/stm32cubeide_1.9.0/stm32cubeide/plugins/com.st.stm32cube.ide.mcu.externaltools.gnu-tools-for-stm32.10.3-2021.10.win32_1.0.100.202210260954/tools/bin/../lib/gcc/arm-none-eabi/10.3.1/thumb/v7e-m+dp/hard/crtbegin.o

.preinit_array  0x00000000080077c8        0x0
                0x00000000080077c8                PROVIDE (__preinit_array_start = .)
 *(.preinit_array*)
                0x00000000080077c8                PROVIDE (__preinit_array_end = .)

.init_array     0x00000000080077c8        0x4
                0x00000000080077c8                PROVIDE (__init_array_start = .)
 *(SORT_BY_NAME(.init_array.*))
 *(.init_array*)
 .init_array    0x00000000080077c8        0x4 c:/st/stm32cubeide_1.9.0/stm32cubeide/plugins/com.st.stm32cube.ide.mcu.externaltools.gnu-tools-for-stm32.10.3-2021.10.win32_1.0.100.202210260954/tools/bin/../lib/gcc/arm-none-eabi/10.3.1/thumb/v7e-m+dp/hard/crtbegin.o
                0x00000000080077cc                PROVIDE (__init_array_end = .)

.fini_array     0x00000000080077cc        0x4
                [!provide]                        PROVIDE (__fini_array_start = .)
 *(SORT_BY_NAME(.fini_array.*))
 *(.fini_array*)
 .fini_array    0x00000000080077cc        0x4 c:/st/stm32cubeide_1.9.0/stm32cubeide/plugins/com.st.stm32cube.ide.mcu.externaltools.gnu-tools-for-stm32.10.3-2021.10.win32_1.0.100.202210260954/tools/bin/../lib/gcc/arm-none-eabi/10.3.1/thumb/v7e-m+dp/hard/crtbegin.o
                [!provide]                        PROVIDE (__fini_array_end = .)
                0x00000000080077d0                _sidata = LOADADDR (.data)

.data           0x0000000020000000       0x80 load address 0x00000000080077d0
                0x0000000020000000                . = ALIGN (0x4)
                0x0000000020000000                _sdata = .
 *(.data)
 *(.data*)
 .data.last_fraction.2
                0x0000000020000000        0x4 ./Core/Src/main.o
 .data.last_integer.3
                0x0000000020000004        0x4 ./Core/Src/main.o
 .data.last_vcodiv.1
                0x0000000020000008        0x4 ./Core/Src/main.o
 .data.SystemCoreClock
                0x000000002000000c        0x4 ./Core/Src/system_stm32h7xx.o
                0x000000002000000c                SystemCoreClock
 .data.SystemD2Clock
                0x0000000020000010        0x4 ./Core/Src/system_stm32h7xx.o
                0x0000000020000010                SystemD2Clock
 .data.uwTickFreq
                0x0000000020000014        0x1 ./Drivers/STM32H7xx_HAL_Driver/Src/stm32h7xx_hal.o
                0x0000000020000014                uwTickFreq
 *fill*         0x0000000020000015        0x3 
 .data.uwTickPrio
                0x0000000020000018        0x4 ./Drivers/STM32H7xx_HAL_Driver/Src/stm32h7xx_hal.o
                0x0000000020000018                uwTickPrio
 .data._impure_ptr
                0x000000002000001c        0x4 c:/st/stm32cubeide_1.9.0/stm32cubeide/plugins/com.st.stm32cube.ide.mcu.externaltools.gnu-tools-for-stm32.10.3-2021.10.win32_1.0.100.202210260954/tools/bin/../lib/gcc/arm-none-eabi/10.3.1/../../../../arm-none-eabi/lib/thumb/v7e-m+dp/hard\libc_nano.a(lib_a-impure.o)
                0x000000002000001c                _impure_ptr
 .data.impure_data
                0x0000000020000020       0x60 c:/st/stm32cubeide_1.9.0/stm32cubeide/plugins/com.st.stm32cube.ide.mcu.externaltools.gnu-tools-for-stm32.10.3-2021.10.win32_1.0.100.202210260954/tools/bin/../lib/gcc/arm-none-eabi/10.3.1/../../../../arm-none-eabi/lib/thumb/v7e-m+dp/hard\libc_nano.a(lib_a-impure.o)
 *(.RamFunc)
 *(.RamFunc*)
                0x0000000020000080                . = ALIGN (0x4)
                0x0000000020000080                _edata = .

.igot.plt       0x0000000020000080        0x0 load address 0x0000000008007850
 .igot.plt      0x0000000020000080        0x0 c:/st/stm32cubeide_1.9.0/stm32cubeide/plugins/com.st.stm32cube.ide.mcu.externaltools.gnu-tools-for-stm32.10.3-2021.10.win32_1.0.100.202210260954/tools/bin/../lib/gcc/arm-none-eabi/10.3.1/thumb/v7e-m+dp/hard/crtbegin.o
                0x0000000020000080                . = ALIGN (0x4)

.bss            0x0000000020000080      0x298 load address 0x0000000008007850
                0x0000000020000080                _sbss = .
                0x0000000020000080                __bss_start__ = _sbss
 *(.bss)
 .bss           0x0000000020000080       0x1c c:/st/stm32cubeide_1.9.0/stm32cubeide/plugins/com.st.stm32cube.ide.mcu.externaltools.gnu-tools-for-stm32.10.3-2021.10.win32_1.0.100.202210260954/tools/bin/../lib/gcc/arm-none-eabi/10.3.1/thumb/v7e-m+dp/hard/crtbegin.o
 *(.bss*)
 .bss.dac_enabled.5
                0x000000002000009c        0x1 ./Core/Src/main.o
 *fill*         0x000000002000009d        0x3 
 .bss.hdac1     0x00000000200000a0       0x14 ./Core/Src/main.o
                0x00000000200000a0                hdac1
 .bss.hhrtim    0x00000000200000b4       0xdc ./Core/Src/main.o
                0x00000000200000b4                hhrtim
 .bss.hlptim1   0x0000000020000190       0x38 ./Core/Src/main.o
                0x0000000020000190                hlptim1
 .bss.htim1     0x00000000200001c8       0x4c ./Core/Src/main.o
                0x00000000200001c8                htim1
 .bss.htim3     0x0000000020000214       0x4c ./Core/Src/main.o
                0x0000000020000214                htim3
 .bss.huart3    0x0000000020000260       0x94 ./Core/Src/main.o
                0x0000000020000260                huart3
 .bss.i.0       0x00000000200002f4        0x4 ./Core/Src/main.o
 .bss.pop_cycle_count
                0x00000000200002f8        0x4 ./Core/Src/main.o
 .bss.pop_running
                0x00000000200002fc        0x1 ./Core/Src/main.o
 .bss.synth_init.4
                0x00000000200002fd        0x1 ./Core/Src/main.o
 *fill*         0x00000000200002fe        0x2 
 .bss.__sbrk_heap_end
                0x0000000020000300        0x4 ./Core/Src/sysmem.o
 .bss.uwTick    0x0000000020000304        0x4 ./Drivers/STM32H7xx_HAL_Driver/Src/stm32h7xx_hal.o
                0x0000000020000304                uwTick
 .bss.__lock___malloc_recursive_mutex
                0x0000000020000308        0x1 c:/st/stm32cubeide_1.9.0/stm32cubeide/plugins/com.st.stm32cube.ide.mcu.externaltools.gnu-tools-for-stm32.10.3-2021.10.win32_1.0.100.202210260954/tools/bin/../lib/gcc/arm-none-eabi/10.3.1/../../../../arm-none-eabi/lib/thumb/v7e-m+dp/hard\libc_nano.a(lib_a-lock.o)
                0x0000000020000308                __lock___malloc_recursive_mutex
 .bss.__lock___sfp_recursive_mutex
                0x0000000020000309        0x1 c:/st/stm32cubeide_1.9.0/stm32cubeide/plugins/com.st.stm32cube.ide.mcu.externaltools.gnu-tools-for-stm32.10.3-2021.10.win32_1.0.100.202210260954/tools/bin/../lib/gcc/arm-none-eabi/10.3.1/../../../../arm-none-eabi/lib/thumb/v7e-m+dp/hard\libc_nano.a(lib_a-lock.o)
                0x0000000020000309                __lock___sfp_recursive_mutex
 .bss.__lock___sinit_recursive_mutex
                0x000000002000030a        0x1 c:/st/stm32cubeide_1.9.0/stm32cubeide/plugins/com.st.stm32cube.ide.mcu.externaltools.gnu-tools-for-stm32.10.3-2021.10.win32_1.0.100.202210260954/tools/bin/../lib/gcc/arm-none-eabi/10.3.1/../../../../arm-none-eabi/lib/thumb/v7e-m+dp/hard\libc_nano.a(lib_a-lock.o)
                0x000000002000030a                __lock___sinit_recursive_mutex
 *fill*         0x000000002000030b        0x1 
 .bss.__malloc_free_list
                0x000000002000030c        0x4 c:/st/stm32cubeide_1.9.0/stm32cubeide/plugins/com.st.stm32cube.ide.mcu.externaltools.gnu-tools-for-stm32.10.3-2021.10.win32_1.0.100.202210260954/tools/bin/../lib/gcc/arm-none-eabi/10.3.1/../../../../arm-none-eabi/lib/thumb/v7e-m+dp/hard\libc_nano.a(lib_a-nano-mallocr.o)
                0x000000002000030c                __malloc_free_list
 .bss.__malloc_sbrk_start
                0x0000000020000310        0x4 c:/st/stm32cubeide_1.9.0/stm32cubeide/plugins/com.st.stm32cube.ide.mcu.externaltools.gnu-tools-for-stm32.10.3-2021.10.win32_1.0.100.202210260954/tools/bin/../lib/gcc/arm-none-eabi/10.3.1/../../../../arm-none-eabi/lib/thumb/v7e-m+dp/hard\libc_nano.a(lib_a-nano-mallocr.o)
                0x0000000020000310                __malloc_sbrk_start
 .bss.errno     0x0000000020000314        0x4 c:/st/stm32cubeide_1.9.0/stm32cubeide/plugins/com.st.stm32cube.ide.mcu.externaltools.gnu-tools-for-stm32.10.3-2021.10.win32_1.0.100.202210260954/tools/bin/../lib/gcc/arm-none-eabi/10.3.1/../../../../arm-none-eabi/lib/thumb/v7e-m+dp/hard\libc_nano.a(lib_a-reent.o)
                0x0000000020000314                errno
 *(COMMON)
                0x0000000020000318                . = ALIGN (0x4)
                0x0000000020000318                _ebss = .
                0x0000000020000318                __bss_end__ = _ebss

._user_heap_stack
                0x0000000020000318      0x600 load address 0x0000000008007850
                0x0000000020000318                . = ALIGN (0x8)
                [!provide]                        PROVIDE (end = .)
                0x0000000020000318                PROVIDE (_end = .)
                0x0000000020000518                . = (. + _Min_Heap_Size)
 *fill*         0x0000000020000318      0x200 
                0x0000000020000918                . = (. + _Min_Stack_Size)
 *fill*         0x0000000020000518      0x400 
                0x0000000020000918                . = ALIGN (0x8)

/DISCARD/
 libc.a(*)
 libm.a(*)
 libgcc.a(*)

.ARM.attributes
                0x0000000000000000       0x2e
 *(.ARM.attributes)
 .ARM.attributes
                0x0000000000000000       0x1e c:/st/stm32cubeide_1.9.0/stm32cubeide/plugins/com.st.stm32cube.ide.mcu.externaltools.gnu-tools-for-stm32.10.3-2021.10.win32_1.0.100.202210260954/tools/bin/../lib/gcc/arm-none-eabi/10.3.1/thumb/v7e-m+dp/hard/crti.o
 .ARM.attributes
                0x000000000000001e       0x32 c:/st/stm32cubeide_1.9.0/stm32cubeide/plugins/com.st.stm32cube.ide.mcu.externaltools.gnu-tools-for-stm32.10.3-2021.10.win32_1.0.100.202210260954/tools/bin/../lib/gcc/arm-none-eabi/10.3.1/thumb/v7e-m+dp/hard/crtbegin.o
 .ARM.attributes
                0x0000000000000050       0x32 ./Core/Src/main.o
 .ARM.attributes
                0x0000000000000082       0x32 ./Core/Src/stm32h7xx_hal_msp.o
 .ARM.attributes
                0x00000000000000b4       0x32 ./Core/Src/stm32h7xx_it.o
 .ARM.attributes
                0x00000000000000e6       0x32 ./Core/Src/syscalls.o
 .ARM.attributes
                0x0000000000000118       0x32 ./Core/Src/sysmem.o
 .ARM.attributes
                0x000000000000014a       0x32 ./Core/Src/system_stm32h7xx.o
 .ARM.attributes
                0x000000000000017c       0x21 ./Core/Startup/startup_stm32h743zitx.o
 .ARM.attributes
                0x000000000000019d       0x32 ./Drivers/STM32H7xx_HAL_Driver/Src/stm32h7xx_hal.o
 .ARM.attributes
                0x00000000000001cf       0x32 ./Drivers/STM32H7xx_HAL_Driver/Src/stm32h7xx_hal_cortex.o
 .ARM.attributes
                0x0000000000000201       0x32 ./Drivers/STM32H7xx_HAL_Driver/Src/stm32h7xx_hal_dac.o
 .ARM.attributes
                0x0000000000000233       0x32 ./Drivers/STM32H7xx_HAL_Driver/Src/stm32h7xx_hal_gpio.o
 .ARM.attributes
                0x0000000000000265       0x32 ./Drivers/STM32H7xx_HAL_Driver/Src/stm32h7xx_hal_hrtim.o
 .ARM.attributes
                0x0000000000000297       0x32 ./Drivers/STM32H7xx_HAL_Driver/Src/stm32h7xx_hal_lptim.o
 .ARM.attributes
                0x00000000000002c9       0x32 ./Drivers/STM32H7xx_HAL_Driver/Src/stm32h7xx_hal_pwr.o
 .ARM.attributes
                0x00000000000002fb       0x32 ./Drivers/STM32H7xx_HAL_Driver/Src/stm32h7xx_hal_pwr_ex.o
 .ARM.attributes
                0x000000000000032d       0x32 ./Drivers/STM32H7xx_HAL_Driver/Src/stm32h7xx_hal_rcc.o
 .ARM.attributes
                0x000000000000035f       0x32 ./Drivers/STM32H7xx_HAL_Driver/Src/stm32h7xx_hal_rcc_ex.o
 .ARM.attributes
                0x0000000000000391       0x32 ./Drivers/STM32H7xx_HAL_Driver/Src/stm32h7xx_hal_tim.o
 .ARM.attributes
                0x00000000000003c3       0x32 ./Drivers/STM32H7xx_HAL_Driver/Src/stm32h7xx_hal_tim_ex.o
 .ARM.attributes
                0x00000000000003f5       0x32 ./Drivers/STM32H7xx_HAL_Driver/Src/stm32h7xx_hal_uart.o
 .ARM.attributes
                0x0000000000000427       0x32 ./Drivers/STM32H7xx_HAL_Driver/Src/stm32h7xx_hal_uart_ex.o
 .ARM.attributes
                0x0000000000000459       0x32 c:/st/stm32cubeide_1.9.0/stm32cubeide/plugins/com.st.stm32cube.ide.mcu.externaltools.gnu-tools-for-stm32.10.3-2021.10.win32_1.0.100.202210260954/tools/bin/../lib/gcc/arm-none-eabi/10.3.1/../../../../arm-none-eabi/lib/thumb/v7e-m+dp/hard\libc_nano.a(lib_a-errno.o)
 .ARM.attributes
                0x000000000000048b       0x32 c:/st/stm32cubeide_1.9.0/stm32cubeide/plugins/com.st.stm32cube.ide.mcu.externaltools.gnu-tools-for-stm32.10.3-2021.10.win32_1.0.100.202210260954/tools/bin/../lib/gcc/arm-none-eabi/10.3.1/../../../../arm-none-eabi/lib/thumb/v7e-m+dp/hard\libc_nano.a(lib_a-impure.o)
 .ARM.attributes
                0x00000000000004bd       0x32 c:/st/stm32cubeide_1.9.0/stm32cubeide/plugins/com.st.stm32cube.ide.mcu.externaltools.gnu-tools-for-stm32.10.3-2021.10.win32_1.0.100.202210260954/tools/bin/../lib/gcc/arm-none-eabi/10.3.1/../../../../arm-none-eabi/lib/thumb/v7e-m+dp/hard\libc_nano.a(lib_a-init.o)
 .ARM.attributes
                0x00000000000004ef       0x32 c:/st/stm32cubeide_1.9.0/stm32cubeide/plugins/com.st.stm32cube.ide.mcu.externaltools.gnu-tools-for-stm32.10.3-2021.10.win32_1.0.100.202210260954/tools/bin/../lib/gcc/arm-none-eabi/10.3.1/../../../../arm-none-eabi/lib/thumb/v7e-m+dp/hard\libc_nano.a(lib_a-memcpy-stub.o)
 .ARM.attributes
                0x0000000000000521       0x32 c:/st/stm32cubeide_1.9.0/stm32cubeide/plugins/com.st.stm32cube.ide.mcu.externaltools.gnu-tools-for-stm32.10.3-2021.10.win32_1.0.100.202210260954/tools/bin/../lib/gcc/arm-none-eabi/10.3.1/../../../../arm-none-eabi/lib/thumb/v7e-m+dp/hard\libc_nano.a(lib_a-memset.o)
 .ARM.attributes
                0x0000000000000553       0x32 c:/st/stm32cubeide_1.9.0/stm32cubeide/plugins/com.st.stm32cube.ide.mcu.externaltools.gnu-tools-for-stm32.10.3-2021.10.win32_1.0.100.202210260954/tools/bin/../lib/gcc/arm-none-eabi/10.3.1/../../../../arm-none-eabi/lib/thumb/v7e-m+dp/hard\libc_nano.a(lib_a-printf.o)
 .ARM.attributes
                0x0000000000000585       0x32 c:/st/stm32cubeide_1.9.0/stm32cubeide/plugins/com.st.stm32cube.ide.mcu.externaltools.gnu-tools-for-stm32.10.3-2021.10.win32_1.0.100.202210260954/tools/bin/../lib/gcc/arm-none-eabi/10.3.1/../../../../arm-none-eabi/lib/thumb/v7e-m+dp/hard\libc_nano.a(lib_a-puts.o)
 .ARM.attributes
                0x00000000000005b7       0x32 c:/st/stm32cubeide_1.9.0/stm32cubeide/plugins/com.st.stm32cube.ide.mcu.externaltools.gnu-tools-for-stm32.10.3-2021.10.win32_1.0.100.202210260954/tools/bin/../lib/gcc/arm-none-eabi/10.3.1/../../../../arm-none-eabi/lib/thumb/v7e-m+dp/hard\libc_nano.a(lib_a-wbuf.o)
 .ARM.attributes
                0x00000000000005e9       0x32 c:/st/stm32cubeide_1.9.0/stm32cubeide/plugins/com.st.stm32cube.ide.mcu.externaltools.gnu-tools-for-stm32.10.3-2021.10.win32_1.0.100.202210260954/tools/bin/../lib/gcc/arm-none-eabi/10.3.1/../../../../arm-none-eabi/lib/thumb/v7e-m+dp/hard\libc_nano.a(lib_a-wsetup.o)
 .ARM.attributes
                0x000000000000061b       0x32 c:/st/stm32cubeide_1.9.0/stm32cubeide/plugins/com.st.stm32cube.ide.mcu.externaltools.gnu-tools-for-stm32.10.3-2021.10.win32_1.0.100.202210260954/tools/bin/../lib/gcc/arm-none-eabi/10.3.1/../../../../arm-none-eabi/lib/thumb/v7e-m+dp/hard\libc_nano.a(lib_a-fflush.o)
 .ARM.attributes
                0x000000000000064d       0x32 c:/st/stm32cubeide_1.9.0/stm32cubeide/plugins/com.st.stm32cube.ide.mcu.externaltools.gnu-tools-for-stm32.10.3-2021.10.win32_1.0.100.202210260954/tools/bin/../lib/gcc/arm-none-eabi/10.3.1/../../../../arm-none-eabi/lib/thumb/v7e-m+dp/hard\libc_nano.a(lib_a-findfp.o)
 .ARM.attributes
                0x000000000000067f       0x32 c:/st/stm32cubeide_1.9.0/stm32cubeide/plugins/com.st.stm32cube.ide.mcu.externaltools.gnu-tools-for-stm32.10.3-2021.10.win32_1.0.100.202210260954/tools/bin/../lib/gcc/arm-none-eabi/10.3.1/../../../../arm-none-eabi/lib/thumb/v7e-m+dp/hard\libc_nano.a(lib_a-fwalk.o)
 .ARM.attributes
                0x00000000000006b1       0x32 c:/st/stm32cubeide_1.9.0/stm32cubeide/plugins/com.st.stm32cube.ide.mcu.externaltools.gnu-tools-for-stm32.10.3-2021.10.win32_1.0.100.202210260954/tools/bin/../lib/gcc/arm-none-eabi/10.3.1/../../../../arm-none-eabi/lib/thumb/v7e-m+dp/hard\libc_nano.a(lib_a-lock.o)
 .ARM.attributes
                0x00000000000006e3       0x32 c:/st/stm32cubeide_1.9.0/stm32cubeide/plugins/com.st.stm32cube.ide.mcu.externaltools.gnu-tools-for-stm32.10.3-2021.10.win32_1.0.100.202210260954/tools/bin/../lib/gcc/arm-none-eabi/10.3.1/../../../../arm-none-eabi/lib/thumb/v7e-m+dp/hard\libc_nano.a(lib_a-makebuf.o)
 .ARM.attributes
                0x0000000000000715       0x32 c:/st/stm32cubeide_1.9.0/stm32cubeide/plugins/com.st.stm32cube.ide.mcu.externaltools.gnu-tools-for-stm32.10.3-2021.10.win32_1.0.100.202210260954/tools/bin/../lib/gcc/arm-none-eabi/10.3.1/../../../../arm-none-eabi/lib/thumb/v7e-m+dp/hard\libc_nano.a(lib_a-nano-freer.o)
 .ARM.attributes
                0x0000000000000747       0x32 c:/st/stm32cubeide_1.9.0/stm32cubeide/plugins/com.st.stm32cube.ide.mcu.externaltools.gnu-tools-for-stm32.10.3-2021.10.win32_1.0.100.202210260954/tools/bin/../lib/gcc/arm-none-eabi/10.3.1/../../../../arm-none-eabi/lib/thumb/v7e-m+dp/hard\libc_nano.a(lib_a-nano-mallocr.o)
 .ARM.attributes
                0x0000000000000779       0x32 c:/st/stm32cubeide_1.9.0/stm32cubeide/plugins/com.st.stm32cube.ide.mcu.externaltools.gnu-tools-for-stm32.10.3-2021.10.win32_1.0.100.202210260954/tools/bin/../lib/gcc/arm-none-eabi/10.3.1/../../../../arm-none-eabi/lib/thumb/v7e-m+dp/hard\libc_nano.a(lib_a-nano-vfprintf.o)
 .ARM.attributes
                0x00000000000007ab       0x32 c:/st/stm32cubeide_1.9.0/stm32cubeide/plugins/com.st.stm32cube.ide.mcu.externaltools.gnu-tools-for-stm32.10.3-2021.10.win32_1.0.100.202210260954/tools/bin/../lib/gcc/arm-none-eabi/10.3.1/../../../../arm-none-eabi/lib/thumb/v7e-m+dp/hard\libc_nano.a(lib_a-nano-vfprintf_i.o)
 .ARM.attributes
                0x00000000000007dd       0x32 c:/st/stm32cubeide_1.9.0/stm32cubeide/plugins/com.st.stm32cube.ide.mcu.externaltools.gnu-tools-for-stm32.10.3-2021.10.win32_1.0.100.202210260954/tools/bin/../lib/gcc/arm-none-eabi/10.3.1/../../../../arm-none-eabi/lib/thumb/v7e-m+dp/hard\libc_nano.a(lib_a-sbrkr.o)
 .ARM.attributes
                0x000000000000080f       0x32 c:/st/stm32cubeide_1.9.0/stm32cubeide/plugins/com.st.stm32cube.ide.mcu.externaltools.gnu-tools-for-stm32.10.3-2021.10.win32_1.0.100.202210260954/tools/bin/../lib/gcc/arm-none-eabi/10.3.1/../../../../arm-none-eabi/lib/thumb/v7e-m+dp/hard\libc_nano.a(lib_a-stdio.o)
 .ARM.attributes
                0x0000000000000841       0x32 c:/st/stm32cubeide_1.9.0/stm32cubeide/plugins/com.st.stm32cube.ide.mcu.externaltools.gnu-tools-for-stm32.10.3-2021.10.win32_1.0.100.202210260954/tools/bin/../lib/gcc/arm-none-eabi/10.3.1/../../../../arm-none-eabi/lib/thumb/v7e-m+dp/hard\libc_nano.a(lib_a-writer.o)
 .ARM.attributes
                0x0000000000000873       0x32 c:/st/stm32cubeide_1.9.0/stm32cubeide/plugins/com.st.stm32cube.ide.mcu.externaltools.gnu-tools-for-stm32.10.3-2021.10.win32_1.0.100.202210260954/tools/bin/../lib/gcc/arm-none-eabi/10.3.1/../../../../arm-none-eabi/lib/thumb/v7e-m+dp/hard\libc_nano.a(lib_a-closer.o)
 .ARM.attributes
                0x00000000000008a5       0x32 c:/st/stm32cubeide_1.9.0/stm32cubeide/plugins/com.st.stm32cube.ide.mcu.externaltools.gnu-tools-for-stm32.10.3-2021.10.win32_1.0.100.202210260954/tools/bin/../lib/gcc/arm-none-eabi/10.3.1/../../../../arm-none-eabi/lib/thumb/v7e-m+dp/hard\libc_nano.a(lib_a-fstatr.o)
 .ARM.attributes
                0x00000000000008d7       0x32 c:/st/stm32cubeide_1.9.0/stm32cubeide/plugins/com.st.stm32cube.ide.mcu.externaltools.gnu-tools-for-stm32.10.3-2021.10.win32_1.0.100.202210260954/tools/bin/../lib/gcc/arm-none-eabi/10.3.1/../../../../arm-none-eabi/lib/thumb/v7e-m+dp/hard\libc_nano.a(lib_a-isattyr.o)
 .ARM.attributes
                0x0000000000000909       0x32 c:/st/stm32cubeide_1.9.0/stm32cubeide/plugins/com.st.stm32cube.ide.mcu.externaltools.gnu-tools-for-stm32.10.3-2021.10.win32_1.0.100.202210260954/tools/bin/../lib/gcc/arm-none-eabi/10.3.1/../../../../arm-none-eabi/lib/thumb/v7e-m+dp/hard\libc_nano.a(lib_a-lseekr.o)
 .ARM.attributes
                0x000000000000093b       0x1c c:/st/stm32cubeide_1.9.0/stm32cubeide/plugins/com.st.stm32cube.ide.mcu.externaltools.gnu-tools-for-stm32.10.3-2021.10.win32_1.0.100.202210260954/tools/bin/../lib/gcc/arm-none-eabi/10.3.1/../../../../arm-none-eabi/lib/thumb/v7e-m+dp/hard\libc_nano.a(lib_a-memchr.o)
 .ARM.attributes
                0x0000000000000957       0x32 c:/st/stm32cubeide_1.9.0/stm32cubeide/plugins/com.st.stm32cube.ide.mcu.externaltools.gnu-tools-for-stm32.10.3-2021.10.win32_1.0.100.202210260954/tools/bin/../lib/gcc/arm-none-eabi/10.3.1/../../../../arm-none-eabi/lib/thumb/v7e-m+dp/hard\libc_nano.a(lib_a-mlock.o)
 .ARM.attributes
                0x0000000000000989       0x32 c:/st/stm32cubeide_1.9.0/stm32cubeide/plugins/com.st.stm32cube.ide.mcu.externaltools.gnu-tools-for-stm32.10.3-2021.10.win32_1.0.100.202210260954/tools/bin/../lib/gcc/arm-none-eabi/10.3.1/../../../../arm-none-eabi/lib/thumb/v7e-m+dp/hard\libc_nano.a(lib_a-readr.o)
 .ARM.attributes
                0x00000000000009bb       0x32 c:/st/stm32cubeide_1.9.0/stm32cubeide/plugins/com.st.stm32cube.ide.mcu.externaltools.gnu-tools-for-stm32.10.3-2021.10.win32_1.0.100.202210260954/tools/bin/../lib/gcc/arm-none-eabi/10.3.1/../../../../arm-none-eabi/lib/thumb/v7e-m+dp/hard\libc_nano.a(lib_a-reent.o)
 .ARM.attributes
                0x00000000000009ed       0x1e c:/st/stm32cubeide_1.9.0/stm32cubeide/plugins/com.st.stm32cube.ide.mcu.externaltools.gnu-tools-for-stm32.10.3-2021.10.win32_1.0.100.202210260954/tools/bin/../lib/gcc/arm-none-eabi/10.3.1/thumb/v7e-m+dp/hard\libgcc.a(_aeabi_uldivmod.o)
 .ARM.attributes
                0x0000000000000a0b       0x32 c:/st/stm32cubeide_1.9.0/stm32cubeide/plugins/com.st.stm32cube.ide.mcu.externaltools.gnu-tools-for-stm32.10.3-2021.10.win32_1.0.100.202210260954/tools/bin/../lib/gcc/arm-none-eabi/10.3.1/thumb/v7e-m+dp/hard\libgcc.a(_udivmoddi4.o)
 .ARM.attributes
                0x0000000000000a3d       0x1e c:/st/stm32cubeide_1.9.0/stm32cubeide/plugins/com.st.stm32cube.ide.mcu.externaltools.gnu-tools-for-stm32.10.3-2021.10.win32_1.0.100.202210260954/tools/bin/../lib/gcc/arm-none-eabi/10.3.1/thumb/v7e-m+dp/hard\libgcc.a(_dvmd_tls.o)
 .ARM.attributes
                0x0000000000000a5b       0x1e c:/st/stm32cubeide_1.9.0/stm32cubeide/plugins/com.st.stm32cube.ide.mcu.externaltools.gnu-tools-for-stm32.10.3-2021.10.win32_1.0.100.202210260954/tools/bin/../lib/gcc/arm-none-eabi/10.3.1/thumb/v7e-m+dp/hard/crtn.o
OUTPUT(atomic_clock.elf elf32-littlearm)
LOAD linker stubs
LOAD c:/st/stm32cubeide_1.9.0/stm32cubeide/plugins/com.st.stm32cube.ide.mcu.externaltools.gnu-tools-for-stm32.10.3-2021.10.win32_1.0.100.202210260954/tools/bin/../lib/gcc/arm-none-eabi/10.3.1/../../../../arm-none-eabi/lib/thumb/v7e-m+dp/hard\libc.a
LOAD c:/st/stm32cubeide_1.9.0/stm32cubeide/plugins/com.st.stm32cube.ide.mcu.externaltools.gnu-tools-for-stm32.10.3-2021.10.win32_1.0.100.202210260954/tools/bin/../lib/gcc/arm-none-eabi/10.3.1/../../../../arm-none-eabi/lib/thumb/v7e-m+dp/hard\libm.a
LOAD c:/st/stm32cubeide_1.9.0/stm32cubeide/plugins/com.st.stm32cube.ide.mcu.externaltools.gnu-tools-for-stm32.10.3-2021.10.win32_1.0.100.202210260954/tools/bin/../lib/gcc/arm-none-eabi/10.3.1/thumb/v7e-m+dp/hard\libgcc.a

.comment        0x0000000000000000       0x50
 .comment       0x0000000000000000       0x50 ./Core/Src/main.o
                                         0x51 (size before relaxing)
 .comment       0x0000000000000050       0x51 ./Core/Src/stm32h7xx_hal_msp.o
 .comment       0x0000000000000050       0x51 ./Core/Src/stm32h7xx_it.o
 .comment       0x0000000000000050       0x51 ./Core/Src/syscalls.o
 .comment       0x0000000000000050       0x51 ./Core/Src/sysmem.o
 .comment       0x0000000000000050       0x51 ./Core/Src/system_stm32h7xx.o
 .comment       0x0000000000000050       0x51 ./Drivers/STM32H7xx_HAL_Driver/Src/stm32h7xx_hal.o
 .comment       0x0000000000000050       0x51 ./Drivers/STM32H7xx_HAL_Driver/Src/stm32h7xx_hal_cortex.o
 .comment       0x0000000000000050       0x51 ./Drivers/STM32H7xx_HAL_Driver/Src/stm32h7xx_hal_dac.o
 .comment       0x0000000000000050       0x51 ./Drivers/STM32H7xx_HAL_Driver/Src/stm32h7xx_hal_gpio.o
 .comment       0x0000000000000050       0x51 ./Drivers/STM32H7xx_HAL_Driver/Src/stm32h7xx_hal_hrtim.o